<html>
<body>
<pre>
<h1>µVision Build Log</h1>
<h2>Tool Versions:</h2>
IDE-Version: µVision V5.16a
Copyright (C) 2015 ARM Ltd and ARM Germany GmbH. All rights reserved.
License Information: cv ed, rfrf, LIC=R4HMM-XLZGT-IMP9B-2BZBU-NV0Y3-3Z1MP
 
Tool Versions:
Toolchain:       MDK-ARM Professional  Version: 5.16a
Toolchain Path:  C:\Keil_v5\ARM\ARMCC\Bin
C Compiler:      Armcc.exe V5.06 (build 20)
Assembler:       Armasm.exe V5.06 (build 20)
Linker/Locator:  ArmLink.exe V5.06 (build 20)
Library Manager: ArmAr.exe V5.06 (build 20)
Hex Converter:   FromElf.exe V5.06 (build 20)
CPU DLL:         SARMCM3.DLL V5.16a
Dialog DLL:      DCM.DLL V1.13.2.0
Target DLL:      STLink\ST-LINKIII-KEIL_SWO.dll V2.0.17.0
Dialog DLL:      TCM.DLL V1.14.5.0
 
<h2>Project:</h2>
C:\Users\adria\Documents\Workspace\Keil_uVision\STM32F746_Discovery\STM32F7_ADC_DMA_LCD\Tutorial.uvprojx
Project File Date:  11/13/2015

<h2>Output:</h2>
*** Using Compiler 'V5.06 (build 20)', folder: 'C:\Keil_v5\ARM\ARMCC\Bin'
Build target 'Target 1'
compiling main.c...
linking...
Program Size: Code=69692 RO-data=19012 RW-data=728 ZI-data=2539504  
FromELF: creating hex file...
".\Objects\Tutorial.axf" - 0 Error(s), 0 Warning(s).

<h2>Software Packages used:</h2>

Package Vendor: ARM
                http://www.keil.com/pack/ARM.CMSIS.4.4.0.pack
                ::CMSIS:RTOS:1.0 (API)
                CMSIS (Cortex Microcontroller Software Interface Standard)
   * Component: RTOS Version: 1.0
   * Component: Keil RTX Version: 4.79.0
   * Component: CORE Version: 4.2.0

Package Vendor: Keil
                http://www.keil.com/pack/Keil.MDK-Middleware.7.0.0-beta.pack
                ::Board Support:LED:1.00 (API)
                Keil MDK-ARM Professional Middleware for ARM Cortex-M based devices
   * Component: LED Version: 1.00
   * Component: Touchscreen Version: 1.00
   * Component: emWin LCD Version: 1.1
   * Component: Buttons Version: 1.00
   * Component: CORE Version: 5.30.0
   * Component: GUI Builder Version: 5.30.0
   * Component: Touchscreen Version: 5.30.0

Package Vendor: Keil
                http://www.keil.com/pack/Keil.STM32F7xx_DFP.2.2.0.pack
                Keil::Device:STM32Cube HAL:Common:1.0.1
                STMicroelectronics STM32F7 Series Device Support, Drivers and Examples
   * Component: Common Version: 1.0.1
   * Component: ADC Version: 1.0.1
   * Component: Classic Version: 1.0.0
   * Component: STM32Cube Framework Version: 
   * Component: Startup Version: 1.0.1
   * Component: DMA2D Version: 1.0.1
   * Component: LTDC Version: 1.0.1
   * Component: GPIO Version: 1.0.1
   * Component: SDRAM Version: 1.0.1
   * Component: I2C Version: 1.0.1
   * Component: DMA Version: 1.0.1
   * Component: Cortex Version: 1.0.1
   * Component: RCC Version: 1.0.1
   * Component: PWR Version: 1.0.1
   * Component: LED Version: 1.0.0
   * Component: Buttons Version: 1.0.0
   * Component: SDRAM Version: 1.0.0
   * Component: UART Version: 1.0.1
   * Component: Touchscreen Version: 1.0.0
   * Component: emWin LCD Variant: RGB IF Version: 1.0.0
   * Component: Basic I/O Version: 1.0.0
   * Component: Touch Screen Version: 1.0.0
   * Component: STM32F746G-Discovery Variant: RGB IF Version: 1.0.0

<h2>Collection of Component include folders:</h2>
  C:\Users\adria\Documents\Workspace\Keil_uVision\STM32F746_Discovery\STM32F7_ADC_DMA_LCD\RTE
  C:\Users\adria\Documents\Workspace\Keil_uVision\STM32F746_Discovery\STM32F7_ADC_DMA_LCD\RTE\Device\STM32F746NGHx
  C:\Keil_v5\ARM\PACK\ARM\CMSIS\4.4.0\CMSIS\Include
  C:\Keil_v5\ARM\PACK\ARM\CMSIS\4.4.0\CMSIS\RTOS\RTX\INC
  C:\Keil_v5\ARM\PACK\Keil\MDK-Middleware\7.0.0-beta\Board
  C:\Keil_v5\ARM\PACK\Keil\MDK-Middleware\7.0.0-beta\emWin\Include
  C:\Keil_v5\ARM\PACK\Keil\STM32F7xx_DFP\2.2.0\Drivers\BSP\STM32746G-Discovery
  C:\Keil_v5\ARM\PACK\Keil\STM32F7xx_DFP\2.2.0\Drivers\CMSIS\Device\ST\STM32F7xx\Include
  C:\Keil_v5\ARM\PACK\Keil\STM32F7xx_DFP\2.2.0\Drivers\STM32F7xx_HAL_Driver\Inc

<h2>Collection of Component Files used:</h2>

   * Component: ::CMSIS:RTOS:1.0 (API)

   * Component: ARM::CMSIS:RTOS:Keil RTX:4.79.0
      Source file:   CMSIS\RTOS\RTX\UserCodeTemplates\Semaphore.c
      Source file:   CMSIS\RTOS\RTX\UserCodeTemplates\Thread.c
      Source file:   CMSIS\RTOS\RTX\UserCodeTemplates\main.c
      Include file:  CMSIS\RTOS\RTX\INC\cmsis_os.h
      Source file:   CMSIS\RTOS\RTX\UserCodeTemplates\Timer.c
      Source file:   CMSIS\RTOS\RTX\UserCodeTemplates\MailQueue.c
      Source file:   CMSIS\RTOS\RTX\Templates\RTX_Conf_CM.c
      Source file:   CMSIS\RTOS\RTX\UserCodeTemplates\Mutex.c
      Source file:   CMSIS\RTOS\RTX\UserCodeTemplates\MsgQueue.c
      Source file:   CMSIS\RTOS\RTX\UserCodeTemplates\MemPool.c
      Library file:  CMSIS\RTOS\RTX\LIB\ARM\RTX_CM4.lib
      Source file:   CMSIS\RTOS\RTX\SRC\ARM\SVC_Table.s
      Include file:  CMSIS\RTOS\RTX\UserCodeTemplates\osObjects.h

   * Component: ARM::CMSIS:CORE:4.2.0

   * Component: ::Board Support:LED:1.00 (API)
      Include file:  Board\Board_LED.h

   * Component: ::Board Support:Touchscreen:1.00 (API)
      Include file:  Board\Board_Touch.h

   * Component: ::Board Support:emWin LCD:1.1 (API)
      Include file:  emWin\Include\LCD_X.h

   * Component: ::Board Support:Buttons:1.00 (API)
      Include file:  Board\Board_Buttons.h

   * Component: Segger.MDK-Pro::Graphics:CORE:5.30.0
      Source file:   emWin\Sample\Config\GUIConf.c
      Library file:  emWin\Lib\ARM\GUI_CM4F_L.lib
      Include file:  emWin\Include\GUI.h
      Source file:   emWin\Sample\GUI_X\GUI_X_RTE.c
      Source file:   emWin\Sample\Template\GUI_TemplateThread.c
      Source file:   emWin\Sample\Template\GUI_SingleThread.c
      Source file:   emWin\Sample\Template\GUI_MultiThread.c

   * Component: Segger.MDK-Pro::Graphics:Tools:GUI Builder:5.30.0

   * Component: Segger.MDK-Pro::Graphics:Input Device:Touchscreen:5.30.0
      Source file:   emWin\Sample\GUI_X\GUI_X_Touch.c

   * Component: Keil::Device:STM32Cube HAL:Common:1.0.1
      Include file:  Drivers\STM32F7xx_HAL_Driver\Inc\stm32f7xx_hal.h
      Source file:   Drivers\STM32F7xx_HAL_Driver\Src\stm32f7xx_hal.c

   * Component: Keil::Device:STM32Cube HAL:ADC:1.0.1
      Source file:   Drivers\STM32F7xx_HAL_Driver\Src\stm32f7xx_hal_adc.c
      Source file:   Drivers\STM32F7xx_HAL_Driver\Src\stm32f7xx_hal_adc_ex.c

   * Component: Keil::Device:STM32Cube Framework:Classic:1.0.0
      Include file:  MDK\Templates\Inc\stm32f7xx_hal_conf.h
      Include file:  MDK\Templates\Inc\stm32f7xx_it.h
      Include file:  CMSIS\Driver\Config\RTE_Device.h
      Source file:   MDK\Templates\Src\main.c
      Include file:  MDK\Templates\Inc\main.h
      Source file:   MDK\Templates\Src\stm32f7xx_it.c
      Source file:   MDK\Templates\Src\stm32f7xx_hal_msp.c

   * Component: ::Device:STM32Cube Framework (API)

   * Component: Keil::Device:Startup:1.0.1
      Source file:   Drivers\CMSIS\Device\ST\STM32F7xx\Source\Templates\system_stm32f7xx.c
      Source file:   MDK\Device\Source\ARM\STM32F7xx_OPT.s
      Source file:   MDK\Device\Source\ARM\STM32F7xx_OTP.s
      Include file:  Drivers\CMSIS\Device\ST\STM32F7xx\Include\stm32f7xx.h
      Source file:   Drivers\CMSIS\Device\ST\STM32F7xx\Source\Templates\arm\startup_stm32f746xx.s

   * Component: Keil::Device:STM32Cube HAL:DMA2D:1.0.1
      Source file:   Drivers\STM32F7xx_HAL_Driver\Src\stm32f7xx_hal_dma2d.c

   * Component: Keil::Device:STM32Cube HAL:LTDC:1.0.1
      Source file:   Drivers\STM32F7xx_HAL_Driver\Src\stm32f7xx_hal_ltdc.c

   * Component: Keil::Device:STM32Cube HAL:GPIO:1.0.1
      Source file:   Drivers\STM32F7xx_HAL_Driver\Src\stm32f7xx_hal_gpio.c

   * Component: Keil::Device:STM32Cube HAL:SDRAM:1.0.1
      Source file:   Drivers\STM32F7xx_HAL_Driver\Src\stm32f7xx_hal_sdram.c
      Source file:   Drivers\STM32F7xx_HAL_Driver\Src\stm32f7xx_ll_fmc.c

   * Component: Keil::Device:STM32Cube HAL:I2C:1.0.1
      Source file:   Drivers\STM32F7xx_HAL_Driver\Src\stm32f7xx_hal_i2c.c
      Source file:   Drivers\STM32F7xx_HAL_Driver\Src\stm32f7xx_hal_i2c_ex.c

   * Component: Keil::Device:STM32Cube HAL:DMA:1.0.1
      Source file:   Drivers\STM32F7xx_HAL_Driver\Src\stm32f7xx_hal_dma_ex.c
      Source file:   Drivers\STM32F7xx_HAL_Driver\Src\stm32f7xx_hal_dma.c

   * Component: Keil::Device:STM32Cube HAL:Cortex:1.0.1
      Source file:   Drivers\STM32F7xx_HAL_Driver\Src\stm32f7xx_hal_cortex.c

   * Component: Keil::Device:STM32Cube HAL:RCC:1.0.1
      Source file:   Drivers\STM32F7xx_HAL_Driver\Src\stm32f7xx_hal_rcc.c
      Source file:   Drivers\STM32F7xx_HAL_Driver\Src\stm32f7xx_hal_rcc_ex.c

   * Component: Keil::Device:STM32Cube HAL:PWR:1.0.1
      Source file:   Drivers\STM32F7xx_HAL_Driver\Src\stm32f7xx_hal_pwr.c
      Source file:   Drivers\STM32F7xx_HAL_Driver\Src\stm32f7xx_hal_pwr_ex.c

   * Component: Keil.STM32F746G-Discovery::Board Support:LED:1.0.0
      Source file:   MDK\Boards\ST\STM32F746G_Discovery\Common\LED_746G_Discovery.c

   * Component: Keil.STM32F746G-Discovery::Board Support:Buttons:1.0.0
      Source file:   MDK\Boards\ST\STM32F746G_Discovery\Common\Buttons_746G_Discovery.c

   * Component: Keil.STM32F746G-Discovery::Board Support:Drivers:SDRAM:1.0.0
      Include file:  Drivers\BSP\STM32746G-Discovery\stm32746g_discovery_sdram.h
      Source file:   Drivers\BSP\STM32746G-Discovery\stm32746g_discovery_sdram.c

   * Component: Keil::Device:STM32Cube HAL:UART:1.0.1
      Source file:   Drivers\STM32F7xx_HAL_Driver\Src\stm32f7xx_hal_uart.c

   * Component: Keil.STM32F746G-Discovery::Board Support:Touchscreen:1.0.0
      Source file:   MDK\Boards\ST\STM32F746G_Discovery\Common\Touch_746G_Discovery.c

   * Component: Keil.STM32F746G-Discovery::Board Support:emWin LCD:RGB IF:1.0.0
      Source file:   MDK\Boards\ST\STM32F746G_Discovery\Common\LCD_X.c

   * Component: Keil.STM32F746G-Discovery::Board Support:Drivers:Basic I/O:1.0.0
      Include file:  Drivers\BSP\STM32746G-Discovery\stm32746g_discovery.h
      Source file:   Drivers\BSP\STM32746G-Discovery\stm32746g_discovery.c

   * Component: Keil.STM32F746G-Discovery::Board Support:Drivers:Touch Screen:1.0.0
      Include file:  Drivers\BSP\STM32746G-Discovery\stm32746g_discovery_ts.h
      Source file:   Drivers\BSP\STM32746G-Discovery\stm32746g_discovery_ts.c
      Source file:   Drivers\BSP\Components\ft5336\ft5336.c

   * Component: Keil::Graphics Display:STM32F746G-Discovery:RGB IF:1.0.0
      Source file:   MDK\Boards\ST\STM32F746G_Discovery\Common\LCDConf.c
Build Time Elapsed:  00:00:03
</pre>
</body>
</html>
