Component: ARM Compiler 5.06 (build 20) Tool: armlink [4d35a3]

==============================================================================

Section Cross References

    main.o(i.CPU_CACHE_Enable) refers to main.o(i.SCB_EnableDCache) for SCB_EnableDCache
    main.o(i.HAL_GetTick) refers to rt_time.o(.data) for os_time
    main.o(i.MPU_Config) refers to stm32f7xx_hal_cortex.o(i.HAL_MPU_ConfigRegion) for HAL_MPU_ConfigRegion
    main.o(i.SystemClock_Config) refers to stm32f7xx_hal_rcc.o(i.HAL_RCC_OscConfig) for HAL_RCC_OscConfig
    main.o(i.SystemClock_Config) refers to main.o(i.Error_Handler) for Error_Handler
    main.o(i.SystemClock_Config) refers to stm32f7xx_hal_pwr_ex.o(i.HAL_PWREx_EnableOverDrive) for HAL_PWREx_EnableOverDrive
    main.o(i.SystemClock_Config) refers to stm32f7xx_hal_rcc.o(i.HAL_RCC_ClockConfig) for HAL_RCC_ClockConfig
    main.o(i.main) refers to main.o(i.MPU_Config) for MPU_Config
    main.o(i.main) refers to main.o(i.CPU_CACHE_Enable) for CPU_CACHE_Enable
    main.o(i.main) refers to rt_cmsis.o(i.osKernelInitialize) for osKernelInitialize
    main.o(i.main) refers to stm32f7xx_hal.o(i.HAL_Init) for HAL_Init
    main.o(i.main) refers to stm32746g_discovery_sdram.o(i.BSP_SDRAM_Init) for BSP_SDRAM_Init
    main.o(i.main) refers to gui_core.o(i.GUI_Init) for GUI_Init
    main.o(i.main) refers to main.o(i.SystemClock_Config) for SystemClock_Config
    main.o(i.main) refers to rt_cmsis.o(i.osKernelStart) for osKernelStart
    main.o(i.main) refers to gui_core.o(i.GUI_Clear) for GUI_Clear
    main.o(i.main) refers to gui_setfont.o(i.GUI_SetFont) for GUI_SetFont
    main.o(i.main) refers to gui_setcolor.o(i.GUI_SetBkColor) for GUI_SetBkColor
    main.o(i.main) refers to gui_pen.o(i.GUI_SetPenSize) for GUI_SetPenSize
    main.o(i.main) refers to gui_setcolor.o(i.GUI_SetColor) for GUI_SetColor
    main.o(i.main) refers to gui_settextmode.o(i.GUI_SetTextMode) for GUI_SetTextMode
    main.o(i.main) refers to gui_dispstringhcenter.o(i.GUI_DispStringHCenterAt) for GUI_DispStringHCenterAt
    main.o(i.main) refers to adc config.o(i.ADC_INIT) for ADC_INIT
    main.o(i.main) refers to stm32f7xx_hal_adc.o(i.HAL_ADC_Start) for HAL_ADC_Start
    main.o(i.main) refers to stm32f7xx_hal_adc.o(i.HAL_ADC_PollForConversion) for HAL_ADC_PollForConversion
    main.o(i.main) refers to stm32f7xx_hal_adc.o(i.HAL_ADC_GetValue) for HAL_ADC_GetValue
    main.o(i.main) refers to main.o(i.RisingEdge) for RisingEdge
    main.o(i.main) refers to gui_time.o(i.GUI_Delay) for GUI_Delay
    main.o(i.main) refers to gui_drawgraph.o(i.GUI_DrawGraph) for GUI_DrawGraph
    main.o(i.main) refers to f32_1.o(.constdata) for GUI_Font32_1
    main.o(i.main) refers to main.o(.bss) for g_AdcHandle
    main.o(i.main) refers to main.o(.data) for IRQ_EdgeCTR
    adc config.o(i.ADC_INIT) refers to stm32f7xx_hal_gpio.o(i.HAL_GPIO_Init) for HAL_GPIO_Init
    adc config.o(i.ADC_INIT) refers to stm32f7xx_hal_cortex.o(i.HAL_NVIC_SetPriority) for HAL_NVIC_SetPriority
    adc config.o(i.ADC_INIT) refers to stm32f7xx_hal_cortex.o(i.HAL_NVIC_EnableIRQ) for HAL_NVIC_EnableIRQ
    adc config.o(i.ADC_INIT) refers to stm32f7xx_hal_adc.o(i.HAL_ADC_Init) for HAL_ADC_Init
    adc config.o(i.ADC_INIT) refers to stm32f7xx_hal_adc.o(i.HAL_ADC_ConfigChannel) for HAL_ADC_ConfigChannel
    ft5336.o(i.ft5336_Get_I2C_InitializedStatus) refers to ft5336.o(.data) for ft5336_handle
    ft5336.o(i.ft5336_I2C_InitializeIfRequired) refers to ft5336.o(i.ft5336_Get_I2C_InitializedStatus) for ft5336_Get_I2C_InitializedStatus
    ft5336.o(i.ft5336_I2C_InitializeIfRequired) refers to stm32746g_discovery.o(i.TS_IO_Init) for TS_IO_Init
    ft5336.o(i.ft5336_I2C_InitializeIfRequired) refers to ft5336.o(.data) for ft5336_handle
    ft5336.o(i.ft5336_Init) refers to stm32746g_discovery.o(i.TS_IO_Delay) for TS_IO_Delay
    ft5336.o(i.ft5336_Init) refers to ft5336.o(i.ft5336_I2C_InitializeIfRequired) for ft5336_I2C_InitializeIfRequired
    ft5336.o(i.ft5336_ReadID) refers to ft5336.o(i.ft5336_I2C_InitializeIfRequired) for ft5336_I2C_InitializeIfRequired
    ft5336.o(i.ft5336_ReadID) refers to stm32746g_discovery.o(i.TS_IO_Read) for TS_IO_Read
    ft5336.o(i.ft5336_TS_DetectTouch) refers to stm32746g_discovery.o(i.TS_IO_Read) for TS_IO_Read
    ft5336.o(i.ft5336_TS_DetectTouch) refers to ft5336.o(.data) for ft5336_handle
    ft5336.o(i.ft5336_TS_DisableIT) refers to stm32746g_discovery.o(i.TS_IO_Write) for TS_IO_Write
    ft5336.o(i.ft5336_TS_EnableIT) refers to stm32746g_discovery.o(i.TS_IO_Write) for TS_IO_Write
    ft5336.o(i.ft5336_TS_GetGestureID) refers to stm32746g_discovery.o(i.TS_IO_Read) for TS_IO_Read
    ft5336.o(i.ft5336_TS_GetTouchInfo) refers to stm32746g_discovery.o(i.TS_IO_Read) for TS_IO_Read
    ft5336.o(i.ft5336_TS_GetTouchInfo) refers to ft5336.o(.data) for ft5336_handle
    ft5336.o(i.ft5336_TS_GetXY) refers to stm32746g_discovery.o(i.TS_IO_Read) for TS_IO_Read
    ft5336.o(i.ft5336_TS_GetXY) refers to ft5336.o(.data) for ft5336_handle
[...]
    0x08008ad4   0x00000028   Code   RO         1435    i.NVIC_SetPriority  stm32f7xx_hal_cortex.o
    0x08008afc   0x000000a4   Code   RO            8    i.RisingEdge        main.o
    0x08008ba0   0x0000009c   Code   RO            9    i.SCB_EnableDCache  main.o
    0x08008c3c   0x0000006a   Code   RO           10    i.SystemClock_Config  main.o
    0x08008ca6   0x00000002   PAD
    0x08008ca8   0x00000064   Code   RO         3320    i.SystemInit        system_stm32f7xx.o
    0x08008d0c   0x0000000c   Code   RO          387    i.TS_IO_Delay       stm32746g_discovery.o
    0x08008d18   0x00000010   Code   RO          388    i.TS_IO_Init        stm32746g_discovery.o
    0x08008d28   0x00000028   Code   RO          389    i.TS_IO_Read        stm32746g_discovery.o
    0x08008d50   0x00000024   Code   RO          390    i.TS_IO_Write       stm32746g_discovery.o
    0x08008d74   0x0000003c   Code   RO          885    i.Touch_GetState    touch_746g_discovery.o
    0x08008db0   0x0000001c   Code   RO          886    i.Touch_Initialize  touch_746g_discovery.o
    0x08008dcc   0x00000010   Code   RO         6330    i.WM_Activate       GUI_CM4F_L.lib(wm.o)
    0x08008ddc   0x00000088   Code   RO         6768    i.WM_BringToBottom  GUI_CM4F_L.lib(wm_bringtobottom.o)
    0x08008e64   0x00000150   Code   RO         6332    i.WM_CreateWindowAsChild  GUI_CM4F_L.lib(wm.o)
    0x08008fb4   0x00000020   Code   RO         6333    i.WM_Deactivate     GUI_CM4F_L.lib(wm.o)
    0x08008fd4   0x00000046   Code   RO         6334    i.WM_DefaultProc    GUI_CM4F_L.lib(wm.o)
    0x0800901a   0x0000002a   Code   RO         6831    i.WM_DeleteTimer    GUI_CM4F_L.lib(wm_timer.o)
    0x08009044   0x000000f0   Code   RO         6335    i.WM_DeleteWindow   GUI_CM4F_L.lib(wm.o)
    0x08009134   0x00000090   Code   RO         6336    i.WM_Exec           GUI_CM4F_L.lib(wm.o)
    0x080091c4   0x00000018   Code   RO         6450    i.WM_GetDesktopWindow  GUI_CM4F_L.lib(wm_getdesktopwindow.o)
    0x080091dc   0x00000014   Code   RO         7548    i.WM_GetDesktopWindowEx  GUI_CM4F_L.lib(wm_getdesktopwindowex.o)
    0x080091f0   0x0000001a   Code   RO         6798    i.WM_GetFirstChild  GUI_CM4F_L.lib(wm_getfirstchild.o)
    0x0800920a   0x0000001a   Code   RO         7321    i.WM_GetParent      GUI_CM4F_L.lib(wm_getparent.o)
    0x08009224   0x00000020   Code   RO         7309    i.WM_GetWindowOrgX  GUI_CM4F_L.lib(wm_getorg.o)
    0x08009244   0x00000378   Code   RO         6848    i.WM_HandlePID      GUI_CM4F_L.lib(wm_touch.o)
    0x080095bc   0x000000d4   Code   RO         6339    i.WM_Init           GUI_CM4F_L.lib(wm.o)
    0x08009690   0x00000080   Code   RO         6340    i.WM_InvalidateRect  GUI_CM4F_L.lib(wm.o)
    0x08009710   0x00000006   Code   RO         6341    i.WM_InvalidateWindow  GUI_CM4F_L.lib(wm.o)
    0x08009716   0x0000005e   Code   RO         6342    i.WM_InvalidateWindowAndDescsEx  GUI_CM4F_L.lib(wm.o)
    0x08009774   0x00000018   Code   RO         7339    i.WM_IsWindow       GUI_CM4F_L.lib(wm_iswindow.o)
    0x0800978c   0x0000001e   Code   RO         7616    i.WM_MoveWindow     GUI_CM4F_L.lib(wm_move.o)
    0x080097aa   0x00000010   Code   RO         6806    i.WM_NotifyParent   GUI_CM4F_L.lib(wm_notifyparent.o)
    0x080097ba   0x00000002   PAD
    0x080097bc   0x00000040   Code   RO         7347    i.WM_OnKey          GUI_CM4F_L.lib(wm_onkey.o)
    0x080097fc   0x00000018   Code   RO         7356    i.WM_PID__SetPrevState  GUI_CM4F_L.lib(wm_pid__getprevstate.o)
    0x08009814   0x00000012   Code   RO         7382    i.WM_ReleaseCapture  GUI_CM4F_L.lib(wm_setcapture.o)
    0x08009826   0x000000f4   Code   RO         7556    i.WM_ResizeWindow   GUI_CM4F_L.lib(wm_resizewindow.o)
    0x0800991a   0x0000001e   Code   RO         7366    i.WM_Screen2hWin    GUI_CM4F_L.lib(wm_screen2win.o)
    0x08009938   0x00000044   Code   RO         6343    i.WM_SelectWindow   GUI_CM4F_L.lib(wm.o)
    0x0800997c   0x0000001a   Code   RO         6814    i.WM_SendMessageNoPara  GUI_CM4F_L.lib(wm_sendmessagenopara.o)
    0x08009996   0x00000026   Code   RO         6822    i.WM_SendToParent   GUI_CM4F_L.lib(wm_sendtoparent.o)
    0x080099bc   0x00000014   Code   RO         6345    i.WM_SetDefault     GUI_CM4F_L.lib(wm.o)
    0x080099d0   0x00000048   Code   RO         7394    i.WM_SetSize        GUI_CM4F_L.lib(wm_setsize.o)
    0x08009a18   0x00000048   Code   RO         6346    i.WM__ActivateClipRect  GUI_CM4F_L.lib(wm.o)
    0x08009a60   0x00000010   Code   RO         6776    i.WM__AddCriticalHandle  GUI_CM4F_L.lib(wm_criticalhandle.o)
    0x08009a70   0x00000010   Code   RO         6347    i.WM__Client2Screen  GUI_CM4F_L.lib(wm.o)
    0x08009a80   0x0000004e   Code   RO         6348    i.WM__ClipAtParentBorders  GUI_CM4F_L.lib(wm.o)
    0x08009ace   0x00000052   Code   RO         6834    i.WM__DeleteAssocTimer  GUI_CM4F_L.lib(wm_timer.o)
    0x08009b20   0x00000028   Code   RO         6350    i.WM__DetachWindow  GUI_CM4F_L.lib(wm.o)
    0x08009b48   0x00000020   Code   RO         6788    i.WM__GetClientRectEx  GUI_CM4F_L.lib(wm_getclientrect.o)
    0x08009b68   0x00000018   Code   RO         6351    i.WM__GetClientRectWin  GUI_CM4F_L.lib(wm.o)
    0x08009b80   0x00000012   Code   RO         7540    i.WM__GetFirstSibling  GUI_CM4F_L.lib(wm__getfirstsibling.o)
    0x08009b92   0x00000002   PAD
    0x08009b94   0x00000040   Code   RO         6352    i.WM__GetNextIVR    GUI_CM4F_L.lib(wm.o)
    0x08009bd4   0x00000024   Code   RO         7265    i.WM__GetPrevSibling  GUI_CM4F_L.lib(wm__getprevsibling.o)
    0x08009bf8   0x00000018   Code   RO         6353    i.WM__GetTopLevelLayer  GUI_CM4F_L.lib(wm.o)
    0x08009c10   0x000000f0   Code   RO         6354    i.WM__InitIVRSearch  GUI_CM4F_L.lib(wm.o)
    0x08009d00   0x000000a4   Code   RO         6355    i.WM__InsertWindowIntoList  GUI_CM4F_L.lib(wm.o)
    0x08009da4   0x00000006   Code   RO         6356    i.WM__Invalidate1Abs  GUI_CM4F_L.lib(wm.o)
    0x08009daa   0x00000002   PAD
    0x08009dac   0x00000054   Code   RO         6357    i.WM__InvalidateDrawAndDescs  GUI_CM4F_L.lib(wm.o)
    0x08009e00   0x0000002a   Code   RO         6358    i.WM__InvalidateParent  GUI_CM4F_L.lib(wm.o)
    0x08009e2a   0x00000076   Code   RO         6359    i.WM__InvalidateRect  GUI_CM4F_L.lib(wm.o)
    0x08009ea0   0x00000006   Code   RO         6360    i.WM__InvalidateRectEx  GUI_CM4F_L.lib(wm.o)
    0x08009ea6   0x00000002   PAD
    0x08009ea8   0x00000022   Code   RO         7273    i.WM__IsAncestor    GUI_CM4F_L.lib(wm__isancestor.o)
    0x08009eca   0x00000016   Code   RO         7283    i.WM__IsEnabled     GUI_CM4F_L.lib(wm__isenabled.o)
    0x08009ee0   0x00000068   Code   RO         6849    i.WM__IsInModalArea  GUI_CM4F_L.lib(wm_touch.o)
    0x08009f48   0x00000030   Code   RO         7368    i.WM__IsInWindow    GUI_CM4F_L.lib(wm_screen2win.o)
    0x08009f78   0x00000024   Code   RO         6361    i.WM__IsWindow      GUI_CM4F_L.lib(wm.o)
    0x08009f9c   0x0000009a   Code   RO         7618    i.WM__MoveWindow    GUI_CM4F_L.lib(wm_move.o)
    0x0800a036   0x00000002   PAD
    0x0800a038   0x000000a0   Code   RO         6362    i.WM__Paint         GUI_CM4F_L.lib(wm.o)
    0x0800a0d8   0x0000008c   Code   RO         6363    i.WM__Paint1        GUI_CM4F_L.lib(wm.o)
    0x0800a164   0x00000078   Code   RO         6364    i.WM__PaintWinAndOverlays  GUI_CM4F_L.lib(wm.o)
    0x0800a1dc   0x00000020   Code   RO         6365    i.WM__RectIsNZ      GUI_CM4F_L.lib(wm.o)
    0x0800a1fc   0x0000002c   Code   RO         7384    i.WM__ReleaseCapture  GUI_CM4F_L.lib(wm_setcapture.o)
    0x0800a228   0x0000002c   Code   RO         6777    i.WM__RemoveCriticalHandle  GUI_CM4F_L.lib(wm_criticalhandle.o)
    0x0800a254   0x00000040   Code   RO         6366    i.WM__RemoveWindowFromList  GUI_CM4F_L.lib(wm.o)
    0x0800a294   0x00000014   Code   RO         6367    i.WM__SelectTopLevelLayer  GUI_CM4F_L.lib(wm.o)
    0x0800a2a8   0x0000003c   Code   RO         6759    i.WM__SendMessage   GUI_CM4F_L.lib(wm__sendmessage.o)
    0x0800a2e4   0x0000001c   Code   RO         7291    i.WM__SendMessageIfEnabled  GUI_CM4F_L.lib(wm__sendmessageifenabled.o)
    0x0800a300   0x00000026   Code   RO         7299    i.WM__SendMessageNoPara  GUI_CM4F_L.lib(wm__sendmessagenopara.o)
    0x0800a326   0x0000000e   Code   RO         6368    i.WM__SendMsgNoData  GUI_CM4F_L.lib(wm.o)
    0x0800a334   0x0000003e   Code   RO         6850    i.WM__SendPIDMessage  GUI_CM4F_L.lib(wm_touch.o)
    0x0800a372   0x00000036   Code   RO         6851    i.WM__SendTouchMessage  GUI_CM4F_L.lib(wm_touch.o)
    0x0800a3a8   0x000000dc   Code   RO         7597    i.WM__UpdateChildPositions  GUI_CM4F_L.lib(wm__updatechildpositions.o)
    0x0800a484   0x00000090   Code   RO         4748    i._AddFreeMemory    GUI_CM4F_L.lib(gui_alloc.o)
    0x0800a514   0x000000b8   Code   RO         4749    i._Alloc            GUI_CM4F_L.lib(gui_alloc.o)
    0x0800a5cc   0x00000004   Code   RO         6089    i._CalcSizeOfChar   GUI_CM4F_L.lib(gui_uc_encodenone.o)
    0x0800a5d0   0x0000004c   Code   RO         5019    i._Color2IndexBulk  GUI_CM4F_L.lib(guicc_m565.o)
    0x0800a61c   0x00000034   Code   RO         5038    i._Color2IndexBulk  GUI_CM4F_L.lib(guicc_m888.o)
    0x0800a650   0x0000000e   Code   RO         7122    i._Color2IndexBulk  GUI_CM4F_L.lib(guicc_8888.o)
    0x0800a65e   0x00000002   PAD
    0x0800a660   0x00000044   Code   RO         4590    i._Color2IndexBulk_1616I  GUI_CM4F_L.lib(guicc_1616i.o)
    0x0800a6a4   0x00000038   Code   RO         4621    i._Color2IndexBulk_88666I  GUI_CM4F_L.lib(guicc_88666i.o)
    0x0800a6dc   0x00000054   Code   RO         4639    i._Color2IndexBulk_M1555I  GUI_CM4F_L.lib(guicc_m1555i.o)
    0x0800a730   0x0000001c   Code   RO         3529    i._Color2IndexBulk_M1555I_DMA2D  lcdconf.o
    0x0800a74c   0x00000060   Code   RO         4659    i._Color2IndexBulk_M4444I  GUI_CM4F_L.lib(guicc_m4444i.o)
    0x0800a7ac   0x0000001c   Code   RO         3530    i._Color2IndexBulk_M4444I_DMA2D  lcdconf.o
    0x0800a7c8   0x00000044   Code   RO         4679    i._Color2IndexBulk_M8888I  GUI_CM4F_L.lib(guicc_m8888i.o)
    0x0800a80c   0x0000001c   Code   RO         3531    i._Color2IndexBulk_M8888I_DMA2D  lcdconf.o
    0x0800a828   0x0000001c   Code   RO         3532    i._Color2IndexBulk_M888_DMA2D  lcdconf.o
    0x0800a844   0x00000054   Code   RO         6107    i._Color2Index_0    GUI_CM4F_L.lib(guicc_0.o)
    0x0800a898   0x00000072   Code   RO         5891    i._Color2Index_16   GUI_CM4F_L.lib(guicc_16.o)
    0x0800a90a   0x00000002   PAD
    0x0800a90c   0x00000028   Code   RO         4591    i._Color2Index_1616I  GUI_CM4F_L.lib(guicc_1616i.o)
    0x0800a934   0x00000020   Code   RO         4622    i._Color2Index_88666I  GUI_CM4F_L.lib(guicc_88666i.o)
    0x0800a954   0x00000002   Code   RO         7123    i._Color2Index_8888  GUI_CM4F_L.lib(guicc_8888.o)
    0x0800a956   0x00000002   PAD
    0x0800a958   0x00000030   Code   RO         4640    i._Color2Index_M1555I  GUI_CM4F_L.lib(guicc_m1555i.o)
    0x0800a988   0x0000003a   Code   RO         4660    i._Color2Index_M4444I  GUI_CM4F_L.lib(guicc_m4444i.o)
    0x0800a9c2   0x00000002   PAD
    0x0800a9c4   0x0000002c   Code   RO         5020    i._Color2Index_M565  GUI_CM4F_L.lib(guicc_m565.o)
    0x0800a9f0   0x00000014   Code   RO         5039    i._Color2Index_M888  GUI_CM4F_L.lib(guicc_m888.o)
    0x0800aa04   0x0000001e   Code   RO         4680    i._Color2Index_M8888I  GUI_CM4F_L.lib(guicc_m8888i.o)
    0x0800aa22   0x0000003e   Code   RO         7249    i._Convert16        GUI_CM4F_L.lib(guidev_writetoactiveopaque.o)
    0x0800aa60   0x0000003e   Code   RO         7250    i._Convert8         GUI_CM4F_L.lib(guidev_writetoactiveopaque.o)
    0x0800aa9e   0x00000050   Code   RO         5377    i._CopyBuffer       GUI_CM4F_L.lib(guidrv_lin_24.o)
    0x0800aaee   0x000000a2   Code   RO         7436    i._CreateBuffer     GUI_CM4F_L.lib(gui_sprite.o)
    0x0800ab90   0x00000148   Code   RO         6719    i._CreateStaticDevice  GUI_CM4F_L.lib(guidev_staticdevices.o)
    0x0800acd8   0x00000054   Code   RO         3533    i._DMA_AlphaBlending  lcdconf.o
    0x0800ad2c   0x00000040   Code   RO         3534    i._DMA_AlphaBlendingBulk  lcdconf.o
    0x0800ad6c   0x00000034   Code   RO         3535    i._DMA_Color2IndexBulk  lcdconf.o
    0x0800ada0   0x00000040   Code   RO         3536    i._DMA_ConvertColor  lcdconf.o
    0x0800ade0   0x0000004c   Code   RO         3537    i._DMA_Copy         lcdconf.o
    0x0800ae2c   0x00000044   Code   RO         3538    i._DMA_DrawBitmapL8  lcdconf.o
    0x0800ae70   0x00000024   Code   RO         3539    i._DMA_ExecOperation  lcdconf.o
    0x0800ae94   0x00000048   Code   RO         3540    i._DMA_Fill         lcdconf.o
    0x0800aedc   0x00000034   Code   RO         3541    i._DMA_Index2ColorBulk  lcdconf.o
    0x0800af10   0x00000024   Code   RO         3542    i._DMA_LoadLUT      lcdconf.o
    0x0800af34   0x0000009c   Code   RO         3543    i._DMA_MixColors    lcdconf.o
    0x0800afd0   0x00000054   Code   RO         3544    i._DMA_MixColorsBulk  lcdconf.o
    0x0800b024   0x00000014   Code   RO         6580    i._DecPointer       GUI_CM4F_L.lib(gui_pid.o)
    0x0800b038   0x00000012   Code   RO         6369    i._DeleteAllChildren  GUI_CM4F_L.lib(wm.o)
    0x0800b04a   0x00000002   PAD
    0x0800b04c   0x00000020   Code   RO         6370    i._DesktopHandle2Index  GUI_CM4F_L.lib(wm.o)
    0x0800b06c   0x00000074   Code   RO         6904    i._DispLine         GUI_CM4F_L.lib(gui_charline.o)
    0x0800b0e0   0x00000624   Code   RO         5378    i._DrawBitLine1BPP  GUI_CM4F_L.lib(guidrv_lin_24.o)
    0x0800b704   0x0000011c   Code   RO         6289    i._DrawBitLine1BPP  GUI_CM4F_L.lib(guidev_32.o)
    0x0800b820   0x00000114   Code   RO         5379    i._DrawBitLine2BPP  GUI_CM4F_L.lib(guidrv_lin_24.o)
    0x0800b934   0x000000e0   Code   RO         6290    i._DrawBitLine2BPP  GUI_CM4F_L.lib(guidev_32.o)
    0x0800ba14   0x00000152   Code   RO         5380    i._DrawBitLine32BPP  GUI_CM4F_L.lib(guidrv_lin_24.o)
    0x0800bb66   0x000000a0   Code   RO         6291    i._DrawBitLine32BPP_DDB  GUI_CM4F_L.lib(guidev_32.o)
    0x0800bc06   0x00000002   PAD
    0x0800bc08   0x00000114   Code   RO         5381    i._DrawBitLine4BPP  GUI_CM4F_L.lib(guidrv_lin_24.o)
    0x0800bd1c   0x00000158   Code   RO         6292    i._DrawBitLine4BPP  GUI_CM4F_L.lib(guidev_32.o)
    0x0800be74   0x0000009c   Code   RO         5382    i._DrawBitLine8BPP  GUI_CM4F_L.lib(guidrv_lin_24.o)
    0x0800bf10   0x00000148   Code   RO         5383    i._DrawBitmap       GUI_CM4F_L.lib(guidrv_lin_24.o)
    0x0800c058   0x000002a4   Code   RO         6293    i._DrawBitmap       GUI_CM4F_L.lib(guidev_32.o)
    0x0800c2fc   0x000000b4   Code   RO         4883    i._DrawGraph        GUI_CM4F_L.lib(gui_drawgraph.o)
    0x0800c3b0   0x0000000a   Code   RO         5384    i._DrawHLine        GUI_CM4F_L.lib(guidrv_lin_24.o)
    0x0800c3ba   0x0000000a   Code   RO         6294    i._DrawHLine        GUI_CM4F_L.lib(guidev_32.o)
    0x0800c3c4   0x0000005c   Code   RO         6371    i._DrawNext         GUI_CM4F_L.lib(wm.o)
    0x0800c420   0x0000000c   Code   RO         5385    i._DrawVLine        GUI_CM4F_L.lib(guidrv_lin_24.o)
    0x0800c42c   0x000000ac   Code   RO         6295    i._DrawVLine        GUI_CM4F_L.lib(guidev_32.o)
    0x0800c4d8   0x00000006   Code   RO         6090    i._Encode           GUI_CM4F_L.lib(gui_uc_encodenone.o)
    0x0800c4de   0x00000002   PAD
    0x0800c4e0   0x00000098   Code   RO         4750    i._EnlargeBlocks    GUI_CM4F_L.lib(gui_alloc.o)
    0x0800c578   0x00000078   Code   RO         6372    i._Exec1Input       GUI_CM4F_L.lib(wm.o)
    0x0800c5f0   0x00000028   Code   RO         5386    i._FillRect         GUI_CM4F_L.lib(guidrv_lin_24.o)
    0x0800c618   0x000000a4   Code   RO         6296    i._FillRect         GUI_CM4F_L.lib(guidev_32.o)
    0x0800c6bc   0x00000334   Code   RO         5387    i._FillRectOpt24    GUI_CM4F_L.lib(guidrv_lin_24.o)
    0x0800c9f0   0x00000148   Code   RO         6373    i._FindNext_IVR     GUI_CM4F_L.lib(wm.o)
    0x0800cb38   0x0000007c   Code   RO         6374    i._Findx0           GUI_CM4F_L.lib(wm.o)
    0x0800cbb4   0x00000072   Code   RO         6375    i._Findx1           GUI_CM4F_L.lib(wm.o)
    0x0800cc26   0x000000a6   Code   RO         6376    i._Findy1           GUI_CM4F_L.lib(wm.o)
    0x0800cccc   0x00000074   Code   RO         7442    i._FlushBuffer      GUI_CM4F_L.lib(gui_sprite.o)
    0x0800cd40   0x00000004   Code   RO         7220    i._GUI_USAGE_BM_Delete  GUI_CM4F_L.lib(guidev_usagebm.o)
    0x0800cd44   0x0000006c   Code   RO         7443    i._GetBkIndex       GUI_CM4F_L.lib(gui_sprite.o)
    0x0800cdb0   0x00000080   Code   RO         7444    i._GetBkIndexAlpha  GUI_CM4F_L.lib(gui_sprite.o)
    0x0800ce30   0x00000028   Code   RO         3545    i._GetBufferSize    lcdconf.o
    0x0800ce58   0x00000004   Code   RO         6091    i._GetCharCode      GUI_CM4F_L.lib(gui_uc_encodenone.o)
    0x0800ce5c   0x00000004   Code   RO         6092    i._GetCharSize      GUI_CM4F_L.lib(gui_uc_encodenone.o)
    0x0800ce60   0x00000010   Code   RO         5388    i._GetDevData       GUI_CM4F_L.lib(guidrv_lin_24.o)
    0x0800ce70   0x00000010   Code   RO         6297    i._GetDevData       GUI_CM4F_L.lib(guidev_32.o)
    0x0800ce80   0x000000d4   Code   RO         5389    i._GetDevFunc       GUI_CM4F_L.lib(guidrv_lin_24.o)
    0x0800cf54   0x00000010   Code   RO         6298    i._GetDevFunc       GUI_CM4F_L.lib(guidev_32.o)
    0x0800cf64   0x0000001e   Code   RO         5157    i._GetDevProp       GUI_CM4F_L.lib(lcd_getex.o)
    0x0800cf82   0x0000003c   Code   RO         5390    i._GetDevProp       GUI_CM4F_L.lib(guidrv_lin_24.o)
    0x0800cfbe   0x0000000c   Code   RO         6299    i._GetDevProp       GUI_CM4F_L.lib(guidev_32.o)
    0x0800cfca   0x00000002   PAD
    0x0800cfcc   0x00000040   Code   RO         7450    i._GetDeviceRect    GUI_CM4F_L.lib(gui_sprite.o)
    0x0800d00c   0x00000052   Code   RO         6108    i._GetIndexMask_0   GUI_CM4F_L.lib(guicc_0.o)
    0x0800d05e   0x00000004   Code   RO         5892    i._GetIndexMask_16  GUI_CM4F_L.lib(guicc_16.o)
    0x0800d062   0x00000004   Code   RO         4592    i._GetIndexMask_1616I  GUI_CM4F_L.lib(guicc_1616i.o)
    0x0800d066   0x00000004   Code   RO         4609    i._GetIndexMask_8666  GUI_CM4F_L.lib(guicc_8666.o)
    0x0800d06a   0x00000006   Code   RO         4623    i._GetIndexMask_88666I  GUI_CM4F_L.lib(guicc_88666i.o)
    0x0800d070   0x00000006   Code   RO         7124    i._GetIndexMask_8888  GUI_CM4F_L.lib(guicc_8888.o)
    0x0800d076   0x00000006   Code   RO         4641    i._GetIndexMask_M1555I  GUI_CM4F_L.lib(guicc_m1555i.o)
    0x0800d07c   0x00000006   Code   RO         4661    i._GetIndexMask_M4444I  GUI_CM4F_L.lib(guicc_m4444i.o)
    0x0800d082   0x00000006   Code   RO         5021    i._GetIndexMask_M565  GUI_CM4F_L.lib(guicc_m565.o)
    0x0800d088   0x00000006   Code   RO         5040    i._GetIndexMask_M888  GUI_CM4F_L.lib(guicc_m888.o)
    0x0800d08e   0x00000006   Code   RO         4681    i._GetIndexMask_M8888I  GUI_CM4F_L.lib(guicc_m8888i.o)
    0x0800d094   0x0000001e   Code   RO         5158    i._GetMaxValue      GUI_CM4F_L.lib(lcd_getex.o)
    0x0800d0b2   0x00000002   PAD
    0x0800d0b4   0x0000001c   Code   RO         4751    i._GetMinIndex      GUI_CM4F_L.lib(gui_alloc.o)
    0x0800d0d0   0x00000058   Code   RO         5391    i._GetPixelIndex    GUI_CM4F_L.lib(guidrv_lin_24.o)
    0x0800d128   0x0000000e   Code   RO         6300    i._GetPixelIndex    GUI_CM4F_L.lib(guidev_32.o)
    0x0800d136   0x00000002   PAD
    0x0800d138   0x00000088   Code   RO         3546    i._GetPixelformat   lcdconf.o
    0x0800d1c0   0x0000001c   Code   RO         5392    i._GetPos           GUI_CM4F_L.lib(guidrv_lin_24.o)
    0x0800d1dc   0x00000016   Code   RO         5393    i._GetRect          GUI_CM4F_L.lib(guidrv_lin_24.o)
    0x0800d1f2   0x00000030   Code   RO         6301    i._GetRect          GUI_CM4F_L.lib(guidev_32.o)
    0x0800d222   0x00000002   PAD
    0x0800d224   0x0000003c   Code   RO         6059    i._GetTaskNo        GUI_CM4F_L.lib(gui_task.o)
    0x0800d260   0x00000010   Code   RO         6015    i._GotoX            GUI_CM4F_L.lib(gui_goto.o)
    0x0800d270   0x00000010   Code   RO         6016    i._GotoY            GUI_CM4F_L.lib(gui_goto.o)
    0x0800d280   0x0000001c   Code   RO         6554    i._IncPointer       GUI_CM4F_L.lib(gui_onkey.o)
    0x0800d29c   0x00000014   Code   RO         6581    i._IncPointer       GUI_CM4F_L.lib(gui_pid.o)
    0x0800d2b0   0x00000006   Code   RO         6555    i._IncReadPointer   GUI_CM4F_L.lib(gui_onkey.o)
    0x0800d2b6   0x00000002   PAD
    0x0800d2b8   0x00000058   Code   RO         5022    i._Index2ColorBulk  GUI_CM4F_L.lib(guicc_m565.o)
    0x0800d310   0x00000034   Code   RO         5041    i._Index2ColorBulk  GUI_CM4F_L.lib(guicc_m888.o)
    0x0800d344   0x0000000e   Code   RO         7125    i._Index2ColorBulk  GUI_CM4F_L.lib(guicc_8888.o)
    0x0800d352   0x00000002   PAD
    0x0800d354   0x0000004c   Code   RO         4593    i._Index2ColorBulk_1616I  GUI_CM4F_L.lib(guicc_1616i.o)
    0x0800d3a0   0x00000044   Code   RO         4624    i._Index2ColorBulk_88666I  GUI_CM4F_L.lib(guicc_88666i.o)
    0x0800d3e4   0x0000005c   Code   RO         4642    i._Index2ColorBulk_M1555I  GUI_CM4F_L.lib(guicc_m1555i.o)
    0x0800d440   0x0000001c   Code   RO         3547    i._Index2ColorBulk_M1555I_DMA2D  lcdconf.o
    0x0800d45c   0x0000005c   Code   RO         4662    i._Index2ColorBulk_M4444I  GUI_CM4F_L.lib(guicc_m4444i.o)
    0x0800d4b8   0x0000001c   Code   RO         3548    i._Index2ColorBulk_M4444I_DMA2D  lcdconf.o
    0x0800d4d4   0x00000044   Code   RO         4682    i._Index2ColorBulk_M8888I  GUI_CM4F_L.lib(guicc_m8888i.o)
    0x0800d518   0x0000001c   Code   RO         3549    i._Index2ColorBulk_M8888I_DMA2D  lcdconf.o
    0x0800d534   0x0000001c   Code   RO         3550    i._Index2ColorBulk_M888_DMA2D  lcdconf.o
    0x0800d550   0x00000020   Code   RO         6109    i._Index2Color_0    GUI_CM4F_L.lib(guicc_0.o)
    0x0800d570   0x00000036   Code   RO         5893    i._Index2Color_16   GUI_CM4F_L.lib(guicc_16.o)
    0x0800d5a6   0x00000002   PAD
    0x0800d5a8   0x00000028   Code   RO         4594    i._Index2Color_1616I  GUI_CM4F_L.lib(guicc_1616i.o)
    0x0800d5d0   0x00000020   Code   RO         4625    i._Index2Color_88666I  GUI_CM4F_L.lib(guicc_88666i.o)
    0x0800d5f0   0x00000030   Code   RO         4643    i._Index2Color_M1555I  GUI_CM4F_L.lib(guicc_m1555i.o)
    0x0800d620   0x00000030   Code   RO         4663    i._Index2Color_M4444I  GUI_CM4F_L.lib(guicc_m4444i.o)
    0x0800d650   0x00000018   Code   RO         5394    i._Init             GUI_CM4F_L.lib(guidrv_lin_24.o)
    0x0800d668   0x00000070   Code   RO         4813    i._InitContext      GUI_CM4F_L.lib(gui_core.o)
    0x0800d6d8   0x000000a8   Code   RO         4752    i._InitOnce         GUI_CM4F_L.lib(gui_alloc.o)
    0x0800d780   0x00000024   Code   RO         5395    i._InitOnce         GUI_CM4F_L.lib(guidrv_lin_24.o)
    0x0800d7a4   0x00000080   Code   RO         6377    i._Invalidate1Abs   GUI_CM4F_L.lib(wm.o)
    0x0800d824   0x00000014   Code   RO         3551    i._InvertAlpha      lcdconf.o
    0x0800d838   0x0000002c   Code   RO         3552    i._InvertAlpha_SwapRB  lcdconf.o
    0x0800d864   0x00000060   Code   RO         3553    i._LCD_CopyBuffer   lcdconf.o
    0x0800d8c4   0x0000009c   Code   RO         3554    i._LCD_CopyRect     lcdconf.o
    0x0800d960   0x0000001c   Code   RO         3555    i._LCD_DisplayOff   lcdconf.o
    0x0800d97c   0x0000001c   Code   RO         3556    i._LCD_DisplayOn    lcdconf.o
    0x0800d998   0x00000084   Code   RO         3557    i._LCD_DrawBitmap16bpp  lcdconf.o
    0x0800da1c   0x00000084   Code   RO         3558    i._LCD_DrawBitmap8bpp  lcdconf.o
    0x0800daa0   0x000000a8   Code   RO         3559    i._LCD_FillRect     lcdconf.o
    0x0800db48   0x00000070   Code   RO         3560    i._LCD_GetpPalConvTable  lcdconf.o
    0x0800dbb8   0x000001cc   Code   RO         3561    i._LCD_InitController  lcdconf.o
    0x0800dd84   0x00000084   Code   RO         3562    i._LCD_MixColorsBulk  lcdconf.o
    0x0800de08   0x0000002c   Code   RO         3563    i._LCD_SetChroma    lcdconf.o
    0x0800de34   0x00000020   Code   RO         3564    i._LCD_SetChromaMode  lcdconf.o
    0x0800de54   0x00000034   Code   RO         3565    i._LCD_SetLUTEntry  lcdconf.o
    0x0800de88   0x00000018   Code   RO         3566    i._LCD_SetLayerAlpha  lcdconf.o
    0x0800dea0   0x0000001c   Code   RO         3567    i._LCD_SetLayerPos  lcdconf.o
    0x0800debc   0x0000001c   Code   RO         3568    i._LCD_SetLayerSize  lcdconf.o
    0x0800ded8   0x00000044   Code   RO         3569    i._LCD_SetOrg       lcdconf.o
    0x0800df1c   0x0000004c   Code   RO         3570    i._LCD_SetVis       lcdconf.o
    0x0800df68   0x00000002   Code   RO         6905    i._Log2VisBuffered  GUI_CM4F_L.lib(gui_charline.o)
    0x0800df6a   0x00000008   Code   RO         6699    i._Min              GUI_CM4F_L.lib(guidev_banding.o)
    0x0800df72   0x0000006e   Code   RO         7619    i._MoveDescendents  GUI_CM4F_L.lib(wm_move.o)
    0x0800dfe0   0x0000000a   Code   RO         5396    i._Off              GUI_CM4F_L.lib(guidrv_lin_24.o)
    0x0800dfea   0x0000000a   Code   RO         5397    i._On               GUI_CM4F_L.lib(guidrv_lin_24.o)
    0x0800dff4   0x00000028   Code   RO         4705    i._OnExit           GUI_CM4F_L.lib(gui__alpha.o)
    0x0800e01c   0x00000034   Code   RO         4753    i._OnExit           GUI_CM4F_L.lib(gui_alloc.o)
    0x0800e050   0x0000002c   Code   RO         4814    i._OnExit           GUI_CM4F_L.lib(gui_core.o)
    0x0800e07c   0x00000014   Code   RO         5105    i._OnExit           GUI_CM4F_L.lib(lcd_color.o)
    0x0800e090   0x00000014   Code   RO         6060    i._OnExit           GUI_CM4F_L.lib(gui_task.o)
    0x0800e0a4   0x00000034   Code   RO         6378    i._OnExit           GUI_CM4F_L.lib(wm.o)
    0x0800e0d8   0x00000024   Code   RO         6379    i._Paint1           GUI_CM4F_L.lib(wm.o)
    0x0800e0fc   0x0000008c   Code   RO         6380    i._Paint1Trans      GUI_CM4F_L.lib(wm.o)
    0x0800e188   0x0000009a   Code   RO         6381    i._PaintTransChildren  GUI_CM4F_L.lib(wm.o)
    0x0800e222   0x00000002   PAD
    0x0800e224   0x00000040   Code   RO         4754    i._PopFreeBlock     GUI_CM4F_L.lib(gui_alloc.o)
    0x0800e264   0x00000028   Code   RO         4755    i._PushFreeBlock    GUI_CM4F_L.lib(gui_alloc.o)
    0x0800e28c   0x0000001c   Code   RO         7455    i._ReleaseBuffer    GUI_CM4F_L.lib(gui_sprite.o)
    0x0800e2a8   0x00000034   Code   RO         4756    i._RemoveFreeBlock  GUI_CM4F_L.lib(gui_alloc.o)
    0x0800e2dc   0x0000005c   Code   RO         7075    i._RemoveFromLinList  GUI_CM4F_L.lib(gui_timer.o)
    0x0800e338   0x000000a0   Code   RO         4757    i._RemoveHoles      GUI_CM4F_L.lib(gui_alloc.o)
    0x0800e3d8   0x0000005a   Code   RO         7369    i._Screen2hWin      GUI_CM4F_L.lib(wm_screen2win.o)
    0x0800e432   0x00000002   PAD
    0x0800e434   0x00000024   Code   RO         7370    i._Screen2hWinStop  GUI_CM4F_L.lib(wm_screen2win.o)
    0x0800e458   0x00000026   Code   RO         5398    i._SetAlpha         GUI_CM4F_L.lib(guidrv_lin_24.o)
    0x0800e47e   0x00000010   Code   RO         5399    i._SetAlphaMode     GUI_CM4F_L.lib(guidrv_lin_24.o)
    0x0800e48e   0x00000002   PAD
    0x0800e490   0x00000020   Code   RO         5070    i._SetBkColor       GUI_CM4F_L.lib(lcd.o)
    0x0800e4b0   0x0000004a   Code   RO         7458    i._SetBkIndexBuffered  GUI_CM4F_L.lib(gui_sprite.o)
    0x0800e4fa   0x00000012   Code   RO         5400    i._SetChroma        GUI_CM4F_L.lib(guidrv_lin_24.o)
    0x0800e50c   0x00000010   Code   RO         5401    i._SetChromaMode    GUI_CM4F_L.lib(guidrv_lin_24.o)
    0x0800e51c   0x0000004c   Code   RO         6382    i._SetClipRectUserIntersect  GUI_CM4F_L.lib(wm.o)
    0x0800e568   0x00000020   Code   RO         5071    i._SetColor         GUI_CM4F_L.lib(lcd.o)
    0x0800e588   0x0000003c   Code   RO         5402    i._SetDevFunc       GUI_CM4F_L.lib(guidrv_lin_24.o)
    0x0800e5c4   0x0000002c   Code   RO         5072    i._SetDrawMode      GUI_CM4F_L.lib(lcd.o)
    0x0800e5f0   0x000000a4   Code   RO         5403    i._SetOrg           GUI_CM4F_L.lib(guidrv_lin_24.o)
    0x0800e694   0x00000008   Code   RO         6302    i._SetOrg           GUI_CM4F_L.lib(guidev_32.o)
    0x0800e69c   0x00000082   Code   RO         5404    i._SetPixelIndex    GUI_CM4F_L.lib(guidrv_lin_24.o)
    0x0800e71e   0x00000002   PAD
    0x0800e720   0x00000048   Code   RO         6303    i._SetPixelIndex    GUI_CM4F_L.lib(guidev_32.o)
    0x0800e768   0x0000002e   Code   RO         5405    i._SetPos           GUI_CM4F_L.lib(guidrv_lin_24.o)
    0x0800e796   0x00000002   PAD
    0x0800e798   0x0000045c   Code   RO         7461    i._SetPosition      GUI_CM4F_L.lib(gui_sprite.o)
    0x0800ebf4   0x00000044   Code   RO         5406    i._SetSize          GUI_CM4F_L.lib(guidrv_lin_24.o)
    0x0800ec38   0x00000028   Code   RO         5407    i._SetVRAMAddr      GUI_CM4F_L.lib(guidrv_lin_24.o)
    0x0800ec60   0x0000002a   Code   RO         5408    i._SetVSize         GUI_CM4F_L.lib(guidrv_lin_24.o)
    0x0800ec8a   0x00000026   Code   RO         5409    i._SetVis           GUI_CM4F_L.lib(guidrv_lin_24.o)
    0x0800ecb0   0x00000024   Code   RO         5410    i._ShowBuffer       GUI_CM4F_L.lib(guidrv_lin_24.o)
    0x0800ecd4   0x00000068   Code   RO         6582    i._StoreState       GUI_CM4F_L.lib(gui_pid.o)
    0x0800ed3c   0x000000ea   Code   RO         4758    i._TestRAM          GUI_CM4F_L.lib(gui_alloc.o)
    0x0800ee26   0x00000002   PAD
    0x0800ee28   0x00000050   Code   RO         7076    i._Unlink           GUI_CM4F_L.lib(gui_timer.o)
    0x0800ee78   0x00000030   Code   RO         4856    i._UnlinkDevice     GUI_CM4F_L.lib(gui_device.o)
    0x0800eea8   0x0000000e   Code   RO         4759    i._WriteTagData     GUI_CM4F_L.lib(gui_alloc.o)
    0x0800eeb6   0x00000002   PAD
    0x0800eeb8   0x00000340   Code   RO         7251    i._WriteToActiveOpaque_8  GUI_CM4F_L.lib(guidev_writetoactiveopaque.o)
    0x0800f1f8   0x00000344   Code   RO         7252    i._WriteToActiveOpaque_HT  GUI_CM4F_L.lib(guidev_writetoactiveopaque.o)
    0x0800f53c   0x0000003c   Code   RO         6304    i._XY2PTR           GUI_CM4F_L.lib(guidev_32.o)
    0x0800f578   0x00000028   Code   RO         5411    i._XorPixel         GUI_CM4F_L.lib(guidrv_lin_24.o)
    0x0800f5a0   0x00000058   Code   RO         6305    i._XorPixel         GUI_CM4F_L.lib(guidev_32.o)
    0x0800f5f8   0x00000050   Code   RO         6383    i._cbBackWin        GUI_CM4F_L.lib(wm.o)
    0x0800f648   0x00000044   Code   RO         6384    i._cbPaintMemDev    GUI_CM4F_L.lib(wm.o)
    0x0800f68c   0x00000046   Code   RO         5775    i._init_box         RTX_CM4.lib(rt_membox.o)
    0x0800f6d2   0x00000002   PAD
    0x0800f6d4   0x00000020   Code   RO          923    i._mutex_acquire    rtx_conf_cm.o
    0x0800f6f4   0x0000001c   Code   RO          925    i._mutex_release    rtx_conf_cm.o
    0x0800f710   0x00000030   Code   RO         5828    i.dbg_init          RTX_CM4.lib(hal_cm.o)
    0x0800f740   0x00000020   Code   RO         5829    i.dbg_task_notify   RTX_CM4.lib(hal_cm.o)
    0x0800f760   0x00000010   Code   RO         5830    i.dbg_task_switch   RTX_CM4.lib(hal_cm.o)
    0x0800f770   0x0000000c   Code   RO          252    i.ft5336_Get_I2C_InitializedStatus  ft5336.o
    0x0800f77c   0x00000018   Code   RO          253    i.ft5336_I2C_InitializeIfRequired  ft5336.o
    0x0800f794   0x00000010   Code   RO          254    i.ft5336_Init       ft5336.o
    0x0800f7a4   0x0000003a   Code   RO          255    i.ft5336_ReadID     ft5336.o
    0x0800f7de   0x00000002   Code   RO          256    i.ft5336_Reset      ft5336.o
    0x0800f7e0   0x00000002   Code   RO          257    i.ft5336_TS_ClearIT  ft5336.o
    0x0800f7e2   0x00000006   Code   RO          258    i.ft5336_TS_Configure  ft5336.o
    0x0800f7e8   0x00000040   Code   RO          259    i.ft5336_TS_DetectTouch  ft5336.o
    0x0800f828   0x00000014   Code   RO          260    i.ft5336_TS_DisableIT  ft5336.o
    0x0800f83c   0x00000014   Code   RO          261    i.ft5336_TS_EnableIT  ft5336.o
    0x0800f850   0x0000001c   Code   RO          262    i.ft5336_TS_GetGestureID  ft5336.o
    0x0800f86c   0x00000108   Code   RO          263    i.ft5336_TS_GetTouchInfo  ft5336.o
    0x0800f974   0x00000164   Code   RO          264    i.ft5336_TS_GetXY   ft5336.o
    0x0800fad8   0x00000006   Code   RO          265    i.ft5336_TS_ITStatus  ft5336.o
    0x0800fade   0x00000016   Code   RO          266    i.ft5336_TS_Start   ft5336.o
    0x0800faf4   0x0000002a   Code   RO         3814    i.isrMessageGet     RTX_CM4.lib(rt_cmsis.o)
    0x0800fb1e   0x0000002c   Code   RO         3815    i.isrMessagePut     RTX_CM4.lib(rt_cmsis.o)
    0x0800fb4a   0x00000002   PAD
    0x0800fb4c   0x00000052   Code   RO         5663    i.isr_mbx_receive   RTX_CM4.lib(rt_mailbox.o)
    0x0800fb9e   0x0000000e   Code   RO         5664    i.isr_mbx_send      RTX_CM4.lib(rt_mailbox.o)
    0x0800fbac   0x000000ec   Code   RO           11    i.main              main.o
    0x0800fc98   0x00000018   Code   RO         3818    i.osDelay           RTX_CM4.lib(rt_cmsis.o)
    0x0800fcb0   0x00000024   Code   RO         3819    i.osKernelInitialize  RTX_CM4.lib(rt_cmsis.o)
    0x0800fcd4   0x0000006c   Code   RO         3821    i.osKernelStart     RTX_CM4.lib(rt_cmsis.o)
    0x0800fd40   0x00000018   Code   RO         3830    i.osMessageGet      RTX_CM4.lib(rt_cmsis.o)
    0x0800fd58   0x00000030   Code   RO         3832    i.osMutexCreate     RTX_CM4.lib(rt_cmsis.o)
    0x0800fd88   0x00000018   Code   RO         3834    i.osMutexRelease    RTX_CM4.lib(rt_cmsis.o)
    0x0800fda0   0x00000018   Code   RO         3835    i.osMutexWait       RTX_CM4.lib(rt_cmsis.o)
    0x0800fdb8   0x00000030   Code   RO         3847    i.osThreadCreate    RTX_CM4.lib(rt_cmsis.o)
    0x0800fde8   0x00000018   Code   RO         3848    i.osThreadExit      RTX_CM4.lib(rt_cmsis.o)
    0x0800fe00   0x00000018   Code   RO         3849    i.osThreadGetId     RTX_CM4.lib(rt_cmsis.o)
    0x0800fe18   0x0000000c   Code   RO         3854    i.osTimerCall       RTX_CM4.lib(rt_cmsis.o)
    0x0800fe24   0x00000034   Code   RO         3855    i.osTimerCreate     RTX_CM4.lib(rt_cmsis.o)
    0x0800fe58   0x00000018   Code   RO         3857    i.osTimerStart      RTX_CM4.lib(rt_cmsis.o)
    0x0800fe70   0x0000002c   Code   RO         3859    i.osTimerThread     RTX_CM4.lib(rt_cmsis.o)
    0x0800fe9c   0x00000022   Code   RO          926    i.os_error          rtx_conf_cm.o
    0x0800febe   0x00000004   Code   RO          927    i.os_idle_demon     rtx_conf_cm.o
    0x0800fec2   0x00000002   PAD
    0x0800fec4   0x00000028   Code   RO         5455    i.os_tick_init      RTX_CM4.lib(rt_system.o)
    0x0800feec   0x00000002   Code   RO         5456    i.os_tick_irqack    RTX_CM4.lib(rt_system.o)
    0x0800feee   0x0000001a   Code   RO         5776    i.rt_alloc_box      RTX_CM4.lib(rt_membox.o)
    0x0800ff08   0x0000003e   Code   RO         5804    i.rt_alloc_mem      RTX_CM4.lib(rt_memory.o)
    0x0800ff46   0x00000002   PAD
    0x0800ff48   0x00000038   Code   RO         4439    i.rt_block          RTX_CM4.lib(rt_task.o)
    0x0800ff80   0x00000048   Code   RO         5753    i.rt_chk_robin      RTX_CM4.lib(rt_robin.o)
    0x0800ffc8   0x00000070   Code   RO         5587    i.rt_dec_dly        RTX_CM4.lib(rt_list.o)
    0x08010038   0x00000044   Code   RO         4440    i.rt_dispatch       RTX_CM4.lib(rt_task.o)
    0x0801007c   0x00000006   Code   RO         4523    i.rt_dly_wait       RTX_CM4.lib(rt_time.o)
    0x08010082   0x00000002   PAD
    0x08010084   0x00000050   Code   RO         5548    i.rt_evt_psh        RTX_CM4.lib(rt_event.o)
    0x080100d4   0x0000002c   Code   RO         5777    i.rt_free_box       RTX_CM4.lib(rt_membox.o)
    0x08010100   0x00000028   Code   RO         5805    i.rt_free_mem       RTX_CM4.lib(rt_memory.o)
    0x08010128   0x00000028   Code   RO         5588    i.rt_get_first      RTX_CM4.lib(rt_list.o)
    0x08010150   0x00000008   Code   RO         3864    i.rt_id2obj         RTX_CM4.lib(rt_cmsis.o)
    0x08010158   0x00000048   Code   RO         4441    i.rt_init_context   RTX_CM4.lib(rt_task.o)
    0x080101a0   0x0000001a   Code   RO         5806    i.rt_init_mem       RTX_CM4.lib(rt_memory.o)
    0x080101ba   0x00000002   PAD
    0x080101bc   0x00000018   Code   RO         5754    i.rt_init_robin     RTX_CM4.lib(rt_robin.o)
    0x080101d4   0x00000080   Code   RO         5831    i.rt_init_stack     RTX_CM4.lib(hal_cm.o)
    0x08010254   0x00000008   Code   RO         5665    i.rt_mbx_check      RTX_CM4.lib(rt_mailbox.o)
    0x0801025c   0x0000001a   Code   RO         5666    i.rt_mbx_init       RTX_CM4.lib(rt_mailbox.o)
    0x08010276   0x00000002   PAD
    0x08010278   0x000000f0   Code   RO         5667    i.rt_mbx_psh        RTX_CM4.lib(rt_mailbox.o)
    0x08010368   0x000000b4   Code   RO         5669    i.rt_mbx_wait       RTX_CM4.lib(rt_mailbox.o)
    0x0801041c   0x00000044   Code   RO         3865    i.rt_ms2tick        RTX_CM4.lib(rt_cmsis.o)
    0x08010460   0x00000010   Code   RO         4557    i.rt_mut_init       RTX_CM4.lib(rt_mutex.o)
    0x08010470   0x000000d8   Code   RO         4558    i.rt_mut_release    RTX_CM4.lib(rt_mutex.o)
    0x08010548   0x00000068   Code   RO         4559    i.rt_mut_wait       RTX_CM4.lib(rt_mutex.o)
    0x080105b0   0x0000007c   Code   RO         5459    i.rt_pop_req        RTX_CM4.lib(rt_system.o)
    0x0801062c   0x00000020   Code   RO         5460    i.rt_psh_req        RTX_CM4.lib(rt_system.o)
    0x0801064c   0x0000005c   Code   RO         5590    i.rt_psq_enq        RTX_CM4.lib(rt_list.o)
    0x080106a8   0x00000048   Code   RO         5591    i.rt_put_dly        RTX_CM4.lib(rt_list.o)
    0x080106f0   0x00000036   Code   RO         5592    i.rt_put_prio       RTX_CM4.lib(rt_list.o)
    0x08010726   0x00000002   PAD
    0x08010728   0x00000014   Code   RO         5593    i.rt_put_rdy_first  RTX_CM4.lib(rt_list.o)
    0x0801073c   0x00000034   Code   RO         5594    i.rt_resort_prio    RTX_CM4.lib(rt_list.o)
    0x08010770   0x00000010   Code   RO         5832    i.rt_ret_regs       RTX_CM4.lib(hal_cm.o)
    0x08010780   0x0000000c   Code   RO         5833    i.rt_ret_val        RTX_CM4.lib(hal_cm.o)
    0x0801078c   0x00000010   Code   RO         5834    i.rt_ret_val2       RTX_CM4.lib(hal_cm.o)
    0x0801079c   0x00000028   Code   RO         5595    i.rt_rmv_dly        RTX_CM4.lib(rt_list.o)
    0x080107c4   0x00000030   Code   RO         5596    i.rt_rmv_list       RTX_CM4.lib(rt_list.o)
    0x080107f4   0x00000034   Code   RO         5714    i.rt_sem_psh        RTX_CM4.lib(rt_semaphore.o)
    0x08010828   0x00000024   Code   RO         5462    i.rt_stk_check      RTX_CM4.lib(rt_system.o)
    0x0801084c   0x00000028   Code   RO         4442    i.rt_switch_req     RTX_CM4.lib(rt_task.o)
    0x08010874   0x000000cc   Code   RO         4443    i.rt_sys_init       RTX_CM4.lib(rt_task.o)
    0x08010940   0x00000078   Code   RO         4444    i.rt_sys_start      RTX_CM4.lib(rt_task.o)
    0x080109b8   0x00000040   Code   RO         5464    i.rt_systick        RTX_CM4.lib(rt_system.o)
    0x080109f8   0x00000012   Code   RO         3866    i.rt_tid2ptcb       RTX_CM4.lib(rt_cmsis.o)
    0x08010a0a   0x00000002   PAD
    0x08010a0c   0x00000034   Code   RO         3867    i.rt_timer_insert   RTX_CM4.lib(rt_cmsis.o)
    0x08010a40   0x0000003c   Code   RO         3868    i.rt_timer_remove   RTX_CM4.lib(rt_cmsis.o)
    0x08010a7c   0x00000088   Code   RO         4445    i.rt_tsk_create     RTX_CM4.lib(rt_task.o)
    0x08010b04   0x00000178   Code   RO         4446    i.rt_tsk_delete     RTX_CM4.lib(rt_task.o)
    0x08010c7c   0x0000007c   Code   RO         4448    i.rt_tsk_prio       RTX_CM4.lib(rt_task.o)
    0x08010cf8   0x00000010   Code   RO         4449    i.rt_tsk_self       RTX_CM4.lib(rt_task.o)
    0x08010d08   0x00000012   Code   RO         3869    i.svcDelay          RTX_CM4.lib(rt_cmsis.o)
    0x08010d1a   0x00000002   PAD
    0x08010d1c   0x00000070   Code   RO         3870    i.svcKernelInitialize  RTX_CM4.lib(rt_cmsis.o)
    0x08010d8c   0x00000048   Code   RO         3872    i.svcKernelStart    RTX_CM4.lib(rt_cmsis.o)
    0x08010dd4   0x00000024   Code   RO         3875    i.svcMessageCreate  RTX_CM4.lib(rt_cmsis.o)
    0x08010df8   0x0000003a   Code   RO         3876    i.svcMessageGet     RTX_CM4.lib(rt_cmsis.o)
    0x08010e32   0x0000001c   Code   RO         3878    i.svcMutexCreate    RTX_CM4.lib(rt_cmsis.o)
    0x08010e4e   0x00000022   Code   RO         3880    i.svcMutexRelease   RTX_CM4.lib(rt_cmsis.o)
    0x08010e70   0x00000036   Code   RO         3881    i.svcMutexWait      RTX_CM4.lib(rt_cmsis.o)
    0x08010ea6   0x00000002   PAD
    0x08010ea8   0x00000070   Code   RO         3890    i.svcThreadCreate   RTX_CM4.lib(rt_cmsis.o)
    0x08010f18   0x0000001c   Code   RO         3891    i.svcThreadGetId    RTX_CM4.lib(rt_cmsis.o)
    0x08010f34   0x00000038   Code   RO         3894    i.svcThreadTerminate  RTX_CM4.lib(rt_cmsis.o)
    0x08010f6c   0x00000018   Code   RO         3896    i.svcTimerCall      RTX_CM4.lib(rt_cmsis.o)
    0x08010f84   0x00000038   Code   RO         3897    i.svcTimerCreate    RTX_CM4.lib(rt_cmsis.o)
    0x08010fbc   0x00000064   Code   RO         3899    i.svcTimerStart     RTX_CM4.lib(rt_cmsis.o)
    0x08011020   0x0000005c   Code   RO         3905    i.sysTimerTick      RTX_CM4.lib(rt_cmsis.o)
    0x0801107c   0x0000000a   Code   RO         7783    x$fpl$fpinit        fz_wm.l(fpinit.o)
    0x08011086   0x00000002   PAD
    0x08011088   0x00000056   Data   RO          929    .constdata          rtx_conf_cm.o
    0x080110de   0x00000010   Data   RO         2617    .constdata          stm32f7xx_hal_rcc.o
    0x080110ee   0x00000002   PAD
    0x080110f0   0x00000014   Data   RO         3370    .constdata          gui_x_rte.o
    0x08011104   0x00000008   Data   RO         3574    .constdata          lcdconf.o
    0x0801110c   0x00000018   Data   RO         4595    .constdata          GUI_CM4F_L.lib(guicc_1616i.o)
    0x08011124   0x00000018   Data   RO         4610    .constdata          GUI_CM4F_L.lib(guicc_8666.o)
    0x0801113c   0x00000018   Data   RO         4626    .constdata          GUI_CM4F_L.lib(guicc_88666i.o)
    0x08011154   0x00000018   Data   RO         4644    .constdata          GUI_CM4F_L.lib(guicc_m1555i.o)
    0x0801116c   0x00000018   Data   RO         4664    .constdata          GUI_CM4F_L.lib(guicc_m4444i.o)
    0x08011184   0x00000018   Data   RO         4683    .constdata          GUI_CM4F_L.lib(guicc_m8888i.o)
    0x0801119c   0x00000008   Data   RO         4816    .constdata          GUI_CM4F_L.lib(gui_core.o)
    0x080111a4   0x00000008   Data   RO         4857    .constdata          GUI_CM4F_L.lib(gui_device.o)
    0x080111ac   0x00000018   Data   RO         5023    .constdata          GUI_CM4F_L.lib(guicc_m565.o)
    0x080111c4   0x00000018   Data   RO         5042    .constdata          GUI_CM4F_L.lib(guicc_m888.o)
    0x080111dc   0x0000000c   Data   RO         5073    .constdata          GUI_CM4F_L.lib(lcd.o)
    0x080111e8   0x00000518   Data   RO         5260    .constdata          GUI_CM4F_L.lib(f6x8.o)
    0x08011700   0x000001c0   Data   RO         5261    .constdata          GUI_CM4F_L.lib(f6x8.o)
    0x080118c0   0x00000008   Data   RO         5262    .constdata          GUI_CM4F_L.lib(f6x8.o)
    0x080118c8   0x00000014   Data   RO         5263    .constdata          GUI_CM4F_L.lib(f6x8.o)
    0x080118dc   0x00000024   Data   RO         5264    .constdata          GUI_CM4F_L.lib(f6x8.o)
    0x08011900   0x00000020   Data   RO         5272    .constdata          GUI_CM4F_L.lib(f32_1.o)
    0x08011920   0x00000020   Data   RO         5273    .constdata          GUI_CM4F_L.lib(f32_1.o)
    0x08011940   0x00000040   Data   RO         5274    .constdata          GUI_CM4F_L.lib(f32_1.o)
    0x08011980   0x00000040   Data   RO         5275    .constdata          GUI_CM4F_L.lib(f32_1.o)
    0x080119c0   0x00000040   Data   RO         5276    .constdata          GUI_CM4F_L.lib(f32_1.o)
    0x08011a00   0x00000040   Data   RO         5277    .constdata          GUI_CM4F_L.lib(f32_1.o)
    0x08011a40   0x00000020   Data   RO         5278    .constdata          GUI_CM4F_L.lib(f32_1.o)
    0x08011a60   0x00000040   Data   RO         5279    .constdata          GUI_CM4F_L.lib(f32_1.o)
    0x08011aa0   0x00000040   Data   RO         5280    .constdata          GUI_CM4F_L.lib(f32_1.o)
    0x08011ae0   0x00000060   Data   RO         5281    .constdata          GUI_CM4F_L.lib(f32_1.o)
    0x08011b40   0x00000040   Data   RO         5282    .constdata          GUI_CM4F_L.lib(f32_1.o)
    0x08011b80   0x00000040   Data   RO         5283    .constdata          GUI_CM4F_L.lib(f32_1.o)
    0x08011bc0   0x00000040   Data   RO         5284    .constdata          GUI_CM4F_L.lib(f32_1.o)
    0x08011c00   0x00000040   Data   RO         5285    .constdata          GUI_CM4F_L.lib(f32_1.o)
    0x08011c40   0x00000060   Data   RO         5286    .constdata          GUI_CM4F_L.lib(f32_1.o)
    0x08011ca0   0x00000040   Data   RO         5287    .constdata          GUI_CM4F_L.lib(f32_1.o)
    0x08011ce0   0x00000040   Data   RO         5288    .constdata          GUI_CM4F_L.lib(f32_1.o)
    0x08011d20   0x00000040   Data   RO         5289    .constdata          GUI_CM4F_L.lib(f32_1.o)
    0x08011d60   0x00000040   Data   RO         5290    .constdata          GUI_CM4F_L.lib(f32_1.o)
    0x08011da0   0x00000040   Data   RO         5291    .constdata          GUI_CM4F_L.lib(f32_1.o)
    0x08011de0   0x00000040   Data   RO         5292    .constdata          GUI_CM4F_L.lib(f32_1.o)
    0x08011e20   0x00000040   Data   RO         5293    .constdata          GUI_CM4F_L.lib(f32_1.o)
    0x08011e60   0x00000040   Data   RO         5294    .constdata          GUI_CM4F_L.lib(f32_1.o)
    0x08011ea0   0x00000020   Data   RO         5295    .constdata          GUI_CM4F_L.lib(f32_1.o)
    0x08011ec0   0x00000040   Data   RO         5296    .constdata          GUI_CM4F_L.lib(f32_1.o)
    0x08011f00   0x00000040   Data   RO         5297    .constdata          GUI_CM4F_L.lib(f32_1.o)
    0x08011f40   0x00000040   Data   RO         5298    .constdata          GUI_CM4F_L.lib(f32_1.o)
    0x08011f80   0x00000040   Data   RO         5299    .constdata          GUI_CM4F_L.lib(f32_1.o)
    0x08011fc0   0x00000060   Data   RO         5300    .constdata          GUI_CM4F_L.lib(f32_1.o)
    0x08012020   0x00000060   Data   RO         5301    .constdata          GUI_CM4F_L.lib(f32_1.o)
    0x08012080   0x00000060   Data   RO         5302    .constdata          GUI_CM4F_L.lib(f32_1.o)
    0x080120e0   0x00000060   Data   RO         5303    .constdata          GUI_CM4F_L.lib(f32_1.o)
    0x08012140   0x00000060   Data   RO         5304    .constdata          GUI_CM4F_L.lib(f32_1.o)
    0x080121a0   0x00000060   Data   RO         5305    .constdata          GUI_CM4F_L.lib(f32_1.o)
    0x08012200   0x00000060   Data   RO         5306    .constdata          GUI_CM4F_L.lib(f32_1.o)
    0x08012260   0x00000060   Data   RO         5307    .constdata          GUI_CM4F_L.lib(f32_1.o)
    0x080122c0   0x00000060   Data   RO         5308    .constdata          GUI_CM4F_L.lib(f32_1.o)
    0x08012320   0x00000060   Data   RO         5309    .constdata          GUI_CM4F_L.lib(f32_1.o)
    0x08012380   0x00000080   Data   RO         5310    .constdata          GUI_CM4F_L.lib(f32_1.o)
    0x08012400   0x00000060   Data   RO         5311    .constdata          GUI_CM4F_L.lib(f32_1.o)
    0x08012460   0x00000060   Data   RO         5312    .constdata          GUI_CM4F_L.lib(f32_1.o)
    0x080124c0   0x00000060   Data   RO         5313    .constdata          GUI_CM4F_L.lib(f32_1.o)
    0x08012520   0x00000060   Data   RO         5314    .constdata          GUI_CM4F_L.lib(f32_1.o)
    0x08012580   0x00000060   Data   RO         5315    .constdata          GUI_CM4F_L.lib(f32_1.o)
    0x080125e0   0x00000020   Data   RO         5316    .constdata          GUI_CM4F_L.lib(f32_1.o)
    0x08012600   0x00000020   Data   RO         5317    .constdata          GUI_CM4F_L.lib(f32_1.o)
    0x08012620   0x00000020   Data   RO         5318    .constdata          GUI_CM4F_L.lib(f32_1.o)
    0x08012640   0x00000020   Data   RO         5319    .constdata          GUI_CM4F_L.lib(f32_1.o)
    0x08012660   0x00000060   Data   RO         5320    .constdata          GUI_CM4F_L.lib(f32_1.o)
    0x080126c0   0x00000060   Data   RO         5321    .constdata          GUI_CM4F_L.lib(f32_1.o)
    0x08012720   0x00000060   Data   RO         5322    .constdata          GUI_CM4F_L.lib(f32_1.o)
    0x08012780   0x00000060   Data   RO         5323    .constdata          GUI_CM4F_L.lib(f32_1.o)
    0x080127e0   0x00000060   Data   RO         5324    .constdata          GUI_CM4F_L.lib(f32_1.o)
    0x08012840   0x00000060   Data   RO         5325    .constdata          GUI_CM4F_L.lib(f32_1.o)
    0x080128a0   0x00000060   Data   RO         5326    .constdata          GUI_CM4F_L.lib(f32_1.o)
    0x08012900   0x00000040   Data   RO         5327    .constdata          GUI_CM4F_L.lib(f32_1.o)
    0x08012940   0x00000060   Data   RO         5328    .constdata          GUI_CM4F_L.lib(f32_1.o)
    0x080129a0   0x00000060   Data   RO         5329    .constdata          GUI_CM4F_L.lib(f32_1.o)
    0x08012a00   0x00000060   Data   RO         5330    .constdata          GUI_CM4F_L.lib(f32_1.o)
    0x08012a60   0x00000060   Data   RO         5331    .constdata          GUI_CM4F_L.lib(f32_1.o)
    0x08012ac0   0x00000060   Data   RO         5332    .constdata          GUI_CM4F_L.lib(f32_1.o)
    0x08012b20   0x00000060   Data   RO         5333    .constdata          GUI_CM4F_L.lib(f32_1.o)
    0x08012b80   0x00000060   Data   RO         5334    .constdata          GUI_CM4F_L.lib(f32_1.o)
    0x08012be0   0x00000060   Data   RO         5335    .constdata          GUI_CM4F_L.lib(f32_1.o)
    0x08012c40   0x00000040   Data   RO         5336    .constdata          GUI_CM4F_L.lib(f32_1.o)
    0x08012c80   0x00000040   Data   RO         5337    .constdata          GUI_CM4F_L.lib(f32_1.o)
    0x08012cc0   0x00000040   Data   RO         5338    .constdata          GUI_CM4F_L.lib(f32_1.o)
    0x08012d00   0x00000040   Data   RO         5339    .constdata          GUI_CM4F_L.lib(f32_1.o)
    0x08012d40   0x00000040   Data   RO         5340    .constdata          GUI_CM4F_L.lib(f32_1.o)
    0x08012d80   0x00000040   Data   RO         5341    .constdata          GUI_CM4F_L.lib(f32_1.o)
    0x08012dc0   0x00000060   Data   RO         5342    .constdata          GUI_CM4F_L.lib(f32_1.o)
    0x08012e20   0x00000040   Data   RO         5343    .constdata          GUI_CM4F_L.lib(f32_1.o)
    0x08012e60   0x00000040   Data   RO         5344    .constdata          GUI_CM4F_L.lib(f32_1.o)
    0x08012ea0   0x00000040   Data   RO         5345    .constdata          GUI_CM4F_L.lib(f32_1.o)
    0x08012ee0   0x00000040   Data   RO         5346    .constdata          GUI_CM4F_L.lib(f32_1.o)
    0x08012f20   0x00000040   Data   RO         5347    .constdata          GUI_CM4F_L.lib(f32_1.o)
    0x08012f60   0x00000020   Data   RO         5348    .constdata          GUI_CM4F_L.lib(f32_1.o)
    0x08012f80   0x00000020   Data   RO         5349    .constdata          GUI_CM4F_L.lib(f32_1.o)
    0x08012fa0   0x00000020   Data   RO         5350    .constdata          GUI_CM4F_L.lib(f32_1.o)
    0x08012fc0   0x00000020   Data   RO         5351    .constdata          GUI_CM4F_L.lib(f32_1.o)
    0x08012fe0   0x00000040   Data   RO         5352    .constdata          GUI_CM4F_L.lib(f32_1.o)
    0x08013020   0x00000040   Data   RO         5353    .constdata          GUI_CM4F_L.lib(f32_1.o)
    0x08013060   0x00000040   Data   RO         5354    .constdata          GUI_CM4F_L.lib(f32_1.o)
    0x080130a0   0x00000040   Data   RO         5355    .constdata          GUI_CM4F_L.lib(f32_1.o)
    0x080130e0   0x00000040   Data   RO         5356    .constdata          GUI_CM4F_L.lib(f32_1.o)
    0x08013120   0x00000040   Data   RO         5357    .constdata          GUI_CM4F_L.lib(f32_1.o)
    0x08013160   0x00000040   Data   RO         5358    .constdata          GUI_CM4F_L.lib(f32_1.o)
    0x080131a0   0x00000040   Data   RO         5359    .constdata          GUI_CM4F_L.lib(f32_1.o)
    0x080131e0   0x00000060   Data   RO         5360    .constdata          GUI_CM4F_L.lib(f32_1.o)
    0x08013240   0x00000040   Data   RO         5361    .constdata          GUI_CM4F_L.lib(f32_1.o)
    0x08013280   0x00000040   Data   RO         5362    .constdata          GUI_CM4F_L.lib(f32_1.o)
    0x080132c0   0x00000040   Data   RO         5363    .constdata          GUI_CM4F_L.lib(f32_1.o)
    0x08013300   0x00000040   Data   RO         5364    .constdata          GUI_CM4F_L.lib(f32_1.o)
    0x08013340   0x00000040   Data   RO         5365    .constdata          GUI_CM4F_L.lib(f32_1.o)
    0x08013380   0x00000040   Data   RO         5366    .constdata          GUI_CM4F_L.lib(f32_1.o)
    0x080133c0   0x00000040   Data   RO         5367    .constdata          GUI_CM4F_L.lib(f32_1.o)
    0x08013400   0x00000300   Data   RO         5368    .constdata          GUI_CM4F_L.lib(f32_1.o)
    0x08013700   0x0000000c   Data   RO         5369    .constdata          GUI_CM4F_L.lib(f32_1.o)
    0x0801370c   0x00000024   Data   RO         5370    .constdata          GUI_CM4F_L.lib(f32_1.o)
    0x08013730   0x00000034   Data   RO         5412    .constdata          GUI_CM4F_L.lib(guidrv_lin_24.o)
    0x08013764   0x00000018   Data   RO         5894    .constdata          GUI_CM4F_L.lib(guicc_16.o)
    0x0801377c   0x00000010   Data   RO         5904    .constdata          GUI_CM4F_L.lib(gui__divtbl_15_255.o)
    0x0801378c   0x00000100   Data   RO         5911    .constdata          GUI_CM4F_L.lib(gui__divtbl_255_15.o)
    0x0801388c   0x00000100   Data   RO         5918    .constdata          GUI_CM4F_L.lib(gui__divtbl_255_31.o)
    0x0801398c   0x00000100   Data   RO         5925    .constdata          GUI_CM4F_L.lib(gui__divtbl_255_63.o)
    0x08013a8c   0x00000020   Data   RO         5932    .constdata          GUI_CM4F_L.lib(gui__divtbl_31_255.o)
    0x08013aac   0x00000040   Data   RO         5939    .constdata          GUI_CM4F_L.lib(gui__divtbl_63_255.o)
    0x08013aec   0x00000010   Data   RO         6093    .constdata          GUI_CM4F_L.lib(gui_uc_encodenone.o)
    0x08013afc   0x00000018   Data   RO         6110    .constdata          GUI_CM4F_L.lib(guicc_0.o)
    0x08013b14   0x00000100   Data   RO         6162    .constdata          GUI_CM4F_L.lib(lcd_mirror.o)
    0x08013c14   0x00000020   Data   RO         6185    .constdata          GUI_CM4F_L.lib(f32_ascii.o)
    0x08013c34   0x00000020   Data   RO         6186    .constdata          GUI_CM4F_L.lib(f32_ascii.o)
    0x08013c54   0x00000040   Data   RO         6187    .constdata          GUI_CM4F_L.lib(f32_ascii.o)
    0x08013c94   0x00000040   Data   RO         6188    .constdata          GUI_CM4F_L.lib(f32_ascii.o)
    0x08013cd4   0x00000040   Data   RO         6189    .constdata          GUI_CM4F_L.lib(f32_ascii.o)
    0x08013d14   0x00000060   Data   RO         6190    .constdata          GUI_CM4F_L.lib(f32_ascii.o)
    0x08013d74   0x00000060   Data   RO         6191    .constdata          GUI_CM4F_L.lib(f32_ascii.o)
    0x08013dd4   0x00000020   Data   RO         6192    .constdata          GUI_CM4F_L.lib(f32_ascii.o)
    0x08013df4   0x00000040   Data   RO         6193    .constdata          GUI_CM4F_L.lib(f32_ascii.o)
    0x08013e34   0x00000040   Data   RO         6194    .constdata          GUI_CM4F_L.lib(f32_ascii.o)
    0x08013e74   0x00000040   Data   RO         6195    .constdata          GUI_CM4F_L.lib(f32_ascii.o)
    0x08013eb4   0x00000040   Data   RO         6196    .constdata          GUI_CM4F_L.lib(f32_ascii.o)
    0x08013ef4   0x00000020   Data   RO         6197    .constdata          GUI_CM4F_L.lib(f32_ascii.o)
    0x08013f14   0x00000040   Data   RO         6198    .constdata          GUI_CM4F_L.lib(f32_ascii.o)
    0x08013f54   0x00000020   Data   RO         6199    .constdata          GUI_CM4F_L.lib(f32_ascii.o)
    0x08013f74   0x00000020   Data   RO         6200    .constdata          GUI_CM4F_L.lib(f32_ascii.o)
    0x08013f94   0x00000040   Data   RO         6201    .constdata          GUI_CM4F_L.lib(f32_ascii.o)
    0x08013fd4   0x00000040   Data   RO         6202    .constdata          GUI_CM4F_L.lib(f32_ascii.o)
    0x08014014   0x00000040   Data   RO         6203    .constdata          GUI_CM4F_L.lib(f32_ascii.o)
    0x08014054   0x00000040   Data   RO         6204    .constdata          GUI_CM4F_L.lib(f32_ascii.o)
    0x08014094   0x00000040   Data   RO         6205    .constdata          GUI_CM4F_L.lib(f32_ascii.o)
    0x080140d4   0x00000040   Data   RO         6206    .constdata          GUI_CM4F_L.lib(f32_ascii.o)
    0x08014114   0x00000040   Data   RO         6207    .constdata          GUI_CM4F_L.lib(f32_ascii.o)
    0x08014154   0x00000040   Data   RO         6208    .constdata          GUI_CM4F_L.lib(f32_ascii.o)
    0x08014194   0x00000040   Data   RO         6209    .constdata          GUI_CM4F_L.lib(f32_ascii.o)
    0x080141d4   0x00000040   Data   RO         6210    .constdata          GUI_CM4F_L.lib(f32_ascii.o)
    0x08014214   0x00000020   Data   RO         6211    .constdata          GUI_CM4F_L.lib(f32_ascii.o)
    0x08014234   0x00000020   Data   RO         6212    .constdata          GUI_CM4F_L.lib(f32_ascii.o)
    0x08014254   0x00000040   Data   RO         6213    .constdata          GUI_CM4F_L.lib(f32_ascii.o)
    0x08014294   0x00000040   Data   RO         6214    .constdata          GUI_CM4F_L.lib(f32_ascii.o)
    0x080142d4   0x00000040   Data   RO         6215    .constdata          GUI_CM4F_L.lib(f32_ascii.o)
    0x08014314   0x00000040   Data   RO         6216    .constdata          GUI_CM4F_L.lib(f32_ascii.o)
    0x08014354   0x00000080   Data   RO         6217    .constdata          GUI_CM4F_L.lib(f32_ascii.o)
    0x080143d4   0x00000060   Data   RO         6218    .constdata          GUI_CM4F_L.lib(f32_ascii.o)
    0x08014434   0x00000060   Data   RO         6219    .constdata          GUI_CM4F_L.lib(f32_ascii.o)
    0x08014494   0x00000060   Data   RO         6220    .constdata          GUI_CM4F_L.lib(f32_ascii.o)
    0x080144f4   0x00000060   Data   RO         6221    .constdata          GUI_CM4F_L.lib(f32_ascii.o)
    0x08014554   0x00000060   Data   RO         6222    .constdata          GUI_CM4F_L.lib(f32_ascii.o)
    0x080145b4   0x00000060   Data   RO         6223    .constdata          GUI_CM4F_L.lib(f32_ascii.o)
    0x08014614   0x00000060   Data   RO         6224    .constdata          GUI_CM4F_L.lib(f32_ascii.o)
    0x08014674   0x00000060   Data   RO         6225    .constdata          GUI_CM4F_L.lib(f32_ascii.o)
    0x080146d4   0x00000020   Data   RO         6226    .constdata          GUI_CM4F_L.lib(f32_ascii.o)
    0x080146f4   0x00000040   Data   RO         6227    .constdata          GUI_CM4F_L.lib(f32_ascii.o)
    0x08014734   0x00000060   Data   RO         6228    .constdata          GUI_CM4F_L.lib(f32_ascii.o)
    0x08014794   0x00000040   Data   RO         6229    .constdata          GUI_CM4F_L.lib(f32_ascii.o)
    0x080147d4   0x00000060   Data   RO         6230    .constdata          GUI_CM4F_L.lib(f32_ascii.o)
    0x08014834   0x00000060   Data   RO         6231    .constdata          GUI_CM4F_L.lib(f32_ascii.o)
    0x08014894   0x00000060   Data   RO         6232    .constdata          GUI_CM4F_L.lib(f32_ascii.o)
    0x080148f4   0x00000060   Data   RO         6233    .constdata          GUI_CM4F_L.lib(f32_ascii.o)
    0x08014954   0x00000060   Data   RO         6234    .constdata          GUI_CM4F_L.lib(f32_ascii.o)
    0x080149b4   0x00000060   Data   RO         6235    .constdata          GUI_CM4F_L.lib(f32_ascii.o)
    0x08014a14   0x00000060   Data   RO         6236    .constdata          GUI_CM4F_L.lib(f32_ascii.o)
    0x08014a74   0x00000040   Data   RO         6237    .constdata          GUI_CM4F_L.lib(f32_ascii.o)
    0x08014ab4   0x00000060   Data   RO         6238    .constdata          GUI_CM4F_L.lib(f32_ascii.o)
    0x08014b14   0x00000060   Data   RO         6239    .constdata          GUI_CM4F_L.lib(f32_ascii.o)
    0x08014b74   0x00000080   Data   RO         6240    .constdata          GUI_CM4F_L.lib(f32_ascii.o)
    0x08014bf4   0x00000060   Data   RO         6241    .constdata          GUI_CM4F_L.lib(f32_ascii.o)
    0x08014c54   0x00000060   Data   RO         6242    .constdata          GUI_CM4F_L.lib(f32_ascii.o)
    0x08014cb4   0x00000060   Data   RO         6243    .constdata          GUI_CM4F_L.lib(f32_ascii.o)
    0x08014d14   0x00000020   Data   RO         6244    .constdata          GUI_CM4F_L.lib(f32_ascii.o)
    0x08014d34   0x00000020   Data   RO         6245    .constdata          GUI_CM4F_L.lib(f32_ascii.o)
    0x08014d54   0x00000020   Data   RO         6246    .constdata          GUI_CM4F_L.lib(f32_ascii.o)
    0x08014d74   0x00000040   Data   RO         6247    .constdata          GUI_CM4F_L.lib(f32_ascii.o)
    0x08014db4   0x00000040   Data   RO         6248    .constdata          GUI_CM4F_L.lib(f32_ascii.o)
    0x08014df4   0x00000040   Data   RO         6249    .constdata          GUI_CM4F_L.lib(f32_ascii.o)
    0x08014e34   0x00000040   Data   RO         6250    .constdata          GUI_CM4F_L.lib(f32_ascii.o)
    0x08014e74   0x00000040   Data   RO         6251    .constdata          GUI_CM4F_L.lib(f32_ascii.o)
    0x08014eb4   0x00000040   Data   RO         6252    .constdata          GUI_CM4F_L.lib(f32_ascii.o)
    0x08014ef4   0x00000040   Data   RO         6253    .constdata          GUI_CM4F_L.lib(f32_ascii.o)
    0x08014f34   0x00000040   Data   RO         6254    .constdata          GUI_CM4F_L.lib(f32_ascii.o)
    0x08014f74   0x00000020   Data   RO         6255    .constdata          GUI_CM4F_L.lib(f32_ascii.o)
    0x08014f94   0x00000040   Data   RO         6256    .constdata          GUI_CM4F_L.lib(f32_ascii.o)
    0x08014fd4   0x00000040   Data   RO         6257    .constdata          GUI_CM4F_L.lib(f32_ascii.o)
    0x08015014   0x00000020   Data   RO         6258    .constdata          GUI_CM4F_L.lib(f32_ascii.o)
    0x08015034   0x00000020   Data   RO         6259    .constdata          GUI_CM4F_L.lib(f32_ascii.o)
    0x08015054   0x00000040   Data   RO         6260    .constdata          GUI_CM4F_L.lib(f32_ascii.o)
    0x08015094   0x00000020   Data   RO         6261    .constdata          GUI_CM4F_L.lib(f32_ascii.o)
    0x080150b4   0x00000060   Data   RO         6262    .constdata          GUI_CM4F_L.lib(f32_ascii.o)
    0x08015114   0x00000040   Data   RO         6263    .constdata          GUI_CM4F_L.lib(f32_ascii.o)
    0x08015154   0x00000040   Data   RO         6264    .constdata          GUI_CM4F_L.lib(f32_ascii.o)
    0x08015194   0x00000040   Data   RO         6265    .constdata          GUI_CM4F_L.lib(f32_ascii.o)
    0x080151d4   0x00000040   Data   RO         6266    .constdata          GUI_CM4F_L.lib(f32_ascii.o)
    0x08015214   0x00000040   Data   RO         6267    .constdata          GUI_CM4F_L.lib(f32_ascii.o)
    0x08015254   0x00000040   Data   RO         6268    .constdata          GUI_CM4F_L.lib(f32_ascii.o)
    0x08015294   0x00000020   Data   RO         6269    .constdata          GUI_CM4F_L.lib(f32_ascii.o)
    0x080152b4   0x00000040   Data   RO         6270    .constdata          GUI_CM4F_L.lib(f32_ascii.o)
    0x080152f4   0x00000040   Data   RO         6271    .constdata          GUI_CM4F_L.lib(f32_ascii.o)
    0x08015334   0x00000060   Data   RO         6272    .constdata          GUI_CM4F_L.lib(f32_ascii.o)
    0x08015394   0x00000040   Data   RO         6273    .constdata          GUI_CM4F_L.lib(f32_ascii.o)
    0x080153d4   0x00000040   Data   RO         6274    .constdata          GUI_CM4F_L.lib(f32_ascii.o)
    0x08015414   0x00000040   Data   RO         6275    .constdata          GUI_CM4F_L.lib(f32_ascii.o)
    0x08015454   0x00000040   Data   RO         6276    .constdata          GUI_CM4F_L.lib(f32_ascii.o)
    0x08015494   0x00000020   Data   RO         6277    .constdata          GUI_CM4F_L.lib(f32_ascii.o)
    0x080154b4   0x00000040   Data   RO         6278    .constdata          GUI_CM4F_L.lib(f32_ascii.o)
    0x080154f4   0x00000040   Data   RO         6279    .constdata          GUI_CM4F_L.lib(f32_ascii.o)
    0x08015534   0x000002f8   Data   RO         6280    .constdata          GUI_CM4F_L.lib(f32_ascii.o)
    0x0801582c   0x0000000c   Data   RO         6281    .constdata          GUI_CM4F_L.lib(f32_ascii.o)
    0x08015838   0x00000074   Data   RO         6306    .constdata          GUI_CM4F_L.lib(guidev_32.o)
    0x080158ac   0x00000018   Data   RO         7126    .constdata          GUI_CM4F_L.lib(guicc_8888.o)
    0x080158c4   0x00000018   Data   RO         7221    .constdata          GUI_CM4F_L.lib(guidev_usagebm.o)
    0x080158dc   0x00000008   Data   RO         7253    .constdata          GUI_CM4F_L.lib(guidev_writetoactiveopaque.o)
    0x080158e4   0x00000020   Data   RO         7817    Region$$Table       anon$$obj.o


    Execution Region RW_IRAM1 (Base: 0x20010000, Size: 0x00006ec0, Max: 0x00040000, ABSOLUTE, COMPRESSED[0x00000090])

    Base Addr    Size         Type   Attr      Idx    E Section Name        Object

    0x20010000   0x00000002   Data   RW           13    .data               main.o
    0x20010002   0x00000002   PAD
    0x20010004   0x0000002e   Data   RW          267    .data               ft5336.o
    0x20010032   0x00000002   Data   RW          593    .data               stm32746g_discovery_sdram.o
    0x20010034   0x0000000a   Data   RW          677    .data               stm32746g_discovery_ts.o
    0x2001003e   0x00000002   PAD
    0x20010040   0x00000024   Data   RW          930    .data               rtx_conf_cm.o
    0x20010064   0x00000004   Data   RW         3322    .data               system_stm32f7xx.o
    0x20010068   0x00000014   Data   RW         3371    .data               gui_x_rte.o
    0x2001007c   0x00000028   Data   RW         3465    .data               gui_x_touch.o
    0x200100a4   0x0000002c   Data   RW         3575    .data               lcdconf.o
    0x200100d0   0x00000008   Data   RW         3908    .data               RTX_CM4.lib(rt_cmsis.o)
    0x200100d8   0x00000008   Data   RW         4451    .data               RTX_CM4.lib(rt_task.o)
    0x200100e0   0x00000004   Data   RW         4527    .data               RTX_CM4.lib(rt_time.o)
    0x200100e4   0x00000008   Data   RW         4645    .data               GUI_CM4F_L.lib(guicc_m1555i.o)
    0x200100ec   0x00000008   Data   RW         4665    .data               GUI_CM4F_L.lib(guicc_m4444i.o)
    0x200100f4   0x00000008   Data   RW         4684    .data               GUI_CM4F_L.lib(guicc_m8888i.o)
    0x200100fc   0x00000028   Data   RW         4706    .data               GUI_CM4F_L.lib(gui__alpha.o)
    0x20010124   0x00000008   Data   RW         4761    .data               GUI_CM4F_L.lib(gui_alloc.o)
    0x2001012c   0x0000002c   Data   RW         4817    .data               GUI_CM4F_L.lib(gui_core.o)
    0x20010158   0x00000004   Data   RW         4818    .data               GUI_CM4F_L.lib(gui_core.o)
    0x2001015c   0x00000004   Data   RW         4820    .data               GUI_CM4F_L.lib(gui_core.o)
    0x20010160   0x00000004   Data   RW         4821    .data               GUI_CM4F_L.lib(gui_core.o)
    0x20010164   0x00000004   Data   RW         4822    .data               GUI_CM4F_L.lib(gui_core.o)
    0x20010168   0x00000004   Data   RW         4823    .data               GUI_CM4F_L.lib(gui_core.o)
    0x2001016c   0x00000004   Data   RW         4824    .data               GUI_CM4F_L.lib(gui_core.o)
    0x20010170   0x00000002   Data   RW         4825    .data               GUI_CM4F_L.lib(gui_core.o)
    0x20010172   0x00000001   Data   RW         4826    .data               GUI_CM4F_L.lib(gui_core.o)
    0x20010173   0x00000001   PAD
    0x20010174   0x00000004   Data   RW         4827    .data               GUI_CM4F_L.lib(gui_core.o)
    0x20010178   0x00000002   Data   RW         4828    .data               GUI_CM4F_L.lib(gui_core.o)
    0x2001017a   0x00000002   Data   RW         4829    .data               GUI_CM4F_L.lib(gui_core.o)
    0x2001017c   0x00000024   Data   RW         4913    .data               GUI_CM4F_L.lib(gui_multibuf.o)
    0x200101a0   0x00000008   Data   RW         4954    .data               GUI_CM4F_L.lib(gui_selectlayer.o)
    0x200101a8   0x00000008   Data   RW         5024    .data               GUI_CM4F_L.lib(guicc_m565.o)
    0x200101b0   0x00000008   Data   RW         5043    .data               GUI_CM4F_L.lib(guicc_m888.o)
    0x200101b8   0x00000004   Data   RW         5074    .data               GUI_CM4F_L.lib(lcd.o)
    0x200101bc   0x00000010   Data   RW         5106    .data               GUI_CM4F_L.lib(lcd_color.o)
    0x200101cc   0x00000008   Data   RW         5467    .data               RTX_CM4.lib(rt_system.o)
    0x200101d4   0x00000008   Data   RW         5755    .data               RTX_CM4.lib(rt_robin.o)
    0x200101dc   0x00000001   Data   RW         5835    .data               RTX_CM4.lib(hal_cm.o)
    0x200101dd   0x00000003   PAD
    0x200101e0   0x0000001c   Data   RW         6061    .data               GUI_CM4F_L.lib(gui_task.o)
    0x200101fc   0x00000064   Data   RW         6387    .data               GUI_CM4F_L.lib(wm.o)
    0x20010260   0x00000001   Data   RW         6388    .data               GUI_CM4F_L.lib(wm.o)
    0x20010261   0x00000003   PAD
    0x20010264   0x00000014   Data   RW         6481    .data               GUI_CM4F_L.lib(gui__managecache.o)
    0x20010278   0x00000010   Data   RW         6557    .data               GUI_CM4F_L.lib(gui_onkey.o)
    0x20010288   0x0000000c   Data   RW         6584    .data               GUI_CM4F_L.lib(gui_pid.o)
    0x20010294   0x0000000c   Data   RW         6634    .data               GUI_CM4F_L.lib(gui_waitevent.o)
    0x200102a0   0x00000004   Data   RW         6700    .data               GUI_CM4F_L.lib(guidev_banding.o)
    0x200102a4   0x00000001   Data   RW         6721    .data               GUI_CM4F_L.lib(guidev_staticdevices.o)
    0x200102a5   0x00000003   PAD
    0x200102a8   0x00000004   Data   RW         6760    .data               GUI_CM4F_L.lib(wm__sendmessage.o)
    0x200102ac   0x0000000c   Data   RW         6856    .data               GUI_CM4F_L.lib(wm_touch.o)
    0x200102b8   0x00000004   Data   RW         6906    .data               GUI_CM4F_L.lib(gui_charline.o)
    0x200102bc   0x00000014   Data   RW         7077    .data               GUI_CM4F_L.lib(gui_timer.o)
    0x200102d0   0x00000004   Data   RW         7525    .data               GUI_CM4F_L.lib(lcd_aa.o)
    0x200102d4   0x00001044   Zero   RW           12    .bss                main.o
    0x20011318   0x00000078   Zero   RW          391    .bss                stm32746g_discovery.o
    0x20011390   0x00000100   Zero   RW          592    .bss                stm32746g_discovery_sdram.o
    0x20011490   0x00000028   Zero   RW          676    .bss                stm32746g_discovery_ts.o
    0x200114b8   0x00004188   Zero   RW          928    .bss                rtx_conf_cm.o
    0x20015640   0x00000040   Zero   RW         3369    .bss                gui_x_rte.o
    0x20015680   0x000004e8   Zero   RW         3573    .bss                lcdconf.o
    0x20015b68   0x00000034   Zero   RW         4450    .bss                RTX_CM4.lib(rt_task.o)
    0x20015b9c   0x000000cc   Zero   RW         4760    .bss                GUI_CM4F_L.lib(gui_alloc.o)
    0x20015c68   0x00000070   Zero   RW         4815    .bss                GUI_CM4F_L.lib(gui_core.o)
    0x20015cd8   0x0000000c   Zero   RW         5008    .bss                GUI_CM4F_L.lib(gui_touch_storestate.o)
    0x20015ce4   0x00000030   Zero   RW         5597    .bss                RTX_CM4.lib(rt_list.o)
    0x20015d14   0x0000000c   Zero   RW         6079    .bss                GUI_CM4F_L.lib(gui_touch.o)
    0x20015d20   0x00000018   Zero   RW         6385    .bss                GUI_CM4F_L.lib(wm.o)
    0x20015d38   0x00000058   Zero   RW         6556    .bss                GUI_CM4F_L.lib(gui_onkey.o)
    0x20015d90   0x00000048   Zero   RW         6583    .bss                GUI_CM4F_L.lib(gui_pid.o)
    0x20015dd8   0x00000048   Zero   RW         6855    .bss                GUI_CM4F_L.lib(wm_touch.o)
    0x20015e20   0x00000028   Zero   RW         6935    .bss                GUI_CM4F_L.lib(gui_curs1.o)
    0x20015e48   0x00000018   Zero   RW         7357    .bss                GUI_CM4F_L.lib(wm_pid__getprevstate.o)
    0x20015e60   0x00000060   Zero   RW         7634    .bss                c_w.l(libspace.o)
    0x20015ec0   0x00000800   Zero   RW         3310    HEAP                startup_stm32f746xx.o
    0x200166c0   0x00000800   Zero   RW         3309    STACK               startup_stm32f746xx.o



  Load Region LR$$.ARM.__AT_0x20000000 (Base: 0x20000000, Size: 0x00000000, Max: 0x00005a00, ABSOLUTE)

    Execution Region ER$$.ARM.__AT_0x20000000 (Base: 0x20000000, Size: 0x00005a00, Max: 0x00005a00, ABSOLUTE, UNINIT)

    Base Addr    Size         Type   Attr      Idx    E Section Name        Object

    0x20000000   0x00005a00   Zero   RW         3571    .ARM.__AT_0x20000000  lcdconf.o



  Load Region LR$$.ARM.__AT_0xC0000000 (Base: 0xc0000000, Size: 0x00000000, Max: 0x0005fa00, ABSOLUTE)

    Execution Region ER$$.ARM.__AT_0xC0000000 (Base: 0xc0000000, Size: 0x0005fa00, Max: 0x0005fa00, ABSOLUTE, UNINIT)

    Base Addr    Size         Type   Attr      Idx    E Section Name        Object

    0xc0000000   0x0005fa00   Zero   RW         3572    .ARM.__AT_0xC0000000  lcdconf.o



  Load Region LR$$.ARM.__AT_0xC0200000 (Base: 0xc0200000, Size: 0x00000000, Max: 0x00200000, ABSOLUTE)

    Execution Region ER$$.ARM.__AT_0xC0200000 (Base: 0xc0200000, Size: 0x00200000, Max: 0x00200000, ABSOLUTE, UNINIT)

    Base Addr    Size         Type   Attr      Idx    E Section Name        Object

    0xc0200000   0x00200000   Zero   RW         3509    .ARM.__AT_0xC0200000  guiconf.o


==============================================================================

Image component sizes


      Code (inc. data)   RO Data    RW Data    ZI Data      Debug   Object Name

       208         12          0          0          0       7583   adc config.o
       900         52          0         46          0      17675   ft5336.o
       200         44         20         20         64       7015   gui_x_rte.o
       492         44          0         40          0       4137   gui_x_touch.o
        28          8          0          0    2097152        563   guiconf.o
       368         42          0          0          0       2618   lcd_x.o
      3916        520          8         44     415976      39463   lcdconf.o
       914         66          0          2       4164     572090   main.o
       126         26         86         36      16776       9439   rtx_conf_cm.o
        64         26        456          0       4096        896   startup_stm32f746xx.o
       676         48          0          0        120       8252   stm32746g_discovery.o
       748         66          0          2        256       4638   stm32746g_discovery_sdram.o
       768         62          0         10         40       5794   stm32746g_discovery_ts.o
       104          6          0          0          0       3184   stm32f7xx_hal.o
      1200         56          0          0          0       5648   stm32f7xx_hal_adc.o
       390         26          0          0          0      37242   stm32f7xx_hal_cortex.o
      4064         46          0          0          0       4064   stm32f7xx_hal_dma.o
       548         52          0          0          0       2544   stm32f7xx_hal_gpio.o
      1824         26          0          0          0      12552   stm32f7xx_hal_i2c.o
      2116         12          0          0          0      13421   stm32f7xx_hal_ltdc.o
       144          8          0          0          0       1372   stm32f7xx_hal_pwr_ex.o
      2216         46         16          0          0       4945   stm32f7xx_hal_rcc.o
      1948         16          0          0          0       2324   stm32f7xx_hal_rcc_ex.o
       164          0          0          0          0       3472   stm32f7xx_hal_sdram.o
       368          0          0          0          0       3700   stm32f7xx_ll_fmc.o
       100         18          0          4          0       1401   system_stm32f7xx.o
        88          0          0          0          0       2492   touch_746g_discovery.o

    ----------------------------------------------------------------------
     24700       1328        620        208    2538644     778524   Object Totals
         0          0         32          0          0          0   (incl. Generated)
        18          0          2          4          0          0   (incl. Padding)

    ----------------------------------------------------------------------

      Code (inc. data)   RO Data    RW Data    ZI Data      Debug   Library Member Name

         0          0       7728          0          0          0   f32_1.o
         0          0       7204          0          0          0   f32_ascii.o
         0          0       1816          0          0          0   f6x8.o
       898         56          0         40          0       1148   gui__alpha.o
       664          0          0          0          0        384   gui__compactpixelindices.o
         0          0         16          0          0          0   gui__divtbl_15_255.o
         0          0        256          0          0          0   gui__divtbl_255_15.o
         0          0        256          0          0          0   gui__divtbl_255_31.o
         0          0        256          0          0          0   gui__divtbl_255_63.o
         0          0         32          0          0          0   gui__divtbl_31_255.o
         0          0         64          0          0          0   gui__divtbl_63_255.o
       322          0          0          0          0        156   gui__expandpixelindices.o
        58          0          0          0          0        116   gui__intersectrect.o
        82          0          0          0          0        128   gui__intersectrects.o
       216          8          0         20          0        252   gui__managecache.o
        76          0          0          0          0        124   gui__memset.o
      1846        114          0          8        204       2992   gui_alloc.o
        46          0          0          0          0        128   gui_alloc_alloczero.o
        60          0          0          0          0        124   gui_calccolordist.o
       164         20          0          0          0        500   gui_char.o
       458         36          0          4          0        760   gui_charline.o
       394         12          0          0          0        492   gui_charm.o
       316         10          0          0          0        624   gui_charp.o
       440         66          8         79        112       1120   gui_core.o
       120          6          0          0         40        136   gui_curs1.o
       434         34          8          0          0       1108   gui_device.o
       264          4          0          0          0        136   gui_dispstring.o
        40          6          0          0          0        136   gui_dispstringat.o
        52          4          0          0          0        140   gui_dispstringhcenter.o
       248          8          0          0          0        280   gui_drawgraph.o
        68          8          0          0          0        248   gui_exec.o
       160          0          0          0          0        248   gui_getbitmappixelindex.o
        48          0          0          0          0        248   gui_getcolor.o
        24          4          0          0          0        124   gui_getdrawmode.o
        54         10          0          0          0        252   gui_getorg.o
        66         12          0          0          0        360   gui_goto.o
        88          0          0          0          0        124   gui_mergerect.o
        30          0          0          0          0        116   gui_moverect.o
        44          6          0         36          0        116   gui_multibuf.o
       102         12          0         16         88        476   gui_onkey.o
        28          4          0          0          0        128   gui_pen.o
       264         38          0         12         72        744   gui_pid.o
        56          0          0          0          0        116   gui_rectsintersect.o
        32         10          0          0          0        232   gui_savecontext.o
       146         14          0          8          0        508   gui_selectlayer.o
        26          0          0          0          0        128   gui_selectlcd.o
        36          4          0          0          0        124   gui_setalpha.o
        44          0          0          0          0        256   gui_setcolor.o
        64          6          0          0          0        128   gui_setdefault.o
        24          0          0          0          0        124   gui_setdrawmode.o
        32          6          0          0          0        128   gui_setfont.o
        28          4          0          0          0        128   gui_setlinestyle.o
        64         16          0          0          0        136   gui_setorg.o
        32          6          0          0          0        128   gui_settextalign.o
        32          6          0          0          0        128   gui_settextmode.o
      1830         20          0          0          0       1264   gui_sprite.o
       364         42          0         28          0        768   gui_task.o
       104          6          0          0          0        132   gui_time.o
       354         16          0         20          0        772   gui_timer.o
        44          6          0          0         12        132   gui_touch.o
        36          6          0          0         12        116   gui_touch_storestate.o
        84         10          0          0          0        264   gui_uc.o
        18          0         16          0          0        464   gui_uc_encodenone.o
        16          4          0         12          0        116   gui_waitevent.o
       198          0         24          0          0        388   guicc_0.o
       172          0         24          0          0        376   guicc_16.o
       228         36         24          0          0        636   guicc_1616i.o
       190          0         24          0          0        356   guicc_8666.o
       194         18         24          0          0        636   guicc_88666i.o
        36          0         24          0          0        480   guicc_8888.o
         2          0          0          0          0        116   guicc_8888_index2color.o
         2          0          0          0          0        116   guicc_888_index2color.o
       290         32         24          8          0        768   guicc_m1555i.o
       312         22         24          8          0        768   guicc_m4444i.o
       258         46         24          8          0        652   guicc_m565.o
       142         16         24          8          0        636   guicc_m888.o
       184         12         24          8          0        644   guicc_m8888i.o
        30          0          0          0          0        124   guicc_m8888i_index2color.o
        20          0          0          0          0        116   guicc_m888_index2color.o
       806         40          0          0          0       1064   guidev.o
      2368         62        116          0          0       2256   guidev_32.o
       340         12          0          4          0        264   guidev_banding.o
        68          4          0          0          0        124   guidev_clear.o
        40          0          0          0          0        128   guidev_getdataptr.o
        52          6          0          0          0        128   guidev_getysize.o
        56          4          0          0          0        128   guidev_reduceysize.o
       100          4          0          0          0        128   guidev_setorg.o
       358         20          0          1          0        284   guidev_staticdevices.o
        84          0          0          0          0        260   guidev_usage.o
       424          4         24          0          0        748   guidev_usagebm.o
       116          4          0          0          0        244   guidev_write.o
       400         14          0          0          0        144   guidev_writetoactivealpha.o
      1854         18          8          0          0        732   guidev_writetoactiveopaque.o
      5166        178         52          0          0       4516   guidrv_lin_24.o
      1730        118         12          4          0       2300   lcd.o
        16          6          0          4          0        116   lcd_aa.o
       276         30          0         16          0        748   lcd_color.o
        32         12          0          0          0        232   lcd_getcolorindex.o
       426         38          0          0          0       2716   lcd_getex.o
        26          0          0          0          0        128   lcd_getnumdisplays.o
         0          0        256          0          0          0   lcd_mirror.o
       504         18          0          0          0        280   lcd_readrect.o
        64          8          0          0          0        128   lcd_selectlcd.o
       304          0          0          0          0        920   lcd_set.o
        48         10          0          0          0        128   lcd_setcliprectex.o
        36          4          0          0          0        128   lcd_updatecolorindices.o
      4658        222          0        101         24       6452   wm.o
        18          0          0          0          0        124   wm__getfirstsibling.o
        36          0          0          0          0        128   wm__getprevsibling.o
        34          0          0          0          0        128   wm__isancestor.o
        22          0          0          0          0        124   wm__isenabled.o
        60          6          0          4          0        136   wm__sendmessage.o
        28          0          0          0          0        140   wm__sendmessageifenabled.o
        38          0          0          0          0        128   wm__sendmessagenopara.o
       220          0          0          0          0        144   wm__updatechildpositions.o
       136          0          0          0          0        140   wm_bringtobottom.o
        60         12          0          0          0        232   wm_criticalhandle.o
        32          0          0          0          0        128   wm_getclientrect.o
        24         10          0          0          0        116   wm_getdesktopwindow.o
        20          4          0          0          0        116   wm_getdesktopwindowex.o
        26          0          0          0          0        124   wm_getfirstchild.o
        32          0          0          0          0        128   wm_getorg.o
        26          0          0          0          0        124   wm_getparent.o
        24          0          0          0          0        124   wm_iswindow.o
       294          0          0          0          0        416   wm_move.o
        16          0          0          0          0        124   wm_notifyparent.o
        64          8          0          0          0        136   wm_onkey.o
        24          6          0          0         24        116   wm_pid__getprevstate.o
       244          0          0          0          0        136   wm_resizewindow.o
       204          6          0          0          0        516   wm_screen2win.o
        26          0          0          0          0        136   wm_sendmessagenopara.o
        38          0          0          0          0        140   wm_sendtoparent.o
        62          8          0          0          0        256   wm_setcapture.o
        72          0          0          0          0        132   wm_setsize.o
       124          0          0          0          0        260   wm_timer.o
      1108         46          0         12         72        536   wm_touch.o
       268         24          0          1          0       4372   hal_cm.o
       408         34          0          0          0        804   hal_cm4.o
      1688        198          0          8          0      43042   rt_cmsis.o
        80          4          0          0          0        689   rt_event.o
       530         34          0          0         48       8525   rt_list.o
       550         10          0          0          0       4125   rt_mailbox.o
       140          0          0          0          0       2009   rt_membox.o
       128          0          0          0          0       2383   rt_memory.o
       336         12          0          0          0       2169   rt_mutex.o
        96         22          0          8          0       1206   rt_robin.o
        52          4          0          0          0        605   rt_semaphore.o
       298         52          0          8          0       6379   rt_system.o
      1212        174          0          8         52       9933   rt_task.o
         6          0          0          4          0        668   rt_time.o
         4          4          0          0          0        188   svc_table.o
        90          0          0          0          0          0   __dczerorl2.o
         8          0          0          0          0         68   __main.o
         0          0          0          0          0          0   __rtentry.o
        20          0          0          0          0          0   __rtentry2.o
         6          0          0          0          0          0   __rtentry4.o
        52          8          0          0          0          0   __scatter.o
        28          0          0          0          0          0   __scatter_zi.o
        16          0          0          0          0         68   aeabi_memset.o
        18          0          0          0          0         80   exit.o
         6          0          0          0          0        152   heapauxi.o
         0          0          0          0          0          0   indicate_semi.o
         2          0          0          0          0          0   libinit.o
         6          0          0          0          0          0   libinit2.o
         2          0          0          0          0          0   libshutdown.o
         2          0          0          0          0          0   libshutdown2.o
         8          4          0          0         96         68   libspace.o
       238          0          0          0          0        100   lludivv7m.o
        88          0          0          0          0         76   memcmp.o
        68          0          0          0          0         68   rt_memclr.o
        78          0          0          0          0         80   rt_memclr_w.o
       138          0          0          0          0         68   rt_memcpy_v6.o
       100          0          0          0          0         80   rt_memcpy_w.o
       132          0          0          0          0         68   rt_memmove_v6.o
       122          0          0          0          0         80   rt_memmove_w.o
         2          0          0          0          0          0   rtexit.o
        10          0          0          0          0          0   rtexit2.o
        12          4          0          0          0         68   sys_exit.o
        74          0          0          0          0         80   sys_stackheap_outer.o
         2          0          0          0          0         68   use_no_semi.o
        10          0          0          0          0        116   fpinit.o

    ----------------------------------------------------------------------
     44612       2372      18392        516        856     146369   Library Totals
       116          0          0         10          0          0   (incl. Padding)

    ----------------------------------------------------------------------

      Code (inc. data)   RO Data    RW Data    ZI Data      Debug   Library Name

     37362       1784      18392        469        660      57884   GUI_CM4F_L.lib
      5796        572          0         37        100      87097   RTX_CM4.lib
      1328         16          0          0         96       1272   c_w.l
        10          0          0          0          0        116   fz_wm.l

    ----------------------------------------------------------------------
     44612       2372      18392        516        856     146369   Library Totals

    ----------------------------------------------------------------------

==============================================================================


      Code (inc. data)   RO Data    RW Data    ZI Data      Debug   

     69312       3700      19012        724    2539500     853169   Grand Totals
     69312       3700      19012        144    2539500     853169   ELF Image Totals (compressed)
     69312       3700      19012        144          0          0   ROM Totals

==============================================================================

    Total RO  Size (Code + RO Data)                88324 (  86.25kB)
    Total RW  Size (RW Data + ZI Data)           2540224 (2480.69kB)
    Total ROM Size (Code + RO Data + RW Data)      88468 (  86.39kB)

==============================================================================

