Component: ARM Compiler 5.06 (build 20) Tool: armlink [4d35a3]

==============================================================================

Section Cross References

    main.o(i.CPU_CACHE_Enable) refers to main.o(i.SCB_EnableDCache) for SCB_EnableDCache
    main.o(i.Error_Handler) refers to led_746g_discovery.o(i.LED_On) for LED_On
    main.o(i.Error_Handler) refers to rt_cmsis.o(i.osDelay) for osDelay
    main.o(i.Error_Handler) refers to led_746g_discovery.o(i.LED_Off) for LED_Off
    main.o(i.HAL_GetTick) refers to rt_time.o(.data) for os_time
    main.o(i.MPU_Config) refers to stm32f7xx_hal_cortex.o(i.HAL_MPU_ConfigRegion) for HAL_MPU_ConfigRegion
    main.o(i.SystemClock_Config) refers to stm32f7xx_hal_rcc.o(i.HAL_RCC_OscConfig) for HAL_RCC_OscConfig
    main.o(i.SystemClock_Config) refers to main.o(i.Error_Handler) for Error_Handler
    main.o(i.SystemClock_Config) refers to stm32f7xx_hal_pwr_ex.o(i.HAL_PWREx_EnableOverDrive) for HAL_PWREx_EnableOverDrive
    main.o(i.SystemClock_Config) refers to stm32f7xx_hal_rcc.o(i.HAL_RCC_ClockConfig) for HAL_RCC_ClockConfig
    main.o(i.main) refers to main.o(i.MPU_Config) for MPU_Config
    main.o(i.main) refers to main.o(i.CPU_CACHE_Enable) for CPU_CACHE_Enable
    main.o(i.main) refers to rt_cmsis.o(i.osKernelInitialize) for osKernelInitialize
    main.o(i.main) refers to stm32f7xx_hal.o(i.HAL_Init) for HAL_Init
    main.o(i.main) refers to main.o(i.Error_Handler) for Error_Handler
    main.o(i.main) refers to stm32746g_discovery_sdram.o(i.BSP_SDRAM_Init) for BSP_SDRAM_Init
    main.o(i.main) refers to touch_746g_discovery.o(i.Touch_Initialize) for Touch_Initialize
    main.o(i.main) refers to adc config.o(i.ConfigureDMA) for ConfigureDMA
    main.o(i.main) refers to adc config.o(i.ADC_INIT) for ADC_INIT
    main.o(i.main) refers to main.o(i.SystemClock_Config) for SystemClock_Config
    main.o(i.main) refers to rt_cmsis.o(i.osKernelStart) for osKernelStart
    main.o(i.main) refers to rt_cmsis.o(i.osThreadGetId) for osThreadGetId
    main.o(i.main) refers to stm32f7xx_hal_gpio.o(i.HAL_GPIO_Init) for HAL_GPIO_Init
    main.o(i.main) refers to stm32f7xx_hal_gpio.o(i.HAL_GPIO_WritePin) for HAL_GPIO_WritePin
    main.o(i.main) refers to gui_core.o(i.GUI_Init) for GUI_Init
    main.o(i.main) refers to rt_cmsis.o(i.osDelay) for osDelay
    main.o(i.main) refers to gui_core.o(i.GUI_Clear) for GUI_Clear
    main.o(i.main) refers to gui_setcolor.o(i.GUI_SetColor) for GUI_SetColor
    main.o(i.main) refers to gui_setfont.o(i.GUI_SetFont) for GUI_SetFont
    main.o(i.main) refers to gui_dispstringhcenter.o(i.GUI_DispStringHCenterAt) for GUI_DispStringHCenterAt
    main.o(i.main) refers to gui_selectlayer.o(i.GUI_SelectLayer) for GUI_SelectLayer
    main.o(i.main) refers to guidev.o(i.GUI_MEMDEV_Create) for GUI_MEMDEV_Create
    main.o(i.main) refers to guidev.o(i.GUI_MEMDEV_Select) for GUI_MEMDEV_Select
    main.o(i.main) refers to guidev_clear.o(i.GUI_MEMDEV_Clear) for GUI_MEMDEV_Clear
    main.o(i.main) refers to gui_setcolor.o(i.GUI_SetBkColor) for GUI_SetBkColor
    main.o(i.main) refers to gui_pen.o(i.GUI_SetPenSize) for GUI_SetPenSize
    main.o(i.main) refers to gui_settextmode.o(i.GUI_SetTextMode) for GUI_SetTextMode
    main.o(i.main) refers to gui_selectlayer.o(i.GUI_SetLayerAlphaEx) for GUI_SetLayerAlphaEx
    main.o(i.main) refers to gui_curs1.o(i.GUI_CURSOR_GetState) for GUI_CURSOR_GetState
    main.o(i.main) refers to gui_curs1.o(i.GUI_CURSOR_Select) for GUI_CURSOR_Select
    main.o(i.main) refers to gui_curs1.o(i.GUI_CURSOR_Show) for GUI_CURSOR_Show
    main.o(i.main) refers to guidev.o(i.GUI_MEMDEV_CopyToLCD) for GUI_MEMDEV_CopyToLCD
    main.o(i.main) refers to stm32f7xx_hal_adc.o(i.HAL_ADC_Start_DMA) for HAL_ADC_Start_DMA
    main.o(i.main) refers to rt_cmsis.o(i.osSignalWait) for osSignalWait
    main.o(i.main) refers to touch_746g_discovery.o(i.Touch_GetState) for Touch_GetState
    main.o(i.main) refers to gui_curs1.o(i.GUI_CURSOR_SetPosition) for GUI_CURSOR_SetPosition
    main.o(i.main) refers to main.o(i.Trigger) for Trigger
    main.o(i.main) refers to gui_drawhline.o(i.GUI_DrawHLine) for GUI_DrawHLine
    main.o(i.main) refers to gui_circ.o(i.GUI_FillCircle) for GUI_FillCircle
    main.o(i.main) refers to gui_circ.o(i.GUI_DrawCircle) for GUI_DrawCircle
    main.o(i.main) refers to gui_drawgraph.o(i.GUI_DrawGraph) for GUI_DrawGraph
    main.o(i.main) refers to rt_cmsis.o(i.osSignalClear) for osSignalClear
    main.o(i.main) refers to main.o(.bss) for g_AdcHandle
    main.o(i.main) refers to main.o(.data) for Main_thID
    main.o(i.main) refers to f16_1.o(.constdata) for GUI_Font16_1
    main.o(i.main) refers to f32_1.o(.constdata) for GUI_Font32_1
    main.o(i.main) refers to gui_cursorcrossm.o(.constdata) for GUI_CursorCrossM
    main.o(i.main) refers to main.o(.ARM.__AT_0xC0400000) for values
    adc config.o(i.ADC_INIT) refers to stm32f7xx_hal_gpio.o(i.HAL_GPIO_Init) for HAL_GPIO_Init
[...]
    0x08010fa4   0x0000005e   Code   RO         6329    i._GetPixelIndex    GUI_CM4F_L.lib(gui_sprite.o)
    0x08011002   0x0000000e   Code   RO         6759    i._GetPixelIndex    GUI_CM4F_L.lib(guidev_32.o)
    0x08011010   0x00000088   Code   RO         3547    i._GetPixelformat   lcdconf.o
    0x08011098   0x0000001c   Code   RO         5557    i._GetPos           GUI_CM4F_L.lib(guidrv_lin_24.o)
    0x080110b4   0x00000016   Code   RO         5558    i._GetRect          GUI_CM4F_L.lib(guidrv_lin_24.o)
    0x080110ca   0x0000000e   Code   RO         6330    i._GetRect          GUI_CM4F_L.lib(gui_sprite.o)
    0x080110d8   0x00000030   Code   RO         6760    i._GetRect          GUI_CM4F_L.lib(guidev_32.o)
    0x08011108   0x0000003c   Code   RO         6402    i._GetTaskNo        GUI_CM4F_L.lib(gui_task.o)
    0x08011144   0x00000010   Code   RO         6255    i._GotoX            GUI_CM4F_L.lib(gui_goto.o)
    0x08011154   0x00000010   Code   RO         6256    i._GotoY            GUI_CM4F_L.lib(gui_goto.o)
    0x08011164   0x00000058   Code   RO         5082    i._Index2ColorBulk  GUI_CM4F_L.lib(guicc_m565.o)
    0x080111bc   0x00000034   Code   RO         5101    i._Index2ColorBulk  GUI_CM4F_L.lib(guicc_m888.o)
    0x080111f0   0x0000000e   Code   RO         6465    i._Index2ColorBulk  GUI_CM4F_L.lib(guicc_8888.o)
    0x080111fe   0x00000002   PAD
    0x08011200   0x0000004c   Code   RO         4594    i._Index2ColorBulk_1616I  GUI_CM4F_L.lib(guicc_1616i.o)
    0x0801124c   0x00000044   Code   RO         4625    i._Index2ColorBulk_88666I  GUI_CM4F_L.lib(guicc_88666i.o)
    0x08011290   0x0000005c   Code   RO         4643    i._Index2ColorBulk_M1555I  GUI_CM4F_L.lib(guicc_m1555i.o)
    0x080112ec   0x0000001c   Code   RO         3548    i._Index2ColorBulk_M1555I_DMA2D  lcdconf.o
    0x08011308   0x0000005c   Code   RO         4663    i._Index2ColorBulk_M4444I  GUI_CM4F_L.lib(guicc_m4444i.o)
    0x08011364   0x0000001c   Code   RO         3549    i._Index2ColorBulk_M4444I_DMA2D  lcdconf.o
    0x08011380   0x00000044   Code   RO         4683    i._Index2ColorBulk_M8888I  GUI_CM4F_L.lib(guicc_m8888i.o)
    0x080113c4   0x0000001c   Code   RO         3550    i._Index2ColorBulk_M8888I_DMA2D  lcdconf.o
    0x080113e0   0x0000001c   Code   RO         3551    i._Index2ColorBulk_M888_DMA2D  lcdconf.o
    0x080113fc   0x00000020   Code   RO         6441    i._Index2Color_0    GUI_CM4F_L.lib(guicc_0.o)
    0x0801141c   0x00000036   Code   RO         6092    i._Index2Color_16   GUI_CM4F_L.lib(guicc_16.o)
    0x08011452   0x00000002   PAD
    0x08011454   0x00000028   Code   RO         4595    i._Index2Color_1616I  GUI_CM4F_L.lib(guicc_1616i.o)
    0x0801147c   0x00000020   Code   RO         4626    i._Index2Color_88666I  GUI_CM4F_L.lib(guicc_88666i.o)
    0x0801149c   0x00000030   Code   RO         4644    i._Index2Color_M1555I  GUI_CM4F_L.lib(guicc_m1555i.o)
    0x080114cc   0x00000030   Code   RO         4664    i._Index2Color_M4444I  GUI_CM4F_L.lib(guicc_m4444i.o)
    0x080114fc   0x00000018   Code   RO         5559    i._Init             GUI_CM4F_L.lib(guidrv_lin_24.o)
    0x08011514   0x00000070   Code   RO         4838    i._InitContext      GUI_CM4F_L.lib(gui_core.o)
    0x08011584   0x000000a8   Code   RO         4753    i._InitOnce         GUI_CM4F_L.lib(gui_alloc.o)
    0x0801162c   0x00000024   Code   RO         5560    i._InitOnce         GUI_CM4F_L.lib(guidrv_lin_24.o)
    0x08011650   0x00000080   Code   RO         6884    i._Invalidate1Abs   GUI_CM4F_L.lib(wm.o)
    0x080116d0   0x00000014   Code   RO         3552    i._InvertAlpha      lcdconf.o
    0x080116e4   0x0000002c   Code   RO         3553    i._InvertAlpha_SwapRB  lcdconf.o
    0x08011710   0x00000060   Code   RO         3554    i._LCD_CopyBuffer   lcdconf.o
    0x08011770   0x0000009c   Code   RO         3555    i._LCD_CopyRect     lcdconf.o
    0x0801180c   0x0000001c   Code   RO         3556    i._LCD_DisplayOff   lcdconf.o
    0x08011828   0x0000001c   Code   RO         3557    i._LCD_DisplayOn    lcdconf.o
    0x08011844   0x00000084   Code   RO         3558    i._LCD_DrawBitmap16bpp  lcdconf.o
    0x080118c8   0x00000084   Code   RO         3559    i._LCD_DrawBitmap8bpp  lcdconf.o
    0x0801194c   0x000000a8   Code   RO         3560    i._LCD_FillRect     lcdconf.o
    0x080119f4   0x00000070   Code   RO         3561    i._LCD_GetpPalConvTable  lcdconf.o
    0x08011a64   0x000001cc   Code   RO         3562    i._LCD_InitController  lcdconf.o
    0x08011c30   0x00000084   Code   RO         3563    i._LCD_MixColorsBulk  lcdconf.o
    0x08011cb4   0x0000002c   Code   RO         3564    i._LCD_SetChroma    lcdconf.o
    0x08011ce0   0x00000020   Code   RO         3565    i._LCD_SetChromaMode  lcdconf.o
    0x08011d00   0x00000034   Code   RO         3566    i._LCD_SetLUTEntry  lcdconf.o
    0x08011d34   0x00000018   Code   RO         3567    i._LCD_SetLayerAlpha  lcdconf.o
    0x08011d4c   0x0000001c   Code   RO         3568    i._LCD_SetLayerPos  lcdconf.o
    0x08011d68   0x0000001c   Code   RO         3569    i._LCD_SetLayerSize  lcdconf.o
    0x08011d84   0x00000044   Code   RO         3570    i._LCD_SetOrg       lcdconf.o
    0x08011dc8   0x0000004c   Code   RO         3571    i._LCD_SetVis       lcdconf.o
    0x08011e14   0x00000016   Code   RO         6331    i._Link             GUI_CM4F_L.lib(gui_sprite.o)
    0x08011e2a   0x00000002   Code   RO         7380    i._Log2VisBuffered  GUI_CM4F_L.lib(gui_charline.o)
    0x08011e2c   0x0000000a   Code   RO         5561    i._Off              GUI_CM4F_L.lib(guidrv_lin_24.o)
    0x08011e36   0x0000000a   Code   RO         5562    i._On               GUI_CM4F_L.lib(guidrv_lin_24.o)
    0x08011e40   0x00000028   Code   RO         4706    i._OnExit           GUI_CM4F_L.lib(gui__alpha.o)
    0x08011e68   0x00000034   Code   RO         4754    i._OnExit           GUI_CM4F_L.lib(gui_alloc.o)
    0x08011e9c   0x0000002c   Code   RO         4839    i._OnExit           GUI_CM4F_L.lib(gui_core.o)
    0x08011ec8   0x00000018   Code   RO         4886    i._OnExit           GUI_CM4F_L.lib(gui_curs1.o)
    0x08011ee0   0x00000014   Code   RO         5165    i._OnExit           GUI_CM4F_L.lib(lcd_color.o)
    0x08011ef4   0x00000014   Code   RO         6403    i._OnExit           GUI_CM4F_L.lib(gui_task.o)
    0x08011f08   0x00000034   Code   RO         6885    i._OnExit           GUI_CM4F_L.lib(wm.o)
    0x08011f3c   0x0000004a   Code   RO         6332    i._PixelExists      GUI_CM4F_L.lib(gui_sprite.o)
    0x08011f86   0x00000002   PAD
    0x08011f88   0x00000040   Code   RO         4755    i._PopFreeBlock     GUI_CM4F_L.lib(gui_alloc.o)
    0x08011fc8   0x00000028   Code   RO         4756    i._PushFreeBlock    GUI_CM4F_L.lib(gui_alloc.o)
    0x08011ff0   0x0000001c   Code   RO         6333    i._ReleaseBuffer    GUI_CM4F_L.lib(gui_sprite.o)
    0x0801200c   0x00000034   Code   RO         4757    i._RemoveFreeBlock  GUI_CM4F_L.lib(gui_alloc.o)
    0x08012040   0x000000a0   Code   RO         4758    i._RemoveHoles      GUI_CM4F_L.lib(gui_alloc.o)
    0x080120e0   0x00000026   Code   RO         5563    i._SetAlpha         GUI_CM4F_L.lib(guidrv_lin_24.o)
    0x08012106   0x00000010   Code   RO         5564    i._SetAlphaMode     GUI_CM4F_L.lib(guidrv_lin_24.o)
    0x08012116   0x00000002   PAD
    0x08012118   0x00000020   Code   RO         5130    i._SetBkColor       GUI_CM4F_L.lib(lcd.o)
    0x08012138   0x0000004a   Code   RO         6336    i._SetBkIndexBuffered  GUI_CM4F_L.lib(gui_sprite.o)
    0x08012182   0x00000012   Code   RO         5565    i._SetChroma        GUI_CM4F_L.lib(guidrv_lin_24.o)
    0x08012194   0x00000010   Code   RO         5566    i._SetChromaMode    GUI_CM4F_L.lib(guidrv_lin_24.o)
    0x080121a4   0x0000004c   Code   RO         6889    i._SetClipRectUserIntersect  GUI_CM4F_L.lib(wm.o)
    0x080121f0   0x00000020   Code   RO         5131    i._SetColor         GUI_CM4F_L.lib(lcd.o)
    0x08012210   0x0000003c   Code   RO         5567    i._SetDevFunc       GUI_CM4F_L.lib(guidrv_lin_24.o)
    0x0801224c   0x0000002c   Code   RO         5132    i._SetDrawMode      GUI_CM4F_L.lib(lcd.o)
    0x08012278   0x000000a4   Code   RO         5568    i._SetOrg           GUI_CM4F_L.lib(guidrv_lin_24.o)
    0x0801231c   0x0000000e   Code   RO         6337    i._SetOrg           GUI_CM4F_L.lib(gui_sprite.o)
    0x0801232a   0x00000008   Code   RO         6761    i._SetOrg           GUI_CM4F_L.lib(guidev_32.o)
    0x08012332   0x00000082   Code   RO         5569    i._SetPixelIndex    GUI_CM4F_L.lib(guidrv_lin_24.o)
    0x080123b4   0x000000bc   Code   RO         6338    i._SetPixelIndex    GUI_CM4F_L.lib(gui_sprite.o)
    0x08012470   0x00000048   Code   RO         6762    i._SetPixelIndex    GUI_CM4F_L.lib(guidev_32.o)
    0x080124b8   0x0000002e   Code   RO         5570    i._SetPos           GUI_CM4F_L.lib(guidrv_lin_24.o)
    0x080124e6   0x00000002   PAD
    0x080124e8   0x0000045c   Code   RO         6339    i._SetPosition      GUI_CM4F_L.lib(gui_sprite.o)
    0x08012944   0x00000044   Code   RO         5571    i._SetSize          GUI_CM4F_L.lib(guidrv_lin_24.o)
    0x08012988   0x00000028   Code   RO         5572    i._SetVRAMAddr      GUI_CM4F_L.lib(guidrv_lin_24.o)
    0x080129b0   0x0000002a   Code   RO         5573    i._SetVSize         GUI_CM4F_L.lib(guidrv_lin_24.o)
    0x080129da   0x00000026   Code   RO         5574    i._SetVis           GUI_CM4F_L.lib(guidrv_lin_24.o)
    0x08012a00   0x00000038   Code   RO         4887    i._Show             GUI_CM4F_L.lib(gui_curs1.o)
    0x08012a38   0x00000024   Code   RO         5575    i._ShowBuffer       GUI_CM4F_L.lib(guidrv_lin_24.o)
    0x08012a5c   0x000001ec   Code   RO         6340    i._SpriteDraw       GUI_CM4F_L.lib(gui_sprite.o)
    0x08012c48   0x000000ea   Code   RO         4759    i._TestRAM          GUI_CM4F_L.lib(gui_alloc.o)
    0x08012d32   0x00000002   PAD
    0x08012d34   0x000000ec   Code   RO         6341    i._Undraw           GUI_CM4F_L.lib(gui_sprite.o)
    0x08012e20   0x00000016   Code   RO         6342    i._Unlink           GUI_CM4F_L.lib(gui_sprite.o)
    0x08012e36   0x00000002   PAD
    0x08012e38   0x00000030   Code   RO         4929    i._UnlinkDevice     GUI_CM4F_L.lib(gui_device.o)
    0x08012e68   0x0000000e   Code   RO         4760    i._WriteTagData     GUI_CM4F_L.lib(gui_alloc.o)
    0x08012e76   0x00000002   PAD
    0x08012e78   0x00000340   Code   RO         6823    i._WriteToActiveOpaque_8  GUI_CM4F_L.lib(guidev_writetoactiveopaque.o)
    0x080131b8   0x00000344   Code   RO         6824    i._WriteToActiveOpaque_HT  GUI_CM4F_L.lib(guidev_writetoactiveopaque.o)
    0x080134fc   0x0000003c   Code   RO         6763    i._XY2PTR           GUI_CM4F_L.lib(guidev_32.o)
    0x08013538   0x00000028   Code   RO         5576    i._XorPixel         GUI_CM4F_L.lib(guidrv_lin_24.o)
    0x08013560   0x000000dc   Code   RO         6343    i._XorPixel         GUI_CM4F_L.lib(gui_sprite.o)
    0x0801363c   0x00000058   Code   RO         6764    i._XorPixel         GUI_CM4F_L.lib(guidev_32.o)
    0x08013694   0x00000050   Code   RO         6890    i._cbBackWin        GUI_CM4F_L.lib(wm.o)
    0x080136e4   0x00000046   Code   RO         5974    i._init_box         RTX_CM4.lib(rt_membox.o)
    0x0801372a   0x00000002   PAD
    0x0801372c   0x00000020   Code   RO          963    i._mutex_acquire    rtx_conf_cm.o
    0x0801374c   0x0000001c   Code   RO          965    i._mutex_release    rtx_conf_cm.o
    0x08013768   0x00000004   Code   RO           11    i.assert_failed     main.o
    0x0801376c   0x00000030   Code   RO         6027    i.dbg_init          RTX_CM4.lib(hal_cm.o)
    0x0801379c   0x00000020   Code   RO         6028    i.dbg_task_notify   RTX_CM4.lib(hal_cm.o)
    0x080137bc   0x00000010   Code   RO         6029    i.dbg_task_switch   RTX_CM4.lib(hal_cm.o)
    0x080137cc   0x0000000c   Code   RO          295    i.ft5336_Get_I2C_InitializedStatus  ft5336.o
    0x080137d8   0x00000018   Code   RO          296    i.ft5336_I2C_InitializeIfRequired  ft5336.o
    0x080137f0   0x00000010   Code   RO          297    i.ft5336_Init       ft5336.o
    0x08013800   0x0000003a   Code   RO          298    i.ft5336_ReadID     ft5336.o
    0x0801383a   0x00000002   Code   RO          299    i.ft5336_Reset      ft5336.o
    0x0801383c   0x00000002   Code   RO          300    i.ft5336_TS_ClearIT  ft5336.o
    0x0801383e   0x00000006   Code   RO          301    i.ft5336_TS_Configure  ft5336.o
    0x08013844   0x00000040   Code   RO          302    i.ft5336_TS_DetectTouch  ft5336.o
    0x08013884   0x00000014   Code   RO          303    i.ft5336_TS_DisableIT  ft5336.o
    0x08013898   0x00000014   Code   RO          304    i.ft5336_TS_EnableIT  ft5336.o
    0x080138ac   0x0000001c   Code   RO          305    i.ft5336_TS_GetGestureID  ft5336.o
    0x080138c8   0x00000108   Code   RO          306    i.ft5336_TS_GetTouchInfo  ft5336.o
    0x080139d0   0x00000164   Code   RO          307    i.ft5336_TS_GetXY   ft5336.o
    0x08013b34   0x00000006   Code   RO          308    i.ft5336_TS_ITStatus  ft5336.o
    0x08013b3a   0x00000016   Code   RO          309    i.ft5336_TS_Start   ft5336.o
    0x08013b50   0x0000002a   Code   RO         3815    i.isrMessageGet     RTX_CM4.lib(rt_cmsis.o)
    0x08013b7a   0x0000002c   Code   RO         3816    i.isrMessagePut     RTX_CM4.lib(rt_cmsis.o)
    0x08013ba6   0x00000024   Code   RO         3818    i.isrSignalSet      RTX_CM4.lib(rt_cmsis.o)
    0x08013bca   0x00000002   PAD
    0x08013bcc   0x00000028   Code   RO         5744    i.isr_evt_set       RTX_CM4.lib(rt_event.o)
    0x08013bf4   0x00000052   Code   RO         5862    i.isr_mbx_receive   RTX_CM4.lib(rt_mailbox.o)
    0x08013c46   0x0000000e   Code   RO         5863    i.isr_mbx_send      RTX_CM4.lib(rt_mailbox.o)
    0x08013c54   0x000003e0   Code   RO           12    i.main              main.o
    0x08014034   0x00000018   Code   RO         3819    i.osDelay           RTX_CM4.lib(rt_cmsis.o)
    0x0801404c   0x00000024   Code   RO         3820    i.osKernelInitialize  RTX_CM4.lib(rt_cmsis.o)
    0x08014070   0x0000006c   Code   RO         3822    i.osKernelStart     RTX_CM4.lib(rt_cmsis.o)
    0x080140dc   0x00000018   Code   RO         3831    i.osMessageGet      RTX_CM4.lib(rt_cmsis.o)
    0x080140f4   0x00000030   Code   RO         3833    i.osMutexCreate     RTX_CM4.lib(rt_cmsis.o)
    0x08014124   0x00000018   Code   RO         3835    i.osMutexRelease    RTX_CM4.lib(rt_cmsis.o)
    0x0801413c   0x00000018   Code   RO         3836    i.osMutexWait       RTX_CM4.lib(rt_cmsis.o)
    0x08014154   0x00000018   Code   RO         3845    i.osSignalClear     RTX_CM4.lib(rt_cmsis.o)
    0x0801416c   0x00000018   Code   RO         3846    i.osSignalSet       RTX_CM4.lib(rt_cmsis.o)
    0x08014184   0x00000018   Code   RO         3847    i.osSignalWait      RTX_CM4.lib(rt_cmsis.o)
    0x0801419c   0x00000030   Code   RO         3848    i.osThreadCreate    RTX_CM4.lib(rt_cmsis.o)
    0x080141cc   0x00000018   Code   RO         3849    i.osThreadExit      RTX_CM4.lib(rt_cmsis.o)
    0x080141e4   0x00000018   Code   RO         3850    i.osThreadGetId     RTX_CM4.lib(rt_cmsis.o)
    0x080141fc   0x0000000c   Code   RO         3855    i.osTimerCall       RTX_CM4.lib(rt_cmsis.o)
    0x08014208   0x00000034   Code   RO         3856    i.osTimerCreate     RTX_CM4.lib(rt_cmsis.o)
    0x0801423c   0x00000018   Code   RO         3858    i.osTimerStart      RTX_CM4.lib(rt_cmsis.o)
    0x08014254   0x0000002c   Code   RO         3860    i.osTimerThread     RTX_CM4.lib(rt_cmsis.o)
    0x08014280   0x00000022   Code   RO          966    i.os_error          rtx_conf_cm.o
    0x080142a2   0x00000004   Code   RO          967    i.os_idle_demon     rtx_conf_cm.o
    0x080142a6   0x00000002   PAD
    0x080142a8   0x00000028   Code   RO         5654    i.os_tick_init      RTX_CM4.lib(rt_system.o)
    0x080142d0   0x00000002   Code   RO         5655    i.os_tick_irqack    RTX_CM4.lib(rt_system.o)
    0x080142d2   0x0000001a   Code   RO         5975    i.rt_alloc_box      RTX_CM4.lib(rt_membox.o)
    0x080142ec   0x0000003e   Code   RO         6003    i.rt_alloc_mem      RTX_CM4.lib(rt_memory.o)
    0x0801432a   0x00000002   PAD
    0x0801432c   0x00000038   Code   RO         4440    i.rt_block          RTX_CM4.lib(rt_task.o)
    0x08014364   0x00000048   Code   RO         5952    i.rt_chk_robin      RTX_CM4.lib(rt_robin.o)
    0x080143ac   0x00000070   Code   RO         5786    i.rt_dec_dly        RTX_CM4.lib(rt_list.o)
    0x0801441c   0x00000044   Code   RO         4441    i.rt_dispatch       RTX_CM4.lib(rt_task.o)
    0x08014460   0x00000006   Code   RO         4524    i.rt_dly_wait       RTX_CM4.lib(rt_time.o)
    0x08014466   0x00000002   PAD
    0x08014468   0x0000001c   Code   RO         5745    i.rt_evt_clr        RTX_CM4.lib(rt_event.o)
    0x08014484   0x00000050   Code   RO         5747    i.rt_evt_psh        RTX_CM4.lib(rt_event.o)
    0x080144d4   0x0000005c   Code   RO         5748    i.rt_evt_set        RTX_CM4.lib(rt_event.o)
    0x08014530   0x0000003c   Code   RO         5749    i.rt_evt_wait       RTX_CM4.lib(rt_event.o)
    0x0801456c   0x0000002c   Code   RO         5976    i.rt_free_box       RTX_CM4.lib(rt_membox.o)
    0x08014598   0x00000028   Code   RO         6004    i.rt_free_mem       RTX_CM4.lib(rt_memory.o)
    0x080145c0   0x00000028   Code   RO         5787    i.rt_get_first      RTX_CM4.lib(rt_list.o)
    0x080145e8   0x00000008   Code   RO         3865    i.rt_id2obj         RTX_CM4.lib(rt_cmsis.o)
    0x080145f0   0x00000048   Code   RO         4442    i.rt_init_context   RTX_CM4.lib(rt_task.o)
    0x08014638   0x0000001a   Code   RO         6005    i.rt_init_mem       RTX_CM4.lib(rt_memory.o)
    0x08014652   0x00000002   PAD
    0x08014654   0x00000018   Code   RO         5953    i.rt_init_robin     RTX_CM4.lib(rt_robin.o)
    0x0801466c   0x00000080   Code   RO         6030    i.rt_init_stack     RTX_CM4.lib(hal_cm.o)
    0x080146ec   0x00000008   Code   RO         5864    i.rt_mbx_check      RTX_CM4.lib(rt_mailbox.o)
    0x080146f4   0x0000001a   Code   RO         5865    i.rt_mbx_init       RTX_CM4.lib(rt_mailbox.o)
    0x0801470e   0x00000002   PAD
    0x08014710   0x000000f0   Code   RO         5866    i.rt_mbx_psh        RTX_CM4.lib(rt_mailbox.o)
    0x08014800   0x000000b4   Code   RO         5868    i.rt_mbx_wait       RTX_CM4.lib(rt_mailbox.o)
    0x080148b4   0x00000044   Code   RO         3866    i.rt_ms2tick        RTX_CM4.lib(rt_cmsis.o)
    0x080148f8   0x00000010   Code   RO         4558    i.rt_mut_init       RTX_CM4.lib(rt_mutex.o)
    0x08014908   0x000000d8   Code   RO         4559    i.rt_mut_release    RTX_CM4.lib(rt_mutex.o)
    0x080149e0   0x00000068   Code   RO         4560    i.rt_mut_wait       RTX_CM4.lib(rt_mutex.o)
    0x08014a48   0x0000007c   Code   RO         5658    i.rt_pop_req        RTX_CM4.lib(rt_system.o)
    0x08014ac4   0x00000020   Code   RO         5659    i.rt_psh_req        RTX_CM4.lib(rt_system.o)
    0x08014ae4   0x0000005c   Code   RO         5789    i.rt_psq_enq        RTX_CM4.lib(rt_list.o)
    0x08014b40   0x00000048   Code   RO         5790    i.rt_put_dly        RTX_CM4.lib(rt_list.o)
    0x08014b88   0x00000036   Code   RO         5791    i.rt_put_prio       RTX_CM4.lib(rt_list.o)
    0x08014bbe   0x00000002   PAD
    0x08014bc0   0x00000014   Code   RO         5792    i.rt_put_rdy_first  RTX_CM4.lib(rt_list.o)
    0x08014bd4   0x00000034   Code   RO         5793    i.rt_resort_prio    RTX_CM4.lib(rt_list.o)
    0x08014c08   0x00000010   Code   RO         6031    i.rt_ret_regs       RTX_CM4.lib(hal_cm.o)
    0x08014c18   0x0000000c   Code   RO         6032    i.rt_ret_val        RTX_CM4.lib(hal_cm.o)
    0x08014c24   0x00000010   Code   RO         6033    i.rt_ret_val2       RTX_CM4.lib(hal_cm.o)
    0x08014c34   0x00000028   Code   RO         5794    i.rt_rmv_dly        RTX_CM4.lib(rt_list.o)
    0x08014c5c   0x00000030   Code   RO         5795    i.rt_rmv_list       RTX_CM4.lib(rt_list.o)
    0x08014c8c   0x00000034   Code   RO         5913    i.rt_sem_psh        RTX_CM4.lib(rt_semaphore.o)
    0x08014cc0   0x00000024   Code   RO         5661    i.rt_stk_check      RTX_CM4.lib(rt_system.o)
    0x08014ce4   0x00000028   Code   RO         4443    i.rt_switch_req     RTX_CM4.lib(rt_task.o)
    0x08014d0c   0x000000cc   Code   RO         4444    i.rt_sys_init       RTX_CM4.lib(rt_task.o)
    0x08014dd8   0x00000078   Code   RO         4445    i.rt_sys_start      RTX_CM4.lib(rt_task.o)
    0x08014e50   0x00000040   Code   RO         5663    i.rt_systick        RTX_CM4.lib(rt_system.o)
    0x08014e90   0x00000012   Code   RO         3867    i.rt_tid2ptcb       RTX_CM4.lib(rt_cmsis.o)
    0x08014ea2   0x00000002   PAD
    0x08014ea4   0x00000034   Code   RO         3868    i.rt_timer_insert   RTX_CM4.lib(rt_cmsis.o)
    0x08014ed8   0x0000003c   Code   RO         3869    i.rt_timer_remove   RTX_CM4.lib(rt_cmsis.o)
    0x08014f14   0x00000088   Code   RO         4446    i.rt_tsk_create     RTX_CM4.lib(rt_task.o)
    0x08014f9c   0x00000178   Code   RO         4447    i.rt_tsk_delete     RTX_CM4.lib(rt_task.o)
    0x08015114   0x0000007c   Code   RO         4449    i.rt_tsk_prio       RTX_CM4.lib(rt_task.o)
    0x08015190   0x00000010   Code   RO         4450    i.rt_tsk_self       RTX_CM4.lib(rt_task.o)
    0x080151a0   0x00000012   Code   RO         3870    i.svcDelay          RTX_CM4.lib(rt_cmsis.o)
    0x080151b2   0x00000002   PAD
    0x080151b4   0x00000070   Code   RO         3871    i.svcKernelInitialize  RTX_CM4.lib(rt_cmsis.o)
    0x08015224   0x00000048   Code   RO         3873    i.svcKernelStart    RTX_CM4.lib(rt_cmsis.o)
    0x0801526c   0x00000024   Code   RO         3876    i.svcMessageCreate  RTX_CM4.lib(rt_cmsis.o)
    0x08015290   0x0000003a   Code   RO         3877    i.svcMessageGet     RTX_CM4.lib(rt_cmsis.o)
    0x080152ca   0x0000001c   Code   RO         3879    i.svcMutexCreate    RTX_CM4.lib(rt_cmsis.o)
    0x080152e6   0x00000022   Code   RO         3881    i.svcMutexRelease   RTX_CM4.lib(rt_cmsis.o)
    0x08015308   0x00000036   Code   RO         3882    i.svcMutexWait      RTX_CM4.lib(rt_cmsis.o)
    0x0801533e   0x00000024   Code   RO         3888    i.svcSignalClear    RTX_CM4.lib(rt_cmsis.o)
    0x08015362   0x00000024   Code   RO         3889    i.svcSignalSet      RTX_CM4.lib(rt_cmsis.o)
    0x08015386   0x00000002   PAD
    0x08015388   0x00000054   Code   RO         3890    i.svcSignalWait     RTX_CM4.lib(rt_cmsis.o)
    0x080153dc   0x00000070   Code   RO         3891    i.svcThreadCreate   RTX_CM4.lib(rt_cmsis.o)
    0x0801544c   0x0000001c   Code   RO         3892    i.svcThreadGetId    RTX_CM4.lib(rt_cmsis.o)
    0x08015468   0x00000038   Code   RO         3895    i.svcThreadTerminate  RTX_CM4.lib(rt_cmsis.o)
    0x080154a0   0x00000018   Code   RO         3897    i.svcTimerCall      RTX_CM4.lib(rt_cmsis.o)
    0x080154b8   0x00000038   Code   RO         3898    i.svcTimerCreate    RTX_CM4.lib(rt_cmsis.o)
    0x080154f0   0x00000064   Code   RO         3900    i.svcTimerStart     RTX_CM4.lib(rt_cmsis.o)
    0x08015554   0x0000005c   Code   RO         3906    i.sysTimerTick      RTX_CM4.lib(rt_cmsis.o)
    0x080155b0   0x0000000a   Code   RO         8024    x$fpl$fpinit        fz_wm.l(fpinit.o)
    0x080155ba   0x00000002   PAD
    0x080155bc   0x00000008   Data   RO          878    .constdata          led_746g_discovery.o
    0x080155c4   0x00000056   Data   RO          969    .constdata          rtx_conf_cm.o
    0x0801561a   0x00000010   Data   RO         2669    .constdata          stm32f7xx_hal_rcc.o
    0x0801562a   0x00000002   PAD
    0x0801562c   0x0000000c   Data   RO         3425    .constdata          gui_x_rte.o
    0x08015638   0x00000008   Data   RO         3575    .constdata          lcdconf.o
    0x08015640   0x00000018   Data   RO         4596    .constdata          GUI_CM4F_L.lib(guicc_1616i.o)
    0x08015658   0x00000018   Data   RO         4611    .constdata          GUI_CM4F_L.lib(guicc_8666.o)
    0x08015670   0x00000018   Data   RO         4627    .constdata          GUI_CM4F_L.lib(guicc_88666i.o)
    0x08015688   0x00000018   Data   RO         4645    .constdata          GUI_CM4F_L.lib(guicc_m1555i.o)
    0x080156a0   0x00000018   Data   RO         4665    .constdata          GUI_CM4F_L.lib(guicc_m4444i.o)
    0x080156b8   0x00000018   Data   RO         4684    .constdata          GUI_CM4F_L.lib(guicc_m8888i.o)
    0x080156d0   0x00000008   Data   RO         4841    .constdata          GUI_CM4F_L.lib(gui_core.o)
    0x080156d8   0x00000014   Data   RO         4912    .constdata          GUI_CM4F_L.lib(gui_cursorcrossm.o)
    0x080156ec   0x0000000c   Data   RO         4913    .constdata          GUI_CM4F_L.lib(gui_cursorcrossm.o)
    0x080156f8   0x00000008   Data   RO         4930    .constdata          GUI_CM4F_L.lib(gui_device.o)
    0x08015700   0x00000018   Data   RO         5083    .constdata          GUI_CM4F_L.lib(guicc_m565.o)
    0x08015718   0x00000018   Data   RO         5102    .constdata          GUI_CM4F_L.lib(guicc_m888.o)
    0x08015730   0x0000000c   Data   RO         5133    .constdata          GUI_CM4F_L.lib(lcd.o)
    0x0801573c   0x00000518   Data   RO         5320    .constdata          GUI_CM4F_L.lib(f6x8.o)
    0x08015c54   0x000001c0   Data   RO         5321    .constdata          GUI_CM4F_L.lib(f6x8.o)
    0x08015e14   0x00000008   Data   RO         5322    .constdata          GUI_CM4F_L.lib(f6x8.o)
    0x08015e1c   0x00000014   Data   RO         5323    .constdata          GUI_CM4F_L.lib(f6x8.o)
    0x08015e30   0x00000024   Data   RO         5324    .constdata          GUI_CM4F_L.lib(f6x8.o)
    0x08015e54   0x00000010   Data   RO         5332    .constdata          GUI_CM4F_L.lib(f16_1.o)
    0x08015e64   0x00000010   Data   RO         5333    .constdata          GUI_CM4F_L.lib(f16_1.o)
    0x08015e74   0x00000010   Data   RO         5334    .constdata          GUI_CM4F_L.lib(f16_1.o)
    0x08015e84   0x00000010   Data   RO         5335    .constdata          GUI_CM4F_L.lib(f16_1.o)
    0x08015e94   0x00000010   Data   RO         5336    .constdata          GUI_CM4F_L.lib(f16_1.o)
    0x08015ea4   0x00000010   Data   RO         5337    .constdata          GUI_CM4F_L.lib(f16_1.o)
    0x08015eb4   0x00000010   Data   RO         5338    .constdata          GUI_CM4F_L.lib(f16_1.o)
    0x08015ec4   0x00000010   Data   RO         5339    .constdata          GUI_CM4F_L.lib(f16_1.o)
    0x08015ed4   0x00000010   Data   RO         5340    .constdata          GUI_CM4F_L.lib(f16_1.o)
    0x08015ee4   0x00000020   Data   RO         5341    .constdata          GUI_CM4F_L.lib(f16_1.o)
    0x08015f04   0x00000010   Data   RO         5342    .constdata          GUI_CM4F_L.lib(f16_1.o)
    0x08015f14   0x00000010   Data   RO         5343    .constdata          GUI_CM4F_L.lib(f16_1.o)
    0x08015f24   0x00000010   Data   RO         5344    .constdata          GUI_CM4F_L.lib(f16_1.o)
    0x08015f34   0x00000010   Data   RO         5345    .constdata          GUI_CM4F_L.lib(f16_1.o)
    0x08015f44   0x00000020   Data   RO         5346    .constdata          GUI_CM4F_L.lib(f16_1.o)
    0x08015f64   0x00000010   Data   RO         5347    .constdata          GUI_CM4F_L.lib(f16_1.o)
    0x08015f74   0x00000010   Data   RO         5348    .constdata          GUI_CM4F_L.lib(f16_1.o)
    0x08015f84   0x00000010   Data   RO         5349    .constdata          GUI_CM4F_L.lib(f16_1.o)
    0x08015f94   0x00000010   Data   RO         5350    .constdata          GUI_CM4F_L.lib(f16_1.o)
    0x08015fa4   0x00000010   Data   RO         5351    .constdata          GUI_CM4F_L.lib(f16_1.o)
    0x08015fb4   0x00000010   Data   RO         5352    .constdata          GUI_CM4F_L.lib(f16_1.o)
    0x08015fc4   0x00000010   Data   RO         5353    .constdata          GUI_CM4F_L.lib(f16_1.o)
    0x08015fd4   0x00000010   Data   RO         5354    .constdata          GUI_CM4F_L.lib(f16_1.o)
    0x08015fe4   0x00000010   Data   RO         5355    .constdata          GUI_CM4F_L.lib(f16_1.o)
    0x08015ff4   0x00000010   Data   RO         5356    .constdata          GUI_CM4F_L.lib(f16_1.o)
    0x08016004   0x00000010   Data   RO         5357    .constdata          GUI_CM4F_L.lib(f16_1.o)
    0x08016014   0x00000010   Data   RO         5358    .constdata          GUI_CM4F_L.lib(f16_1.o)
    0x08016024   0x00000010   Data   RO         5359    .constdata          GUI_CM4F_L.lib(f16_1.o)
    0x08016034   0x00000020   Data   RO         5360    .constdata          GUI_CM4F_L.lib(f16_1.o)
    0x08016054   0x00000020   Data   RO         5361    .constdata          GUI_CM4F_L.lib(f16_1.o)
    0x08016074   0x00000020   Data   RO         5362    .constdata          GUI_CM4F_L.lib(f16_1.o)
    0x08016094   0x00000010   Data   RO         5363    .constdata          GUI_CM4F_L.lib(f16_1.o)
    0x080160a4   0x00000020   Data   RO         5364    .constdata          GUI_CM4F_L.lib(f16_1.o)
    0x080160c4   0x00000020   Data   RO         5365    .constdata          GUI_CM4F_L.lib(f16_1.o)
    0x080160e4   0x00000020   Data   RO         5366    .constdata          GUI_CM4F_L.lib(f16_1.o)
    0x08016104   0x00000020   Data   RO         5367    .constdata          GUI_CM4F_L.lib(f16_1.o)
    0x08016124   0x00000020   Data   RO         5368    .constdata          GUI_CM4F_L.lib(f16_1.o)
    0x08016144   0x00000020   Data   RO         5369    .constdata          GUI_CM4F_L.lib(f16_1.o)
    0x08016164   0x00000020   Data   RO         5370    .constdata          GUI_CM4F_L.lib(f16_1.o)
    0x08016184   0x00000020   Data   RO         5371    .constdata          GUI_CM4F_L.lib(f16_1.o)
    0x080161a4   0x00000020   Data   RO         5372    .constdata          GUI_CM4F_L.lib(f16_1.o)
    0x080161c4   0x00000020   Data   RO         5373    .constdata          GUI_CM4F_L.lib(f16_1.o)
    0x080161e4   0x00000020   Data   RO         5374    .constdata          GUI_CM4F_L.lib(f16_1.o)
    0x08016204   0x00000020   Data   RO         5375    .constdata          GUI_CM4F_L.lib(f16_1.o)
    0x08016224   0x00000010   Data   RO         5376    .constdata          GUI_CM4F_L.lib(f16_1.o)
    0x08016234   0x00000010   Data   RO         5377    .constdata          GUI_CM4F_L.lib(f16_1.o)
    0x08016244   0x00000010   Data   RO         5378    .constdata          GUI_CM4F_L.lib(f16_1.o)
    0x08016254   0x00000010   Data   RO         5379    .constdata          GUI_CM4F_L.lib(f16_1.o)
    0x08016264   0x00000020   Data   RO         5380    .constdata          GUI_CM4F_L.lib(f16_1.o)
    0x08016284   0x00000020   Data   RO         5381    .constdata          GUI_CM4F_L.lib(f16_1.o)
    0x080162a4   0x00000020   Data   RO         5382    .constdata          GUI_CM4F_L.lib(f16_1.o)
    0x080162c4   0x00000020   Data   RO         5383    .constdata          GUI_CM4F_L.lib(f16_1.o)
    0x080162e4   0x00000020   Data   RO         5384    .constdata          GUI_CM4F_L.lib(f16_1.o)
    0x08016304   0x00000020   Data   RO         5385    .constdata          GUI_CM4F_L.lib(f16_1.o)
    0x08016324   0x00000020   Data   RO         5386    .constdata          GUI_CM4F_L.lib(f16_1.o)
    0x08016344   0x00000010   Data   RO         5387    .constdata          GUI_CM4F_L.lib(f16_1.o)
    0x08016354   0x00000020   Data   RO         5388    .constdata          GUI_CM4F_L.lib(f16_1.o)
    0x08016374   0x00000020   Data   RO         5389    .constdata          GUI_CM4F_L.lib(f16_1.o)
    0x08016394   0x00000020   Data   RO         5390    .constdata          GUI_CM4F_L.lib(f16_1.o)
    0x080163b4   0x00000020   Data   RO         5391    .constdata          GUI_CM4F_L.lib(f16_1.o)
    0x080163d4   0x00000020   Data   RO         5392    .constdata          GUI_CM4F_L.lib(f16_1.o)
    0x080163f4   0x00000020   Data   RO         5393    .constdata          GUI_CM4F_L.lib(f16_1.o)
    0x08016414   0x00000020   Data   RO         5394    .constdata          GUI_CM4F_L.lib(f16_1.o)
    0x08016434   0x00000020   Data   RO         5395    .constdata          GUI_CM4F_L.lib(f16_1.o)
    0x08016454   0x00000010   Data   RO         5396    .constdata          GUI_CM4F_L.lib(f16_1.o)
    0x08016464   0x00000010   Data   RO         5397    .constdata          GUI_CM4F_L.lib(f16_1.o)
    0x08016474   0x00000010   Data   RO         5398    .constdata          GUI_CM4F_L.lib(f16_1.o)
    0x08016484   0x00000010   Data   RO         5399    .constdata          GUI_CM4F_L.lib(f16_1.o)
    0x08016494   0x00000010   Data   RO         5400    .constdata          GUI_CM4F_L.lib(f16_1.o)
    0x080164a4   0x00000010   Data   RO         5401    .constdata          GUI_CM4F_L.lib(f16_1.o)
    0x080164b4   0x00000020   Data   RO         5402    .constdata          GUI_CM4F_L.lib(f16_1.o)
    0x080164d4   0x00000010   Data   RO         5403    .constdata          GUI_CM4F_L.lib(f16_1.o)
    0x080164e4   0x00000010   Data   RO         5404    .constdata          GUI_CM4F_L.lib(f16_1.o)
    0x080164f4   0x00000010   Data   RO         5405    .constdata          GUI_CM4F_L.lib(f16_1.o)
    0x08016504   0x00000010   Data   RO         5406    .constdata          GUI_CM4F_L.lib(f16_1.o)
    0x08016514   0x00000010   Data   RO         5407    .constdata          GUI_CM4F_L.lib(f16_1.o)
    0x08016524   0x00000010   Data   RO         5408    .constdata          GUI_CM4F_L.lib(f16_1.o)
    0x08016534   0x00000010   Data   RO         5409    .constdata          GUI_CM4F_L.lib(f16_1.o)
    0x08016544   0x00000010   Data   RO         5410    .constdata          GUI_CM4F_L.lib(f16_1.o)
    0x08016554   0x00000010   Data   RO         5411    .constdata          GUI_CM4F_L.lib(f16_1.o)
    0x08016564   0x00000010   Data   RO         5412    .constdata          GUI_CM4F_L.lib(f16_1.o)
    0x08016574   0x00000010   Data   RO         5413    .constdata          GUI_CM4F_L.lib(f16_1.o)
    0x08016584   0x00000010   Data   RO         5414    .constdata          GUI_CM4F_L.lib(f16_1.o)
    0x08016594   0x00000010   Data   RO         5415    .constdata          GUI_CM4F_L.lib(f16_1.o)
    0x080165a4   0x00000010   Data   RO         5416    .constdata          GUI_CM4F_L.lib(f16_1.o)
    0x080165b4   0x00000010   Data   RO         5417    .constdata          GUI_CM4F_L.lib(f16_1.o)
    0x080165c4   0x00000010   Data   RO         5418    .constdata          GUI_CM4F_L.lib(f16_1.o)
    0x080165d4   0x00000010   Data   RO         5419    .constdata          GUI_CM4F_L.lib(f16_1.o)
    0x080165e4   0x00000010   Data   RO         5420    .constdata          GUI_CM4F_L.lib(f16_1.o)
    0x080165f4   0x00000010   Data   RO         5421    .constdata          GUI_CM4F_L.lib(f16_1.o)
    0x08016604   0x00000010   Data   RO         5422    .constdata          GUI_CM4F_L.lib(f16_1.o)
    0x08016614   0x00000010   Data   RO         5423    .constdata          GUI_CM4F_L.lib(f16_1.o)
    0x08016624   0x00000010   Data   RO         5424    .constdata          GUI_CM4F_L.lib(f16_1.o)
    0x08016634   0x00000010   Data   RO         5425    .constdata          GUI_CM4F_L.lib(f16_1.o)
    0x08016644   0x00000010   Data   RO         5426    .constdata          GUI_CM4F_L.lib(f16_1.o)
    0x08016654   0x00000010   Data   RO         5427    .constdata          GUI_CM4F_L.lib(f16_1.o)
    0x08016664   0x00000300   Data   RO         5428    .constdata          GUI_CM4F_L.lib(f16_1.o)
    0x08016964   0x0000000c   Data   RO         5429    .constdata          GUI_CM4F_L.lib(f16_1.o)
    0x08016970   0x00000024   Data   RO         5430    .constdata          GUI_CM4F_L.lib(f16_1.o)
    0x08016994   0x00000020   Data   RO         5437    .constdata          GUI_CM4F_L.lib(f32_1.o)
    0x080169b4   0x00000020   Data   RO         5438    .constdata          GUI_CM4F_L.lib(f32_1.o)
    0x080169d4   0x00000040   Data   RO         5439    .constdata          GUI_CM4F_L.lib(f32_1.o)
    0x08016a14   0x00000040   Data   RO         5440    .constdata          GUI_CM4F_L.lib(f32_1.o)
    0x08016a54   0x00000040   Data   RO         5441    .constdata          GUI_CM4F_L.lib(f32_1.o)
    0x08016a94   0x00000040   Data   RO         5442    .constdata          GUI_CM4F_L.lib(f32_1.o)
    0x08016ad4   0x00000020   Data   RO         5443    .constdata          GUI_CM4F_L.lib(f32_1.o)
    0x08016af4   0x00000040   Data   RO         5444    .constdata          GUI_CM4F_L.lib(f32_1.o)
    0x08016b34   0x00000040   Data   RO         5445    .constdata          GUI_CM4F_L.lib(f32_1.o)
    0x08016b74   0x00000060   Data   RO         5446    .constdata          GUI_CM4F_L.lib(f32_1.o)
    0x08016bd4   0x00000040   Data   RO         5447    .constdata          GUI_CM4F_L.lib(f32_1.o)
    0x08016c14   0x00000040   Data   RO         5448    .constdata          GUI_CM4F_L.lib(f32_1.o)
    0x08016c54   0x00000040   Data   RO         5449    .constdata          GUI_CM4F_L.lib(f32_1.o)
    0x08016c94   0x00000040   Data   RO         5450    .constdata          GUI_CM4F_L.lib(f32_1.o)
    0x08016cd4   0x00000060   Data   RO         5451    .constdata          GUI_CM4F_L.lib(f32_1.o)
    0x08016d34   0x00000040   Data   RO         5452    .constdata          GUI_CM4F_L.lib(f32_1.o)
    0x08016d74   0x00000040   Data   RO         5453    .constdata          GUI_CM4F_L.lib(f32_1.o)
    0x08016db4   0x00000040   Data   RO         5454    .constdata          GUI_CM4F_L.lib(f32_1.o)
    0x08016df4   0x00000040   Data   RO         5455    .constdata          GUI_CM4F_L.lib(f32_1.o)
    0x08016e34   0x00000040   Data   RO         5456    .constdata          GUI_CM4F_L.lib(f32_1.o)
    0x08016e74   0x00000040   Data   RO         5457    .constdata          GUI_CM4F_L.lib(f32_1.o)
    0x08016eb4   0x00000040   Data   RO         5458    .constdata          GUI_CM4F_L.lib(f32_1.o)
    0x08016ef4   0x00000040   Data   RO         5459    .constdata          GUI_CM4F_L.lib(f32_1.o)
    0x08016f34   0x00000020   Data   RO         5460    .constdata          GUI_CM4F_L.lib(f32_1.o)
    0x08016f54   0x00000040   Data   RO         5461    .constdata          GUI_CM4F_L.lib(f32_1.o)
    0x08016f94   0x00000040   Data   RO         5462    .constdata          GUI_CM4F_L.lib(f32_1.o)
    0x08016fd4   0x00000040   Data   RO         5463    .constdata          GUI_CM4F_L.lib(f32_1.o)
    0x08017014   0x00000040   Data   RO         5464    .constdata          GUI_CM4F_L.lib(f32_1.o)
    0x08017054   0x00000060   Data   RO         5465    .constdata          GUI_CM4F_L.lib(f32_1.o)
    0x080170b4   0x00000060   Data   RO         5466    .constdata          GUI_CM4F_L.lib(f32_1.o)
    0x08017114   0x00000060   Data   RO         5467    .constdata          GUI_CM4F_L.lib(f32_1.o)
    0x08017174   0x00000060   Data   RO         5468    .constdata          GUI_CM4F_L.lib(f32_1.o)
    0x080171d4   0x00000060   Data   RO         5469    .constdata          GUI_CM4F_L.lib(f32_1.o)
    0x08017234   0x00000060   Data   RO         5470    .constdata          GUI_CM4F_L.lib(f32_1.o)
    0x08017294   0x00000060   Data   RO         5471    .constdata          GUI_CM4F_L.lib(f32_1.o)
    0x080172f4   0x00000060   Data   RO         5472    .constdata          GUI_CM4F_L.lib(f32_1.o)
    0x08017354   0x00000060   Data   RO         5473    .constdata          GUI_CM4F_L.lib(f32_1.o)
    0x080173b4   0x00000060   Data   RO         5474    .constdata          GUI_CM4F_L.lib(f32_1.o)
    0x08017414   0x00000080   Data   RO         5475    .constdata          GUI_CM4F_L.lib(f32_1.o)
    0x08017494   0x00000060   Data   RO         5476    .constdata          GUI_CM4F_L.lib(f32_1.o)
    0x080174f4   0x00000060   Data   RO         5477    .constdata          GUI_CM4F_L.lib(f32_1.o)
    0x08017554   0x00000060   Data   RO         5478    .constdata          GUI_CM4F_L.lib(f32_1.o)
    0x080175b4   0x00000060   Data   RO         5479    .constdata          GUI_CM4F_L.lib(f32_1.o)
    0x08017614   0x00000060   Data   RO         5480    .constdata          GUI_CM4F_L.lib(f32_1.o)
    0x08017674   0x00000020   Data   RO         5481    .constdata          GUI_CM4F_L.lib(f32_1.o)
    0x08017694   0x00000020   Data   RO         5482    .constdata          GUI_CM4F_L.lib(f32_1.o)
    0x080176b4   0x00000020   Data   RO         5483    .constdata          GUI_CM4F_L.lib(f32_1.o)
    0x080176d4   0x00000020   Data   RO         5484    .constdata          GUI_CM4F_L.lib(f32_1.o)
    0x080176f4   0x00000060   Data   RO         5485    .constdata          GUI_CM4F_L.lib(f32_1.o)
    0x08017754   0x00000060   Data   RO         5486    .constdata          GUI_CM4F_L.lib(f32_1.o)
    0x080177b4   0x00000060   Data   RO         5487    .constdata          GUI_CM4F_L.lib(f32_1.o)
    0x08017814   0x00000060   Data   RO         5488    .constdata          GUI_CM4F_L.lib(f32_1.o)
    0x08017874   0x00000060   Data   RO         5489    .constdata          GUI_CM4F_L.lib(f32_1.o)
    0x080178d4   0x00000060   Data   RO         5490    .constdata          GUI_CM4F_L.lib(f32_1.o)
    0x08017934   0x00000060   Data   RO         5491    .constdata          GUI_CM4F_L.lib(f32_1.o)
    0x08017994   0x00000040   Data   RO         5492    .constdata          GUI_CM4F_L.lib(f32_1.o)
    0x080179d4   0x00000060   Data   RO         5493    .constdata          GUI_CM4F_L.lib(f32_1.o)
    0x08017a34   0x00000060   Data   RO         5494    .constdata          GUI_CM4F_L.lib(f32_1.o)
    0x08017a94   0x00000060   Data   RO         5495    .constdata          GUI_CM4F_L.lib(f32_1.o)
    0x08017af4   0x00000060   Data   RO         5496    .constdata          GUI_CM4F_L.lib(f32_1.o)
    0x08017b54   0x00000060   Data   RO         5497    .constdata          GUI_CM4F_L.lib(f32_1.o)
    0x08017bb4   0x00000060   Data   RO         5498    .constdata          GUI_CM4F_L.lib(f32_1.o)
    0x08017c14   0x00000060   Data   RO         5499    .constdata          GUI_CM4F_L.lib(f32_1.o)
    0x08017c74   0x00000060   Data   RO         5500    .constdata          GUI_CM4F_L.lib(f32_1.o)
    0x08017cd4   0x00000040   Data   RO         5501    .constdata          GUI_CM4F_L.lib(f32_1.o)
    0x08017d14   0x00000040   Data   RO         5502    .constdata          GUI_CM4F_L.lib(f32_1.o)
    0x08017d54   0x00000040   Data   RO         5503    .constdata          GUI_CM4F_L.lib(f32_1.o)
    0x08017d94   0x00000040   Data   RO         5504    .constdata          GUI_CM4F_L.lib(f32_1.o)
    0x08017dd4   0x00000040   Data   RO         5505    .constdata          GUI_CM4F_L.lib(f32_1.o)
    0x08017e14   0x00000040   Data   RO         5506    .constdata          GUI_CM4F_L.lib(f32_1.o)
    0x08017e54   0x00000060   Data   RO         5507    .constdata          GUI_CM4F_L.lib(f32_1.o)
    0x08017eb4   0x00000040   Data   RO         5508    .constdata          GUI_CM4F_L.lib(f32_1.o)
    0x08017ef4   0x00000040   Data   RO         5509    .constdata          GUI_CM4F_L.lib(f32_1.o)
    0x08017f34   0x00000040   Data   RO         5510    .constdata          GUI_CM4F_L.lib(f32_1.o)
    0x08017f74   0x00000040   Data   RO         5511    .constdata          GUI_CM4F_L.lib(f32_1.o)
    0x08017fb4   0x00000040   Data   RO         5512    .constdata          GUI_CM4F_L.lib(f32_1.o)
    0x08017ff4   0x00000020   Data   RO         5513    .constdata          GUI_CM4F_L.lib(f32_1.o)
    0x08018014   0x00000020   Data   RO         5514    .constdata          GUI_CM4F_L.lib(f32_1.o)
    0x08018034   0x00000020   Data   RO         5515    .constdata          GUI_CM4F_L.lib(f32_1.o)
    0x08018054   0x00000020   Data   RO         5516    .constdata          GUI_CM4F_L.lib(f32_1.o)
    0x08018074   0x00000040   Data   RO         5517    .constdata          GUI_CM4F_L.lib(f32_1.o)
    0x080180b4   0x00000040   Data   RO         5518    .constdata          GUI_CM4F_L.lib(f32_1.o)
    0x080180f4   0x00000040   Data   RO         5519    .constdata          GUI_CM4F_L.lib(f32_1.o)
    0x08018134   0x00000040   Data   RO         5520    .constdata          GUI_CM4F_L.lib(f32_1.o)
    0x08018174   0x00000040   Data   RO         5521    .constdata          GUI_CM4F_L.lib(f32_1.o)
    0x080181b4   0x00000040   Data   RO         5522    .constdata          GUI_CM4F_L.lib(f32_1.o)
    0x080181f4   0x00000040   Data   RO         5523    .constdata          GUI_CM4F_L.lib(f32_1.o)
    0x08018234   0x00000040   Data   RO         5524    .constdata          GUI_CM4F_L.lib(f32_1.o)
    0x08018274   0x00000060   Data   RO         5525    .constdata          GUI_CM4F_L.lib(f32_1.o)
    0x080182d4   0x00000040   Data   RO         5526    .constdata          GUI_CM4F_L.lib(f32_1.o)
    0x08018314   0x00000040   Data   RO         5527    .constdata          GUI_CM4F_L.lib(f32_1.o)
    0x08018354   0x00000040   Data   RO         5528    .constdata          GUI_CM4F_L.lib(f32_1.o)
    0x08018394   0x00000040   Data   RO         5529    .constdata          GUI_CM4F_L.lib(f32_1.o)
    0x080183d4   0x00000040   Data   RO         5530    .constdata          GUI_CM4F_L.lib(f32_1.o)
    0x08018414   0x00000040   Data   RO         5531    .constdata          GUI_CM4F_L.lib(f32_1.o)
    0x08018454   0x00000040   Data   RO         5532    .constdata          GUI_CM4F_L.lib(f32_1.o)
    0x08018494   0x00000300   Data   RO         5533    .constdata          GUI_CM4F_L.lib(f32_1.o)
    0x08018794   0x0000000c   Data   RO         5534    .constdata          GUI_CM4F_L.lib(f32_1.o)
    0x080187a0   0x00000024   Data   RO         5535    .constdata          GUI_CM4F_L.lib(f32_1.o)
    0x080187c4   0x00000034   Data   RO         5577    .constdata          GUI_CM4F_L.lib(guidrv_lin_24.o)
    0x080187f8   0x00000018   Data   RO         6093    .constdata          GUI_CM4F_L.lib(guicc_16.o)
    0x08018810   0x00000010   Data   RO         6103    .constdata          GUI_CM4F_L.lib(gui__divtbl_15_255.o)
    0x08018820   0x00000100   Data   RO         6110    .constdata          GUI_CM4F_L.lib(gui__divtbl_255_15.o)
    0x08018920   0x00000100   Data   RO         6117    .constdata          GUI_CM4F_L.lib(gui__divtbl_255_31.o)
    0x08018a20   0x00000100   Data   RO         6124    .constdata          GUI_CM4F_L.lib(gui__divtbl_255_63.o)
    0x08018b20   0x00000020   Data   RO         6131    .constdata          GUI_CM4F_L.lib(gui__divtbl_31_255.o)
    0x08018b40   0x00000040   Data   RO         6138    .constdata          GUI_CM4F_L.lib(gui__divtbl_63_255.o)
    0x08018b80   0x00000014   Data   RO         6209    .constdata          GUI_CM4F_L.lib(gui_cursorarrowm.o)
    0x08018b94   0x0000000c   Data   RO         6210    .constdata          GUI_CM4F_L.lib(gui_cursorarrowm.o)
    0x08018ba0   0x0000007e   Data   RO         6217    .constdata          GUI_CM4F_L.lib(gui_cursorcrossmpx.o)
    0x08018c1e   0x00000002   PAD
    0x08018c20   0x0000000c   Data   RO         6224    .constdata          GUI_CM4F_L.lib(gui_cursorpal.o)
    0x08018c2c   0x0000000c   Data   RO         6225    .constdata          GUI_CM4F_L.lib(gui_cursorpal.o)
    0x08018c38   0x00000034   Data   RO         6344    .constdata          GUI_CM4F_L.lib(gui_sprite.o)
    0x08018c6c   0x00000010   Data   RO         6425    .constdata          GUI_CM4F_L.lib(gui_uc_encodenone.o)
    0x08018c7c   0x00000018   Data   RO         6442    .constdata          GUI_CM4F_L.lib(guicc_0.o)
    0x08018c94   0x00000018   Data   RO         6466    .constdata          GUI_CM4F_L.lib(guicc_8888.o)
    0x08018cac   0x00000100   Data   RO         6509    .constdata          GUI_CM4F_L.lib(lcd_mirror.o)
    0x08018dac   0x00000010   Data   RO         6540    .constdata          GUI_CM4F_L.lib(f16_ascii.o)
    0x08018dbc   0x00000010   Data   RO         6541    .constdata          GUI_CM4F_L.lib(f16_ascii.o)
    0x08018dcc   0x00000010   Data   RO         6542    .constdata          GUI_CM4F_L.lib(f16_ascii.o)
    0x08018ddc   0x00000010   Data   RO         6543    .constdata          GUI_CM4F_L.lib(f16_ascii.o)
    0x08018dec   0x00000010   Data   RO         6544    .constdata          GUI_CM4F_L.lib(f16_ascii.o)
    0x08018dfc   0x00000020   Data   RO         6545    .constdata          GUI_CM4F_L.lib(f16_ascii.o)
    0x08018e1c   0x00000020   Data   RO         6546    .constdata          GUI_CM4F_L.lib(f16_ascii.o)
    0x08018e3c   0x00000010   Data   RO         6547    .constdata          GUI_CM4F_L.lib(f16_ascii.o)
    0x08018e4c   0x00000010   Data   RO         6548    .constdata          GUI_CM4F_L.lib(f16_ascii.o)
    0x08018e5c   0x00000010   Data   RO         6549    .constdata          GUI_CM4F_L.lib(f16_ascii.o)
    0x08018e6c   0x00000010   Data   RO         6550    .constdata          GUI_CM4F_L.lib(f16_ascii.o)
    0x08018e7c   0x00000010   Data   RO         6551    .constdata          GUI_CM4F_L.lib(f16_ascii.o)
    0x08018e8c   0x00000010   Data   RO         6552    .constdata          GUI_CM4F_L.lib(f16_ascii.o)
    0x08018e9c   0x00000010   Data   RO         6553    .constdata          GUI_CM4F_L.lib(f16_ascii.o)
    0x08018eac   0x00000010   Data   RO         6554    .constdata          GUI_CM4F_L.lib(f16_ascii.o)
    0x08018ebc   0x00000010   Data   RO         6555    .constdata          GUI_CM4F_L.lib(f16_ascii.o)
    0x08018ecc   0x00000010   Data   RO         6556    .constdata          GUI_CM4F_L.lib(f16_ascii.o)
    0x08018edc   0x00000010   Data   RO         6557    .constdata          GUI_CM4F_L.lib(f16_ascii.o)
    0x08018eec   0x00000010   Data   RO         6558    .constdata          GUI_CM4F_L.lib(f16_ascii.o)
    0x08018efc   0x00000010   Data   RO         6559    .constdata          GUI_CM4F_L.lib(f16_ascii.o)
    0x08018f0c   0x00000010   Data   RO         6560    .constdata          GUI_CM4F_L.lib(f16_ascii.o)
    0x08018f1c   0x00000010   Data   RO         6561    .constdata          GUI_CM4F_L.lib(f16_ascii.o)
    0x08018f2c   0x00000010   Data   RO         6562    .constdata          GUI_CM4F_L.lib(f16_ascii.o)
    0x08018f3c   0x00000010   Data   RO         6563    .constdata          GUI_CM4F_L.lib(f16_ascii.o)
    0x08018f4c   0x00000010   Data   RO         6564    .constdata          GUI_CM4F_L.lib(f16_ascii.o)
    0x08018f5c   0x00000010   Data   RO         6565    .constdata          GUI_CM4F_L.lib(f16_ascii.o)
    0x08018f6c   0x00000010   Data   RO         6566    .constdata          GUI_CM4F_L.lib(f16_ascii.o)
    0x08018f7c   0x00000010   Data   RO         6567    .constdata          GUI_CM4F_L.lib(f16_ascii.o)
    0x08018f8c   0x00000010   Data   RO         6568    .constdata          GUI_CM4F_L.lib(f16_ascii.o)
    0x08018f9c   0x00000010   Data   RO         6569    .constdata          GUI_CM4F_L.lib(f16_ascii.o)
    0x08018fac   0x00000010   Data   RO         6570    .constdata          GUI_CM4F_L.lib(f16_ascii.o)
    0x08018fbc   0x00000010   Data   RO         6571    .constdata          GUI_CM4F_L.lib(f16_ascii.o)
    0x08018fcc   0x00000020   Data   RO         6572    .constdata          GUI_CM4F_L.lib(f16_ascii.o)
    0x08018fec   0x00000020   Data   RO         6573    .constdata          GUI_CM4F_L.lib(f16_ascii.o)
    0x0801900c   0x00000020   Data   RO         6574    .constdata          GUI_CM4F_L.lib(f16_ascii.o)
    0x0801902c   0x00000020   Data   RO         6575    .constdata          GUI_CM4F_L.lib(f16_ascii.o)
    0x0801904c   0x00000020   Data   RO         6576    .constdata          GUI_CM4F_L.lib(f16_ascii.o)
    0x0801906c   0x00000020   Data   RO         6577    .constdata          GUI_CM4F_L.lib(f16_ascii.o)
    0x0801908c   0x00000010   Data   RO         6578    .constdata          GUI_CM4F_L.lib(f16_ascii.o)
    0x0801909c   0x00000020   Data   RO         6579    .constdata          GUI_CM4F_L.lib(f16_ascii.o)
    0x080190bc   0x00000020   Data   RO         6580    .constdata          GUI_CM4F_L.lib(f16_ascii.o)
    0x080190dc   0x00000010   Data   RO         6581    .constdata          GUI_CM4F_L.lib(f16_ascii.o)
    0x080190ec   0x00000010   Data   RO         6582    .constdata          GUI_CM4F_L.lib(f16_ascii.o)
    0x080190fc   0x00000020   Data   RO         6583    .constdata          GUI_CM4F_L.lib(f16_ascii.o)
    0x0801911c   0x00000010   Data   RO         6584    .constdata          GUI_CM4F_L.lib(f16_ascii.o)
    0x0801912c   0x00000020   Data   RO         6585    .constdata          GUI_CM4F_L.lib(f16_ascii.o)
    0x0801914c   0x00000020   Data   RO         6586    .constdata          GUI_CM4F_L.lib(f16_ascii.o)
    0x0801916c   0x00000020   Data   RO         6587    .constdata          GUI_CM4F_L.lib(f16_ascii.o)
    0x0801918c   0x00000020   Data   RO         6588    .constdata          GUI_CM4F_L.lib(f16_ascii.o)
    0x080191ac   0x00000020   Data   RO         6589    .constdata          GUI_CM4F_L.lib(f16_ascii.o)
    0x080191cc   0x00000020   Data   RO         6590    .constdata          GUI_CM4F_L.lib(f16_ascii.o)
    0x080191ec   0x00000020   Data   RO         6591    .constdata          GUI_CM4F_L.lib(f16_ascii.o)
    0x0801920c   0x00000010   Data   RO         6592    .constdata          GUI_CM4F_L.lib(f16_ascii.o)
    0x0801921c   0x00000020   Data   RO         6593    .constdata          GUI_CM4F_L.lib(f16_ascii.o)
    0x0801923c   0x00000020   Data   RO         6594    .constdata          GUI_CM4F_L.lib(f16_ascii.o)
    0x0801925c   0x00000020   Data   RO         6595    .constdata          GUI_CM4F_L.lib(f16_ascii.o)
    0x0801927c   0x00000010   Data   RO         6596    .constdata          GUI_CM4F_L.lib(f16_ascii.o)
    0x0801928c   0x00000020   Data   RO         6597    .constdata          GUI_CM4F_L.lib(f16_ascii.o)
    0x080192ac   0x00000010   Data   RO         6598    .constdata          GUI_CM4F_L.lib(f16_ascii.o)
    0x080192bc   0x00000010   Data   RO         6599    .constdata          GUI_CM4F_L.lib(f16_ascii.o)
    0x080192cc   0x00000010   Data   RO         6600    .constdata          GUI_CM4F_L.lib(f16_ascii.o)
    0x080192dc   0x00000010   Data   RO         6601    .constdata          GUI_CM4F_L.lib(f16_ascii.o)
    0x080192ec   0x00000010   Data   RO         6602    .constdata          GUI_CM4F_L.lib(f16_ascii.o)
    0x080192fc   0x00000010   Data   RO         6603    .constdata          GUI_CM4F_L.lib(f16_ascii.o)
    0x0801930c   0x00000010   Data   RO         6604    .constdata          GUI_CM4F_L.lib(f16_ascii.o)
    0x0801931c   0x00000010   Data   RO         6605    .constdata          GUI_CM4F_L.lib(f16_ascii.o)
    0x0801932c   0x00000010   Data   RO         6606    .constdata          GUI_CM4F_L.lib(f16_ascii.o)
    0x0801933c   0x00000010   Data   RO         6607    .constdata          GUI_CM4F_L.lib(f16_ascii.o)
    0x0801934c   0x00000010   Data   RO         6608    .constdata          GUI_CM4F_L.lib(f16_ascii.o)
    0x0801935c   0x00000010   Data   RO         6609    .constdata          GUI_CM4F_L.lib(f16_ascii.o)
    0x0801936c   0x00000010   Data   RO         6610    .constdata          GUI_CM4F_L.lib(f16_ascii.o)
    0x0801937c   0x00000010   Data   RO         6611    .constdata          GUI_CM4F_L.lib(f16_ascii.o)
    0x0801938c   0x00000010   Data   RO         6612    .constdata          GUI_CM4F_L.lib(f16_ascii.o)
    0x0801939c   0x00000010   Data   RO         6613    .constdata          GUI_CM4F_L.lib(f16_ascii.o)
    0x080193ac   0x00000010   Data   RO         6614    .constdata          GUI_CM4F_L.lib(f16_ascii.o)
    0x080193bc   0x00000010   Data   RO         6615    .constdata          GUI_CM4F_L.lib(f16_ascii.o)
    0x080193cc   0x00000010   Data   RO         6616    .constdata          GUI_CM4F_L.lib(f16_ascii.o)
    0x080193dc   0x00000020   Data   RO         6617    .constdata          GUI_CM4F_L.lib(f16_ascii.o)
    0x080193fc   0x00000010   Data   RO         6618    .constdata          GUI_CM4F_L.lib(f16_ascii.o)
    0x0801940c   0x00000010   Data   RO         6619    .constdata          GUI_CM4F_L.lib(f16_ascii.o)
    0x0801941c   0x00000010   Data   RO         6620    .constdata          GUI_CM4F_L.lib(f16_ascii.o)
    0x0801942c   0x00000010   Data   RO         6621    .constdata          GUI_CM4F_L.lib(f16_ascii.o)
    0x0801943c   0x00000010   Data   RO         6622    .constdata          GUI_CM4F_L.lib(f16_ascii.o)
    0x0801944c   0x00000010   Data   RO         6623    .constdata          GUI_CM4F_L.lib(f16_ascii.o)
    0x0801945c   0x00000010   Data   RO         6624    .constdata          GUI_CM4F_L.lib(f16_ascii.o)
    0x0801946c   0x00000010   Data   RO         6625    .constdata          GUI_CM4F_L.lib(f16_ascii.o)
    0x0801947c   0x00000010   Data   RO         6626    .constdata          GUI_CM4F_L.lib(f16_ascii.o)
    0x0801948c   0x00000020   Data   RO         6627    .constdata          GUI_CM4F_L.lib(f16_ascii.o)
    0x080194ac   0x00000010   Data   RO         6628    .constdata          GUI_CM4F_L.lib(f16_ascii.o)
    0x080194bc   0x00000010   Data   RO         6629    .constdata          GUI_CM4F_L.lib(f16_ascii.o)
    0x080194cc   0x00000010   Data   RO         6630    .constdata          GUI_CM4F_L.lib(f16_ascii.o)
    0x080194dc   0x00000010   Data   RO         6631    .constdata          GUI_CM4F_L.lib(f16_ascii.o)
    0x080194ec   0x00000010   Data   RO         6632    .constdata          GUI_CM4F_L.lib(f16_ascii.o)
    0x080194fc   0x00000010   Data   RO         6633    .constdata          GUI_CM4F_L.lib(f16_ascii.o)
    0x0801950c   0x00000010   Data   RO         6634    .constdata          GUI_CM4F_L.lib(f16_ascii.o)
    0x0801951c   0x00000300   Data   RO         6635    .constdata          GUI_CM4F_L.lib(f16_ascii.o)
    0x0801981c   0x0000000c   Data   RO         6636    .constdata          GUI_CM4F_L.lib(f16_ascii.o)
    0x08019828   0x00000020   Data   RO         6644    .constdata          GUI_CM4F_L.lib(f32_ascii.o)
    0x08019848   0x00000020   Data   RO         6645    .constdata          GUI_CM4F_L.lib(f32_ascii.o)
    0x08019868   0x00000040   Data   RO         6646    .constdata          GUI_CM4F_L.lib(f32_ascii.o)
    0x080198a8   0x00000040   Data   RO         6647    .constdata          GUI_CM4F_L.lib(f32_ascii.o)
    0x080198e8   0x00000040   Data   RO         6648    .constdata          GUI_CM4F_L.lib(f32_ascii.o)
    0x08019928   0x00000060   Data   RO         6649    .constdata          GUI_CM4F_L.lib(f32_ascii.o)
    0x08019988   0x00000060   Data   RO         6650    .constdata          GUI_CM4F_L.lib(f32_ascii.o)
    0x080199e8   0x00000020   Data   RO         6651    .constdata          GUI_CM4F_L.lib(f32_ascii.o)
    0x08019a08   0x00000040   Data   RO         6652    .constdata          GUI_CM4F_L.lib(f32_ascii.o)
    0x08019a48   0x00000040   Data   RO         6653    .constdata          GUI_CM4F_L.lib(f32_ascii.o)
    0x08019a88   0x00000040   Data   RO         6654    .constdata          GUI_CM4F_L.lib(f32_ascii.o)
    0x08019ac8   0x00000040   Data   RO         6655    .constdata          GUI_CM4F_L.lib(f32_ascii.o)
    0x08019b08   0x00000020   Data   RO         6656    .constdata          GUI_CM4F_L.lib(f32_ascii.o)
    0x08019b28   0x00000040   Data   RO         6657    .constdata          GUI_CM4F_L.lib(f32_ascii.o)
    0x08019b68   0x00000020   Data   RO         6658    .constdata          GUI_CM4F_L.lib(f32_ascii.o)
    0x08019b88   0x00000020   Data   RO         6659    .constdata          GUI_CM4F_L.lib(f32_ascii.o)
    0x08019ba8   0x00000040   Data   RO         6660    .constdata          GUI_CM4F_L.lib(f32_ascii.o)
    0x08019be8   0x00000040   Data   RO         6661    .constdata          GUI_CM4F_L.lib(f32_ascii.o)
    0x08019c28   0x00000040   Data   RO         6662    .constdata          GUI_CM4F_L.lib(f32_ascii.o)
    0x08019c68   0x00000040   Data   RO         6663    .constdata          GUI_CM4F_L.lib(f32_ascii.o)
    0x08019ca8   0x00000040   Data   RO         6664    .constdata          GUI_CM4F_L.lib(f32_ascii.o)
    0x08019ce8   0x00000040   Data   RO         6665    .constdata          GUI_CM4F_L.lib(f32_ascii.o)
    0x08019d28   0x00000040   Data   RO         6666    .constdata          GUI_CM4F_L.lib(f32_ascii.o)
    0x08019d68   0x00000040   Data   RO         6667    .constdata          GUI_CM4F_L.lib(f32_ascii.o)
    0x08019da8   0x00000040   Data   RO         6668    .constdata          GUI_CM4F_L.lib(f32_ascii.o)
    0x08019de8   0x00000040   Data   RO         6669    .constdata          GUI_CM4F_L.lib(f32_ascii.o)
    0x08019e28   0x00000020   Data   RO         6670    .constdata          GUI_CM4F_L.lib(f32_ascii.o)
    0x08019e48   0x00000020   Data   RO         6671    .constdata          GUI_CM4F_L.lib(f32_ascii.o)
    0x08019e68   0x00000040   Data   RO         6672    .constdata          GUI_CM4F_L.lib(f32_ascii.o)
    0x08019ea8   0x00000040   Data   RO         6673    .constdata          GUI_CM4F_L.lib(f32_ascii.o)
    0x08019ee8   0x00000040   Data   RO         6674    .constdata          GUI_CM4F_L.lib(f32_ascii.o)
    0x08019f28   0x00000040   Data   RO         6675    .constdata          GUI_CM4F_L.lib(f32_ascii.o)
    0x08019f68   0x00000080   Data   RO         6676    .constdata          GUI_CM4F_L.lib(f32_ascii.o)
    0x08019fe8   0x00000060   Data   RO         6677    .constdata          GUI_CM4F_L.lib(f32_ascii.o)
    0x0801a048   0x00000060   Data   RO         6678    .constdata          GUI_CM4F_L.lib(f32_ascii.o)
    0x0801a0a8   0x00000060   Data   RO         6679    .constdata          GUI_CM4F_L.lib(f32_ascii.o)
    0x0801a108   0x00000060   Data   RO         6680    .constdata          GUI_CM4F_L.lib(f32_ascii.o)
    0x0801a168   0x00000060   Data   RO         6681    .constdata          GUI_CM4F_L.lib(f32_ascii.o)
    0x0801a1c8   0x00000060   Data   RO         6682    .constdata          GUI_CM4F_L.lib(f32_ascii.o)
    0x0801a228   0x00000060   Data   RO         6683    .constdata          GUI_CM4F_L.lib(f32_ascii.o)
    0x0801a288   0x00000060   Data   RO         6684    .constdata          GUI_CM4F_L.lib(f32_ascii.o)
    0x0801a2e8   0x00000020   Data   RO         6685    .constdata          GUI_CM4F_L.lib(f32_ascii.o)
    0x0801a308   0x00000040   Data   RO         6686    .constdata          GUI_CM4F_L.lib(f32_ascii.o)
    0x0801a348   0x00000060   Data   RO         6687    .constdata          GUI_CM4F_L.lib(f32_ascii.o)
    0x0801a3a8   0x00000040   Data   RO         6688    .constdata          GUI_CM4F_L.lib(f32_ascii.o)
    0x0801a3e8   0x00000060   Data   RO         6689    .constdata          GUI_CM4F_L.lib(f32_ascii.o)
    0x0801a448   0x00000060   Data   RO         6690    .constdata          GUI_CM4F_L.lib(f32_ascii.o)
    0x0801a4a8   0x00000060   Data   RO         6691    .constdata          GUI_CM4F_L.lib(f32_ascii.o)
    0x0801a508   0x00000060   Data   RO         6692    .constdata          GUI_CM4F_L.lib(f32_ascii.o)
    0x0801a568   0x00000060   Data   RO         6693    .constdata          GUI_CM4F_L.lib(f32_ascii.o)
    0x0801a5c8   0x00000060   Data   RO         6694    .constdata          GUI_CM4F_L.lib(f32_ascii.o)
    0x0801a628   0x00000060   Data   RO         6695    .constdata          GUI_CM4F_L.lib(f32_ascii.o)
    0x0801a688   0x00000040   Data   RO         6696    .constdata          GUI_CM4F_L.lib(f32_ascii.o)
    0x0801a6c8   0x00000060   Data   RO         6697    .constdata          GUI_CM4F_L.lib(f32_ascii.o)
    0x0801a728   0x00000060   Data   RO         6698    .constdata          GUI_CM4F_L.lib(f32_ascii.o)
    0x0801a788   0x00000080   Data   RO         6699    .constdata          GUI_CM4F_L.lib(f32_ascii.o)
    0x0801a808   0x00000060   Data   RO         6700    .constdata          GUI_CM4F_L.lib(f32_ascii.o)
    0x0801a868   0x00000060   Data   RO         6701    .constdata          GUI_CM4F_L.lib(f32_ascii.o)
    0x0801a8c8   0x00000060   Data   RO         6702    .constdata          GUI_CM4F_L.lib(f32_ascii.o)
    0x0801a928   0x00000020   Data   RO         6703    .constdata          GUI_CM4F_L.lib(f32_ascii.o)
    0x0801a948   0x00000020   Data   RO         6704    .constdata          GUI_CM4F_L.lib(f32_ascii.o)
    0x0801a968   0x00000020   Data   RO         6705    .constdata          GUI_CM4F_L.lib(f32_ascii.o)
    0x0801a988   0x00000040   Data   RO         6706    .constdata          GUI_CM4F_L.lib(f32_ascii.o)
    0x0801a9c8   0x00000040   Data   RO         6707    .constdata          GUI_CM4F_L.lib(f32_ascii.o)
    0x0801aa08   0x00000040   Data   RO         6708    .constdata          GUI_CM4F_L.lib(f32_ascii.o)
    0x0801aa48   0x00000040   Data   RO         6709    .constdata          GUI_CM4F_L.lib(f32_ascii.o)
    0x0801aa88   0x00000040   Data   RO         6710    .constdata          GUI_CM4F_L.lib(f32_ascii.o)
    0x0801aac8   0x00000040   Data   RO         6711    .constdata          GUI_CM4F_L.lib(f32_ascii.o)
    0x0801ab08   0x00000040   Data   RO         6712    .constdata          GUI_CM4F_L.lib(f32_ascii.o)
    0x0801ab48   0x00000040   Data   RO         6713    .constdata          GUI_CM4F_L.lib(f32_ascii.o)
    0x0801ab88   0x00000020   Data   RO         6714    .constdata          GUI_CM4F_L.lib(f32_ascii.o)
    0x0801aba8   0x00000040   Data   RO         6715    .constdata          GUI_CM4F_L.lib(f32_ascii.o)
    0x0801abe8   0x00000040   Data   RO         6716    .constdata          GUI_CM4F_L.lib(f32_ascii.o)
    0x0801ac28   0x00000020   Data   RO         6717    .constdata          GUI_CM4F_L.lib(f32_ascii.o)
    0x0801ac48   0x00000020   Data   RO         6718    .constdata          GUI_CM4F_L.lib(f32_ascii.o)
    0x0801ac68   0x00000040   Data   RO         6719    .constdata          GUI_CM4F_L.lib(f32_ascii.o)
    0x0801aca8   0x00000020   Data   RO         6720    .constdata          GUI_CM4F_L.lib(f32_ascii.o)
    0x0801acc8   0x00000060   Data   RO         6721    .constdata          GUI_CM4F_L.lib(f32_ascii.o)
    0x0801ad28   0x00000040   Data   RO         6722    .constdata          GUI_CM4F_L.lib(f32_ascii.o)
    0x0801ad68   0x00000040   Data   RO         6723    .constdata          GUI_CM4F_L.lib(f32_ascii.o)
    0x0801ada8   0x00000040   Data   RO         6724    .constdata          GUI_CM4F_L.lib(f32_ascii.o)
    0x0801ade8   0x00000040   Data   RO         6725    .constdata          GUI_CM4F_L.lib(f32_ascii.o)
    0x0801ae28   0x00000040   Data   RO         6726    .constdata          GUI_CM4F_L.lib(f32_ascii.o)
    0x0801ae68   0x00000040   Data   RO         6727    .constdata          GUI_CM4F_L.lib(f32_ascii.o)
    0x0801aea8   0x00000020   Data   RO         6728    .constdata          GUI_CM4F_L.lib(f32_ascii.o)
    0x0801aec8   0x00000040   Data   RO         6729    .constdata          GUI_CM4F_L.lib(f32_ascii.o)
    0x0801af08   0x00000040   Data   RO         6730    .constdata          GUI_CM4F_L.lib(f32_ascii.o)
    0x0801af48   0x00000060   Data   RO         6731    .constdata          GUI_CM4F_L.lib(f32_ascii.o)
    0x0801afa8   0x00000040   Data   RO         6732    .constdata          GUI_CM4F_L.lib(f32_ascii.o)
    0x0801afe8   0x00000040   Data   RO         6733    .constdata          GUI_CM4F_L.lib(f32_ascii.o)
    0x0801b028   0x00000040   Data   RO         6734    .constdata          GUI_CM4F_L.lib(f32_ascii.o)
    0x0801b068   0x00000040   Data   RO         6735    .constdata          GUI_CM4F_L.lib(f32_ascii.o)
    0x0801b0a8   0x00000020   Data   RO         6736    .constdata          GUI_CM4F_L.lib(f32_ascii.o)
    0x0801b0c8   0x00000040   Data   RO         6737    .constdata          GUI_CM4F_L.lib(f32_ascii.o)
    0x0801b108   0x00000040   Data   RO         6738    .constdata          GUI_CM4F_L.lib(f32_ascii.o)
    0x0801b148   0x000002f8   Data   RO         6739    .constdata          GUI_CM4F_L.lib(f32_ascii.o)
    0x0801b440   0x0000000c   Data   RO         6740    .constdata          GUI_CM4F_L.lib(f32_ascii.o)
    0x0801b44c   0x00000074   Data   RO         6765    .constdata          GUI_CM4F_L.lib(guidev_32.o)
    0x0801b4c0   0x00000018   Data   RO         6807    .constdata          GUI_CM4F_L.lib(guidev_usagebm.o)
    0x0801b4d8   0x00000008   Data   RO         6825    .constdata          GUI_CM4F_L.lib(guidev_writetoactiveopaque.o)
    0x0801b4e0   0x0000003c   Data   RO         7019    .constdata          GUI_CM4F_L.lib(gui_cursorarrowmpx.o)
    0x0801b51c   0x00000062   Data   RO         1209    .conststring        stm32f7xx_hal_adc.o
    0x0801b57e   0x00000002   PAD
    0x0801b580   0x00000065   Data   RO         1478    .conststring        stm32f7xx_hal_cortex.o
    0x0801b5e5   0x00000003   PAD
    0x0801b5e8   0x00000062   Data   RO         1599    .conststring        stm32f7xx_hal_dma.o
    0x0801b64a   0x00000002   PAD
    0x0801b64c   0x00000063   Data   RO         1861    .conststring        stm32f7xx_hal_gpio.o
    0x0801b6af   0x00000001   PAD
    0x0801b6b0   0x00000062   Data   RO         1973    .conststring        stm32f7xx_hal_i2c.o
    0x0801b712   0x00000002   PAD
    0x0801b714   0x00000063   Data   RO         2294    .conststring        stm32f7xx_hal_ltdc.o
    0x0801b777   0x00000001   PAD
    0x0801b778   0x00000062   Data   RO         2670    .conststring        stm32f7xx_hal_rcc.o
    0x0801b7da   0x00000002   PAD
    0x0801b7dc   0x00000065   Data   RO         2764    .conststring        stm32f7xx_hal_rcc_ex.o
    0x0801b841   0x00000003   PAD
    0x0801b844   0x00000061   Data   RO         3239    .conststring        stm32f7xx_ll_fmc.o
    0x0801b8a5   0x00000003   PAD
    0x0801b8a8   0x00000020   Data   RO         8058    Region$$Table       anon$$obj.o


    Execution Region RW_IRAM1 (Base: 0x20010000, Size: 0x00006620, Max: 0x00040000, ABSOLUTE, COMPRESSED[0x00000080])

    Base Addr    Size         Type   Attr      Idx    E Section Name        Object

    0x20010000   0x0000000a   Data   RW           15    .data               main.o
    0x2001000a   0x00000002   PAD
    0x2001000c   0x0000002e   Data   RW          310    .data               ft5336.o
    0x2001003a   0x00000002   Data   RW          636    .data               stm32746g_discovery_sdram.o
    0x2001003c   0x0000000a   Data   RW          720    .data               stm32746g_discovery_ts.o
    0x20010046   0x00000002   PAD
    0x20010048   0x00000024   Data   RW          970    .data               rtx_conf_cm.o
    0x2001006c   0x00000004   Data   RW         3378    .data               system_stm32f7xx.o
    0x20010070   0x00000010   Data   RW         3426    .data               gui_x_rte.o
    0x20010080   0x0000002c   Data   RW         3576    .data               lcdconf.o
    0x200100ac   0x00000008   Data   RW         3909    .data               RTX_CM4.lib(rt_cmsis.o)
    0x200100b4   0x00000008   Data   RW         4452    .data               RTX_CM4.lib(rt_task.o)
    0x200100bc   0x00000004   Data   RW         4528    .data               RTX_CM4.lib(rt_time.o)
    0x200100c0   0x00000008   Data   RW         4646    .data               GUI_CM4F_L.lib(guicc_m1555i.o)
    0x200100c8   0x00000008   Data   RW         4666    .data               GUI_CM4F_L.lib(guicc_m4444i.o)
    0x200100d0   0x00000008   Data   RW         4685    .data               GUI_CM4F_L.lib(guicc_m8888i.o)
    0x200100d8   0x00000028   Data   RW         4707    .data               GUI_CM4F_L.lib(gui__alpha.o)
    0x20010100   0x00000008   Data   RW         4762    .data               GUI_CM4F_L.lib(gui_alloc.o)
    0x20010108   0x0000002c   Data   RW         4842    .data               GUI_CM4F_L.lib(gui_core.o)
    0x20010134   0x00000004   Data   RW         4847    .data               GUI_CM4F_L.lib(gui_core.o)
    0x20010138   0x00000004   Data   RW         4848    .data               GUI_CM4F_L.lib(gui_core.o)
    0x2001013c   0x00000002   Data   RW         4850    .data               GUI_CM4F_L.lib(gui_core.o)
    0x2001013e   0x00000002   PAD
    0x20010140   0x00000004   Data   RW         4852    .data               GUI_CM4F_L.lib(gui_core.o)
    0x20010144   0x00000002   Data   RW         4853    .data               GUI_CM4F_L.lib(gui_core.o)
    0x20010146   0x00000002   Data   RW         4854    .data               GUI_CM4F_L.lib(gui_core.o)
    0x20010148   0x0000000c   Data   RW         4889    .data               GUI_CM4F_L.lib(gui_curs1.o)
    0x20010154   0x00000024   Data   RW         4994    .data               GUI_CM4F_L.lib(gui_multibuf.o)
    0x20010178   0x00000008   Data   RW         5035    .data               GUI_CM4F_L.lib(gui_selectlayer.o)
    0x20010180   0x00000008   Data   RW         5084    .data               GUI_CM4F_L.lib(guicc_m565.o)
    0x20010188   0x00000008   Data   RW         5103    .data               GUI_CM4F_L.lib(guicc_m888.o)
    0x20010190   0x00000004   Data   RW         5134    .data               GUI_CM4F_L.lib(lcd.o)
    0x20010194   0x00000010   Data   RW         5166    .data               GUI_CM4F_L.lib(lcd_color.o)
    0x200101a4   0x00000008   Data   RW         5666    .data               RTX_CM4.lib(rt_system.o)
    0x200101ac   0x00000008   Data   RW         5954    .data               RTX_CM4.lib(rt_robin.o)
    0x200101b4   0x00000001   Data   RW         6034    .data               RTX_CM4.lib(hal_cm.o)
    0x200101b5   0x00000003   PAD
    0x200101b8   0x0000001c   Data   RW         6404    .data               GUI_CM4F_L.lib(gui_task.o)
    0x200101d4   0x00000064   Data   RW         6894    .data               GUI_CM4F_L.lib(wm.o)
    0x20010238   0x00000014   Data   RW         7000    .data               GUI_CM4F_L.lib(gui__managecache.o)
    0x2001024c   0x00000010   Data   RW         7085    .data               GUI_CM4F_L.lib(gui_onkey.o)
    0x2001025c   0x0000000c   Data   RW         7136    .data               GUI_CM4F_L.lib(gui_waitevent.o)
    0x20010268   0x00000004   Data   RW         7247    .data               GUI_CM4F_L.lib(wm__sendmessage.o)
    0x2001026c   0x00000004   Data   RW         7381    .data               GUI_CM4F_L.lib(gui_charline.o)
    0x20010270   0x00000894   Zero   RW           14    .bss                main.o
    0x20010b04   0x00000078   Zero   RW          434    .bss                stm32746g_discovery.o
    0x20010b7c   0x00000100   Zero   RW          635    .bss                stm32746g_discovery_sdram.o
    0x20010c7c   0x00000028   Zero   RW          719    .bss                stm32746g_discovery_ts.o
    0x20010ca4   0x00000004   PAD
    0x20010ca8   0x00004188   Zero   RW          968    .bss                rtx_conf_cm.o
    0x20014e30   0x00000028   Zero   RW         3424    .bss                gui_x_rte.o
    0x20014e58   0x000004e8   Zero   RW         3574    .bss                lcdconf.o
    0x20015340   0x00000034   Zero   RW         4451    .bss                RTX_CM4.lib(rt_task.o)
    0x20015374   0x000000cc   Zero   RW         4761    .bss                GUI_CM4F_L.lib(gui_alloc.o)
    0x20015440   0x00000070   Zero   RW         4840    .bss                GUI_CM4F_L.lib(gui_core.o)
    0x200154b0   0x00000028   Zero   RW         4888    .bss                GUI_CM4F_L.lib(gui_curs1.o)
    0x200154d8   0x00000030   Zero   RW         5796    .bss                RTX_CM4.lib(rt_list.o)
    0x20015508   0x00000018   Zero   RW         6892    .bss                GUI_CM4F_L.lib(wm.o)
    0x20015520   0x00000058   Zero   RW         7084    .bss                GUI_CM4F_L.lib(gui_onkey.o)
    0x20015578   0x00000048   Zero   RW         7342    .bss                GUI_CM4F_L.lib(wm_touch.o)
    0x200155c0   0x00000060   Zero   RW         7877    .bss                c_w.l(libspace.o)
    0x20015620   0x00000800   Zero   RW         3366    HEAP                startup_stm32f746xx.o
    0x20015e20   0x00000800   Zero   RW         3365    STACK               startup_stm32f746xx.o



  Load Region LR$$.ARM.__AT_0x20000000 (Base: 0x20000000, Size: 0x00000000, Max: 0x00005a00, ABSOLUTE)

    Execution Region ER$$.ARM.__AT_0x20000000 (Base: 0x20000000, Size: 0x00005a00, Max: 0x00005a00, ABSOLUTE, UNINIT)

    Base Addr    Size         Type   Attr      Idx    E Section Name        Object

    0x20000000   0x00005a00   Zero   RW         3572    .ARM.__AT_0x20000000  lcdconf.o



  Load Region LR$$.ARM.__AT_0xC0000000 (Base: 0xc0000000, Size: 0x00000000, Max: 0x0005fa00, ABSOLUTE)

    Execution Region ER$$.ARM.__AT_0xC0000000 (Base: 0xc0000000, Size: 0x0005fa00, Max: 0x0005fa00, ABSOLUTE, UNINIT)

    Base Addr    Size         Type   Attr      Idx    E Section Name        Object

    0xc0000000   0x0005fa00   Zero   RW         3573    .ARM.__AT_0xC0000000  lcdconf.o



  Load Region LR$$.ARM.__AT_0xC0200000 (Base: 0xc0200000, Size: 0x00000000, Max: 0x00200000, ABSOLUTE)

    Execution Region ER$$.ARM.__AT_0xC0200000 (Base: 0xc0200000, Size: 0x00200000, Max: 0x00200000, ABSOLUTE, UNINIT)

    Base Addr    Size         Type   Attr      Idx    E Section Name        Object

    0xc0200000   0x00200000   Zero   RW         3510    .ARM.__AT_0xC0200000  guiconf.o



  Load Region LR$$.ARM.__AT_0xC0400000 (Base: 0xc0400000, Size: 0x00000000, Max: 0x00001000, ABSOLUTE)

    Execution Region ER$$.ARM.__AT_0xC0400000 (Base: 0xc0400000, Size: 0x00001000, Max: 0x00001000, ABSOLUTE, UNINIT)

    Base Addr    Size         Type   Attr      Idx    E Section Name        Object

    0xc0400000   0x00001000   Zero   RW           13    .ARM.__AT_0xC0400000  main.o


==============================================================================

Image component sizes


      Code (inc. data)   RO Data    RW Data    ZI Data      Debug   Object Name

       406         44          0          0          0      10702   adc config.o
       900         52          0         46          0      17675   ft5336.o
       130         30         12         16         40       5078   gui_x_rte.o
        28          8          0          0    2097152        563   guiconf.o
       368         42          0          0          0       2618   lcd_x.o
      3876        522          8         44     415976      39451   lcdconf.o
        64          8          8          0          0       2167   led_746g_discovery.o
      1682        232          0         10       6292     579358   main.o
       126         26         86         36      16776       9439   rtx_conf_cm.o
        64         26        456          0       4096        896   startup_stm32f746xx.o
       676         48          0          0        120       8252   stm32746g_discovery.o
       748         66          0          2        256       4638   stm32746g_discovery_sdram.o
       768         62          0         10         40       5794   stm32746g_discovery_ts.o
       104          6          0          0          0       3184   stm32f7xx_hal.o
      2300         88         98          0          0       9340   stm32f7xx_hal_adc.o
         2          0          0          0          0       1101   stm32f7xx_hal_adc_ex.o
       940         44        101          0          0      37666   stm32f7xx_hal_cortex.o
     14726        170         98          0          0      12760   stm32f7xx_hal_dma.o
      1276         98         99          0          0       3056   stm32f7xx_hal_gpio.o
      2330         96         98          0          0      12796   stm32f7xx_hal_i2c.o
      3082         74         99          0          0      13961   stm32f7xx_hal_ltdc.o
       144          8          0          0          0       1372   stm32f7xx_hal_pwr_ex.o
      2900         60        114          0          0       5333   stm32f7xx_hal_rcc.o
      3248         34        101          0          0       2916   stm32f7xx_hal_rcc_ex.o
       164          0          0          0          0       3472   stm32f7xx_hal_sdram.o
      1092         36         97          0          0       4120   stm32f7xx_ll_fmc.o
       100         18          0          4          0       1401   system_stm32f7xx.o
        88          0          0          0          0       2076   touch_746g_discovery.o

    ----------------------------------------------------------------------
     42360       1898       1528        172    2540752     801185   Object Totals
         0          0         32          0          0          0   (incl. Generated)
        28          0         21          4          4          0   (incl. Padding)

    ----------------------------------------------------------------------

      Code (inc. data)   RO Data    RW Data    ZI Data      Debug   Library Member Name

         0          0       2880          0          0          0   f16_1.o
         0          0       2684          0          0          0   f16_ascii.o
         0          0       7728          0          0          0   f32_1.o
         0          0       7204          0          0          0   f32_ascii.o
         0          0       1816          0          0          0   f6x8.o
       898         56          0         40          0       1148   gui__alpha.o
       664          0          0          0          0        384   gui__compactpixelindices.o
         0          0         16          0          0          0   gui__divtbl_15_255.o
         0          0        256          0          0          0   gui__divtbl_255_15.o
         0          0        256          0          0          0   gui__divtbl_255_31.o
         0          0        256          0          0          0   gui__divtbl_255_63.o
         0          0         32          0          0          0   gui__divtbl_31_255.o
         0          0         64          0          0          0   gui__divtbl_63_255.o
       322          0          0          0          0        156   gui__expandpixelindices.o
        58          0          0          0          0        116   gui__intersectrect.o
        82          0          0          0          0        128   gui__intersectrects.o
       216          8          0         20          0        252   gui__managecache.o
        76          0          0          0          0        124   gui__memset.o
      1814        102          0          8        204       2760   gui_alloc.o
        46          0          0          0          0        128   gui_alloc_alloczero.o
        60          0          0          0          0        124   gui_calccolordist.o
       164         20          0          0          0        500   gui_char.o
       458         36          0          4          0        760   gui_charline.o
       394         12          0          0          0        492   gui_charm.o
       316         10          0          0          0        624   gui_charp.o
       596         20          0          0          0        696   gui_circ.o
       440         66          8         62        112       1120   gui_core.o
       564         66          0         12         40       1252   gui_curs1.o
         0          0         32          0          0          0   gui_cursorarrowm.o
         0          0         60          0          0          0   gui_cursorarrowmpx.o
         0          0         32          0          0          0   gui_cursorcrossm.o
         0          0        126          0          0          0   gui_cursorcrossmpx.o
         0          0         24          0          0          0   gui_cursorpal.o
       434         34          8          0          0       1108   gui_device.o
       264          4          0          0          0        136   gui_dispstring.o
        40          6          0          0          0        136   gui_dispstringat.o
        52          4          0          0          0        140   gui_dispstringhcenter.o
       244         14          0          0          0        280   gui_drawbitmap.o
       248          8          0          0          0        280   gui_drawgraph.o
        88          6          0          0          0        132   gui_drawhline.o
       160          0          0          0          0        248   gui_getbitmappixelindex.o
        48          0          0          0          0        248   gui_getcolor.o
        24          4          0          0          0        124   gui_getdrawmode.o
        66         12          0          0          0        360   gui_goto.o
        88          0          0          0          0        124   gui_mergerect.o
        30          0          0          0          0        116   gui_moverect.o
        44          6          0         36          0        116   gui_multibuf.o
        16          4          0         16         88        116   gui_onkey.o
        28          4          0          0          0        128   gui_pen.o
        56          0          0          0          0        116   gui_rectsintersect.o
       234         14          0          8          0        892   gui_selectlayer.o
        26          0          0          0          0        128   gui_selectlcd.o
        44          0          0          0          0        256   gui_setcolor.o
        24          0          0          0          0        124   gui_setdrawmode.o
        32          6          0          0          0        128   gui_setfont.o
        64         16          0          0          0        136   gui_setorg.o
        32          6          0          0          0        128   gui_settextalign.o
        32          6          0          0          0        128   gui_settextmode.o
      6618         94         52          0          0       4436   gui_sprite.o
       364         42          0         28          0        768   gui_task.o
        84         10          0          0          0        264   gui_uc.o
        18          0         16          0          0        464   gui_uc_encodenone.o
        16          4          0         12          0        116   gui_waitevent.o
       198          0         24          0          0        388   guicc_0.o
       172          0         24          0          0        376   guicc_16.o
       228         36         24          0          0        636   guicc_1616i.o
       190          0         24          0          0        356   guicc_8666.o
       194         18         24          0          0        636   guicc_88666i.o
        36          0         24          0          0        480   guicc_8888.o
         2          0          0          0          0        116   guicc_8888_index2color.o
         2          0          0          0          0        116   guicc_888_index2color.o
       290         32         24          8          0        768   guicc_m1555i.o
       312         22         24          8          0        768   guicc_m4444i.o
       258         46         24          8          0        652   guicc_m565.o
       142         16         24          8          0        636   guicc_m888.o
       184         12         24          8          0        644   guicc_m8888i.o
        30          0          0          0          0        124   guicc_m8888i_index2color.o
        20          0          0          0          0        116   guicc_m888_index2color.o
       770         40          0          0          0       1060   guidev.o
      2368         62        116          0          0       2256   guidev_32.o
        68          4          0          0          0        124   guidev_clear.o
        40          0          0          0          0        128   guidev_getdataptr.o
        84          0          0          0          0        260   guidev_usage.o
       424          4         24          0          0        748   guidev_usagebm.o
       400         14          0          0          0        144   guidev_writetoactivealpha.o
      1854         18          8          0          0        732   guidev_writetoactiveopaque.o
      5166        178         52          0          0       4516   guidrv_lin_24.o
      1730        118         12          4          0       2300   lcd.o
       276         30          0         16          0        748   lcd_color.o
        32         12          0          0          0        232   lcd_getcolorindex.o
       382         30          0          0          0       2252   lcd_getex.o
        26          0          0          0          0        128   lcd_getnumdisplays.o
         0          0        256          0          0          0   lcd_mirror.o
       504         18          0          0          0        280   lcd_readrect.o
        64          8          0          0          0        128   lcd_selectlcd.o
       384          0          0          0          0       1176   lcd_set.o
        48         10          0          0          0        128   lcd_setcliprectex.o
        36          4          0          0          0        128   lcd_updatecolorindices.o
      3024        136          0        100         24       4224   wm.o
        18          0          0          0          0        124   wm__getfirstsibling.o
        36          0          0          0          0        128   wm__getprevsibling.o
        60          6          0          4          0        136   wm__sendmessage.o
       136          0          0          0          0        140   wm_bringtobottom.o
        16          6          0          0          0        116   wm_criticalhandle.o
        32          0          0          0          0        128   wm_getclientrect.o
        24         10          0          0          0        116   wm_getdesktopwindow.o
        26          0          0          0          0        124   wm_getfirstchild.o
        26          0          0          0          0        124   wm_getparent.o
        38          0          0          0          0        140   wm_sendtoparent.o
         0          0          0          0         72          0   wm_touch.o
       268         24          0          1          0       4372   hal_cm.o
       408         34          0          0          0        804   hal_cm4.o
      1952        218          0          8          0      47899   rt_cmsis.o
       300         24          0          0          0       3331   rt_event.o
       530         34          0          0         48       8525   rt_list.o
       550         10          0          0          0       4125   rt_mailbox.o
       140          0          0          0          0       2009   rt_membox.o
       128          0          0          0          0       2383   rt_memory.o
       336         12          0          0          0       2169   rt_mutex.o
        96         22          0          8          0       1206   rt_robin.o
        52          4          0          0          0        605   rt_semaphore.o
       298         52          0          8          0       6379   rt_system.o
      1212        174          0          8         52       9933   rt_task.o
         6          0          0          4          0        668   rt_time.o
         4          4          0          0          0        188   svc_table.o
        90          0          0          0          0          0   __dczerorl2.o
         8          0          0          0          0         68   __main.o
         0          0          0          0          0          0   __rtentry.o
        20          0          0          0          0          0   __rtentry2.o
         6          0          0          0          0          0   __rtentry4.o
        52          8          0          0          0          0   __scatter.o
        28          0          0          0          0          0   __scatter_zi.o
        16          0          0          0          0         68   aeabi_memset.o
        18          0          0          0          0         80   exit.o
         6          0          0          0          0        152   heapauxi.o
         0          0          0          0          0          0   indicate_semi.o
         2          0          0          0          0          0   libinit.o
         6          0          0          0          0          0   libinit2.o
         2          0          0          0          0          0   libshutdown.o
         2          0          0          0          0          0   libshutdown2.o
         8          4          0          0         96         68   libspace.o
       238          0          0          0          0        100   lludivv7m.o
        68          0          0          0          0         68   rt_memclr.o
        78          0          0          0          0         80   rt_memclr_w.o
       138          0          0          0          0         68   rt_memcpy_v6.o
       100          0          0          0          0         80   rt_memcpy_w.o
       132          0          0          0          0         68   rt_memmove_v6.o
       122          0          0          0          0         80   rt_memmove_w.o
         2          0          0          0          0          0   rtexit.o
        10          0          0          0          0          0   rtexit2.o
        12          4          0          0          0         68   sys_exit.o
        74          0          0          0          0         80   sys_stackheap_outer.o
         2          0          0          0          0         68   use_no_semi.o
        10          0          0          0          0        116   fpinit.o

    ----------------------------------------------------------------------
     44668       2218      24284        452        736     148328   Library Totals
       102          0          2          5          0          0   (incl. Padding)

    ----------------------------------------------------------------------

      Code (inc. data)   RO Data    RW Data    ZI Data      Debug   Library Name

     37036       1590      24282        410        540      52420   GUI_CM4F_L.lib
      6280        612          0         37        100      94596   RTX_CM4.lib
      1240         16          0          0         96       1196   c_w.l
        10          0          0          0          0        116   fz_wm.l

    ----------------------------------------------------------------------
     44668       2218      24284        452        736     148328   Library Totals

    ----------------------------------------------------------------------

==============================================================================


      Code (inc. data)   RO Data    RW Data    ZI Data      Debug   

     87028       4116      25812        624    2541488     880041   Grand Totals
     87028       4116      25812        128    2541488     880041   ELF Image Totals (compressed)
     87028       4116      25812        128          0          0   ROM Totals

==============================================================================

    Total RO  Size (Code + RO Data)               112840 ( 110.20kB)
    Total RW  Size (RW Data + ZI Data)           2542112 (2482.53kB)
    Total ROM Size (Code + RO Data + RW Data)     112968 ( 110.32kB)

==============================================================================

